<html>
<body>
<pre>
<h1>µVision Build Log</h1>
<h2>Tool Versions:</h2>
IDE-Version: ¦ÌVision V5.14.0.0
Copyright (C) 2015 ARM Ltd and ARM Germany GmbH. All rights reserved.
License Information: 1 1, 1, LIC=JDALQ-NCHWP-SE0H0-BEHNK-FJ8CJ-MA66L
 
Tool Versions:
Toolchain:       MDK-ARM Professional  Version: 5.14.0.0
Toolchain Path:  F:\Keil_v5\ARM\ARMCC\Bin
C Compiler:      Armcc.exe V5.05 update 1 (build 106)
Assembler:       Armasm.exe V5.05 update 1 (build 106)
Linker/Locator:  ArmLink.exe V5.05 update 1 (build 106)
Library Manager: ArmAr.exe V5.05 update 1 (build 106)
Hex Converter:   FromElf.exe V5.05 update 1 (build 106)
CPU DLL:         SARMCM3.DLL V5.14.0.0
Dialog DLL:      DCM.DLL V1.13.1.0
Target DLL:      CMSIS_AGDI.dll V1.21.0.0
Dialog DLL:      TCM.DLL V1.14.4.0
 
<h2>Project:</h2>
D:\1111111\Á·±ø\ZBAR¶þÎ¬Âë\ZBar_STM32F4\Project\MDK\ZBar.uvprojx
Project File Date:  08/05/2019

<h2>Output:</h2>
Build target 'ZBar'
linking...
Program Size: Code=47394 RO-data=130806 RW-data=96 ZI-data=8585120  
After Build - User command #1: fromelf.exe --bin --output "..\..\Output\ZBar.bin" "..\..\Output\ZBar.axf"
"..\..\Output\ZBar.axf" - 0 Error(s), 0 Warning(s).

<h2>Collection of Component include folders:</h2>
  D:\1111111\Á·±ø\ZBAR¶þÎ¬Âë\ZBar_STM32F4\Project\MDK\RTE
  F:\Keil_v5\ARM\PACK\Keil\STM32F4xx_DFP\2.9.0

<h2>Collection of Component Files used:</h2>
</pre>
</body>
</html>
