Component: ARM Compiler 5.05 update 1 (build 106) Tool: armlink [4d0efa]

==============================================================================

Section Cross References

    startup_stm32f429_439xx.o(RESET) refers to startup_stm32f429_439xx.o(.text) for Reset_Handler
    startup_stm32f429_439xx.o(RESET) refers to stm32f4xx_it.o(i.NMI_Handler) for NMI_Handler
    startup_stm32f429_439xx.o(RESET) refers to stm32f4xx_it.o(i.HardFault_Handler) for HardFault_Handler
    startup_stm32f429_439xx.o(RESET) refers to stm32f4xx_it.o(i.MemManage_Handler) for MemManage_Handler
    startup_stm32f429_439xx.o(RESET) refers to stm32f4xx_it.o(i.BusFault_Handler) for BusFault_Handler
    startup_stm32f429_439xx.o(RESET) refers to stm32f4xx_it.o(i.UsageFault_Handler) for UsageFault_Handler
    startup_stm32f429_439xx.o(RESET) refers to stm32f4xx_it.o(i.SVC_Handler) for SVC_Handler
    startup_stm32f429_439xx.o(RESET) refers to stm32f4xx_it.o(i.DebugMon_Handler) for DebugMon_Handler
    startup_stm32f429_439xx.o(RESET) refers to stm32f4xx_it.o(i.PendSV_Handler) for PendSV_Handler
    startup_stm32f429_439xx.o(RESET) refers to stm32f4xx_it.o(i.SysTick_Handler) for SysTick_Handler
    startup_stm32f429_439xx.o(RESET) refers to stm32f4xx_it.o(i.DMA2_Stream1_IRQHandler) for DMA2_Stream1_IRQHandler
    startup_stm32f429_439xx.o(RESET) refers to stm32f4xx_it.o(i.DCMI_IRQHandler) for DCMI_IRQHandler
    startup_stm32f429_439xx.o(.text) refers to system_stm32f4xx.o(i.SystemInit) for SystemInit
    startup_stm32f429_439xx.o(.text) refers to sdram.o(i.SDRAM_Init) for SDRAM_Init
    startup_stm32f429_439xx.o(.text) refers to __main.o(!!!main) for __main
    system_stm32f4xx.o(i.SystemCoreClockUpdate) refers to system_stm32f4xx.o(.data) for .data
    system_stm32f4xx.o(i.SystemInit) refers to system_stm32f4xx.o(i.SetSysClock) for SetSysClock
    stm32f4xx_rcc.o(i.RCC_GetClocksFreq) refers to stm32f4xx_rcc.o(.data) for .data
    stm32f4xx_rcc.o(i.RCC_WaitForHSEStartUp) refers to stm32f4xx_rcc.o(i.RCC_GetFlagStatus) for RCC_GetFlagStatus
    stm32f4xx_gpio.o(i.GPIO_DeInit) refers to stm32f4xx_rcc.o(i.RCC_AHB1PeriphResetCmd) for RCC_AHB1PeriphResetCmd
    stm32f4xx_fmc.o(i.FMC_NORSRAMStructInit) refers to stm32f4xx_fmc.o(.constdata) for .constdata
    stm32f4xx_usart.o(i.USART_DeInit) refers to stm32f4xx_rcc.o(i.RCC_APB2PeriphResetCmd) for RCC_APB2PeriphResetCmd
    stm32f4xx_usart.o(i.USART_DeInit) refers to stm32f4xx_rcc.o(i.RCC_APB1PeriphResetCmd) for RCC_APB1PeriphResetCmd
    stm32f4xx_usart.o(i.USART_Init) refers to stm32f4xx_rcc.o(i.RCC_GetClocksFreq) for RCC_GetClocksFreq
    main.o(i.Zbar_Test) refers to _printf_percent.o(.ARM.Collect$$_printf_percent$$00000000) for _printf_percent
    main.o(i.Zbar_Test) refers to _printf_d.o(.ARM.Collect$$_printf_percent$$00000009) for _printf_d
    main.o(i.Zbar_Test) refers to _printf_dec.o(.text) for _printf_int_dec
    main.o(i.Zbar_Test) refers to _printf_s.o(.ARM.Collect$$_printf_percent$$00000014) for _printf_s
    main.o(i.Zbar_Test) refers to _printf_str.o(.text) for _printf_str
    main.o(i.Zbar_Test) refers to _printf_x.o(.ARM.Collect$$_printf_percent$$0000000C) for _printf_x
    main.o(i.Zbar_Test) refers to _printf_hex_int_ptr.o(.text) for _printf_longlong_hex
    main.o(i.Zbar_Test) refers to img_scanner.o(i.zbar_image_scanner_create) for zbar_image_scanner_create
    main.o(i.Zbar_Test) refers to img_scanner.o(i.zbar_image_scanner_set_config) for zbar_image_scanner_set_config
    main.o(i.Zbar_Test) refers to image.o(i.zbar_image_create) for zbar_image_create
    main.o(i.Zbar_Test) refers to image.o(i.zbar_image_set_format) for zbar_image_set_format
    main.o(i.Zbar_Test) refers to image.o(i.zbar_image_set_size) for zbar_image_set_size
    main.o(i.Zbar_Test) refers to image.o(i.zbar_image_set_data) for zbar_image_set_data
    main.o(i.Zbar_Test) refers to img_scanner.o(i.zbar_scan_image) for zbar_scan_image
    main.o(i.Zbar_Test) refers to __2printf.o(.text) for __2printf
    main.o(i.Zbar_Test) refers to image.o(i.zbar_image_first_symbol) for zbar_image_first_symbol
    main.o(i.Zbar_Test) refers to symbol.o(i.zbar_symbol_get_type) for zbar_symbol_get_type
    main.o(i.Zbar_Test) refers to symbol.o(i.zbar_symbol_get_data) for zbar_symbol_get_data
    main.o(i.Zbar_Test) refers to symbol.o(i.zbar_get_symbol_name) for zbar_get_symbol_name
    main.o(i.Zbar_Test) refers to strlen.o(.text) for strlen
    main.o(i.Zbar_Test) refers to symbol.o(i.zbar_symbol_next) for zbar_symbol_next
    main.o(i.Zbar_Test) refers to image.o(i.zbar_image_destroy) for zbar_image_destroy
    main.o(i.Zbar_Test) refers to img_scanner.o(i.zbar_image_scanner_destroy) for zbar_image_scanner_destroy
    main.o(i.Zbar_Test) refers to image.o(i.zbar_image_free_data) for zbar_image_free_data
    main.o(i.main) refers to _printf_percent.o(.ARM.Collect$$_printf_percent$$00000000) for _printf_percent
    main.o(i.main) refers to _printf_s.o(.ARM.Collect$$_printf_percent$$00000014) for _printf_s
[...]
    .data                                    0x20000010   Section       56  error.o(.data)
    err_str                                  0x20000014   Data          52  error.o(.data)
    .data                                    0x20000048   Section        4  stdio_streams.o(.data)
    .data                                    0x2000004c   Section        4  stdio_streams.o(.data)
    .data                                    0x20000050   Section        4  stdio_streams.o(.data)
    .bss                                     0x20000054   Section       84  stdio_streams.o(.bss)
    .bss                                     0x200000a8   Section       84  stdio_streams.o(.bss)
    .bss                                     0x200000fc   Section       84  stdio_streams.o(.bss)
    .bss                                     0x20000150   Section       96  libspace.o(.bss)
    .data                                    0xd0000000   Section       12  main.o(.data)

    Global Symbols

    Symbol Name                              Value     Ov Type        Size  Object(Section)

    BuildAttributes$$THM_ISAv4$E$P$D$K$B$S$7EM$VFPi3$EXTD16$VFPS$VFMA$PE$A:L22UL41UL21$X:L11$S22US41US21$IEEE1$IW$USESV6$~STKCKD$USESV7$~SHL$OTIME$ROPI$EBA8$UX$STANDARDLIB$REQ8$PRES8$EABIv2 0x00000000   Number         0  anon$$obj.o ABSOLUTE
    __ARM_use_no_argv                        0x00000000   Number         0  main.o ABSOLUTE
    _printf_flags                            0x00000000   Number         0  printf_stubs.o ABSOLUTE
    _printf_return_value                     0x00000000   Number         0  printf_stubs.o ABSOLUTE
    _printf_sizespec                         0x00000000   Number         0  printf_stubs.o ABSOLUTE
    _printf_widthprec                        0x00000000   Number         0  printf_stubs.o ABSOLUTE
    Image$$ZI$$Limit                          - Undefined Weak Reference
    __ARM_exceptions_init                     - Undefined Weak Reference
    __alloca_initialize                       - Undefined Weak Reference
    __arm_preinit_                            - Undefined Weak Reference
    __cpp_initialize__aeabi_                  - Undefined Weak Reference
    __cxa_finalize                            - Undefined Weak Reference
    __sigvec_lookup                           - Undefined Weak Reference
    __user_heap_extent                        - Undefined Weak Reference
    _atexit_init                              - Undefined Weak Reference
    _call_atexit_fns                          - Undefined Weak Reference
    _clock_init                               - Undefined Weak Reference
    _fp_trap_init                             - Undefined Weak Reference
    _fp_trap_shutdown                         - Undefined Weak Reference
    _get_lc_collate                           - Undefined Weak Reference
    _get_lc_monetary                          - Undefined Weak Reference
    _get_lc_numeric                           - Undefined Weak Reference
    _get_lc_time                              - Undefined Weak Reference
    _getenv_init                              - Undefined Weak Reference
    _mutex_acquire                            - Undefined Weak Reference
    _mutex_free                               - Undefined Weak Reference
    _mutex_release                            - Undefined Weak Reference
    _printf_mbtowc                            - Undefined Weak Reference
    _printf_wc                                - Undefined Weak Reference
    _rand_init                                - Undefined Weak Reference
    _signal_finish                            - Undefined Weak Reference
    _signal_init                              - Undefined Weak Reference
    __Vectors_Size                           0x000001ac   Number         0  startup_stm32f429_439xx.o ABSOLUTE
    __Vectors                                0x08000000   Data           4  startup_stm32f429_439xx.o(RESET)
    __Vectors_End                            0x080001ac   Data           0  startup_stm32f429_439xx.o(RESET)
    __main                                   0x080001ad   Thumb Code     8  __main.o(!!!main)
    __scatterload                            0x080001b5   Thumb Code     0  __scatter.o(!!!scatter)
    __scatterload_rt2                        0x080001b5   Thumb Code    44  __scatter.o(!!!scatter)
    __scatterload_rt2_thumb_only             0x080001b5   Thumb Code     0  __scatter.o(!!!scatter)
    __scatterload_null                       0x080001c3   Thumb Code     0  __scatter.o(!!!scatter)
    __scatterload_copy                       0x080001e9   Thumb Code    26  __scatter_copy.o(!!handler_copy)
    __scatterload_zeroinit                   0x08000205   Thumb Code    28  __scatter_zi.o(!!handler_zi)
    _printf_p                                0x08000221   Thumb Code     0  _printf_p.o(.ARM.Collect$$_printf_percent$$00000002)
    _printf_percent                          0x08000221   Thumb Code     0  _printf_percent.o(.ARM.Collect$$_printf_percent$$00000000)
    _printf_d                                0x08000227   Thumb Code     0  _printf_d.o(.ARM.Collect$$_printf_percent$$00000009)
    _printf_x                                0x0800022d   Thumb Code     0  _printf_x.o(.ARM.Collect$$_printf_percent$$0000000C)
    _printf_s                                0x08000233   Thumb Code     0  _printf_s.o(.ARM.Collect$$_printf_percent$$00000014)
    _printf_percent_end                      0x08000239   Thumb Code     0  _printf_percent_end.o(.ARM.Collect$$_printf_percent$$00000017)
    __rt_lib_init                            0x0800023d   Thumb Code     0  libinit.o(.ARM.Collect$$libinit$$00000000)
    __rt_lib_init_fp_1                       0x0800023f   Thumb Code     0  libinit2.o(.ARM.Collect$$libinit$$00000001)
    __rt_lib_init_heap_2                     0x08000243   Thumb Code     0  libinit5.o(.ARM.Collect$$libinit$$00000008)
    __rt_lib_init_preinit_1                  0x08000243   Thumb Code     0  libinit2.o(.ARM.Collect$$libinit$$00000004)
    __rt_lib_init_atexit_1                   0x0800024b   Thumb Code     0  libinit2.o(.ARM.Collect$$libinit$$0000001B)
    __rt_lib_init_clock_1                    0x0800024b   Thumb Code     0  libinit2.o(.ARM.Collect$$libinit$$00000021)
    __rt_lib_init_fp_trap_1                  0x0800024b   Thumb Code     0  libinit2.o(.ARM.Collect$$libinit$$0000001F)
    __rt_lib_init_getenv_1                   0x0800024b   Thumb Code     0  libinit2.o(.ARM.Collect$$libinit$$00000023)
    __rt_lib_init_heap_1                     0x0800024b   Thumb Code     0  libinit2.o(.ARM.Collect$$libinit$$0000000A)
    __rt_lib_init_lc_collate_1               0x0800024b   Thumb Code     0  libinit2.o(.ARM.Collect$$libinit$$00000011)
    __rt_lib_init_lc_ctype_1                 0x0800024b   Thumb Code     0  libinit2.o(.ARM.Collect$$libinit$$00000013)
    __rt_lib_init_lc_monetary_1              0x0800024b   Thumb Code     0  libinit2.o(.ARM.Collect$$libinit$$00000015)
    __rt_lib_init_lc_numeric_1               0x0800024b   Thumb Code     0  libinit2.o(.ARM.Collect$$libinit$$00000017)
    __rt_lib_init_lc_time_1                  0x0800024b   Thumb Code     0  libinit2.o(.ARM.Collect$$libinit$$00000019)
    __rt_lib_init_rand_1                     0x0800024b   Thumb Code     0  libinit2.o(.ARM.Collect$$libinit$$0000000E)
    __rt_lib_init_signal_1                   0x0800024b   Thumb Code     0  libinit2.o(.ARM.Collect$$libinit$$0000001D)
    __rt_lib_init_stdio_2                    0x0800024b   Thumb Code     0  libinit2.o(.ARM.Collect$$libinit$$00000024)
    __rt_lib_init_user_alloc_1               0x0800024b   Thumb Code     0  libinit2.o(.ARM.Collect$$libinit$$0000000C)
    __rt_lib_init_argv_1                     0x0800024f   Thumb Code     0  libinit2.o(.ARM.Collect$$libinit$$00000026)
    __rt_lib_init_stdio_1                    0x0800024f   Thumb Code     0  libinit2.o(.ARM.Collect$$libinit$$00000025)
    __rt_lib_init_alloca_1                   0x08000257   Thumb Code     0  libinit2.o(.ARM.Collect$$libinit$$0000002E)
    __rt_lib_init_cpp_1                      0x08000257   Thumb Code     0  libinit2.o(.ARM.Collect$$libinit$$00000032)
    __rt_lib_init_exceptions_1               0x08000257   Thumb Code     0  libinit2.o(.ARM.Collect$$libinit$$00000030)
    __rt_lib_init_return                     0x08000257   Thumb Code     0  libinit2.o(.ARM.Collect$$libinit$$00000033)
    __rt_lib_shutdown                        0x08000261   Thumb Code     0  libshutdown.o(.ARM.Collect$$libshutdown$$00000000)
    __rt_lib_shutdown_stdio_2                0x08000263   Thumb Code     0  libshutdown2.o(.ARM.Collect$$libshutdown$$00000002)
    __rt_lib_shutdown_fp_trap_1              0x08000267   Thumb Code     0  libshutdown2.o(.ARM.Collect$$libshutdown$$00000006)
    __rt_lib_shutdown_heap_1                 0x08000267   Thumb Code     0  libshutdown2.o(.ARM.Collect$$libshutdown$$0000000E)
    __rt_lib_shutdown_return                 0x08000267   Thumb Code     0  libshutdown2.o(.ARM.Collect$$libshutdown$$0000000F)
    __rt_lib_shutdown_signal_1               0x08000267   Thumb Code     0  libshutdown2.o(.ARM.Collect$$libshutdown$$00000009)
    __rt_lib_shutdown_stdio_1                0x08000267   Thumb Code     0  libshutdown2.o(.ARM.Collect$$libshutdown$$00000003)
    __rt_lib_shutdown_user_alloc_1           0x08000267   Thumb Code     0  libshutdown2.o(.ARM.Collect$$libshutdown$$0000000B)
    __rt_entry                               0x08000269   Thumb Code     0  __rtentry.o(.ARM.Collect$$rtentry$$00000000)
    __rt_entry_presh_1                       0x08000269   Thumb Code     0  __rtentry2.o(.ARM.Collect$$rtentry$$00000002)
    __rt_entry_sh                            0x08000269   Thumb Code     0  __rtentry7.o(.ARM.Collect$$rtentry$$00000007)
    __rt_entry_li                            0x0800026d   Thumb Code     0  __rtentry2.o(.ARM.Collect$$rtentry$$0000000A)
    __rt_entry_postsh_1                      0x0800026d   Thumb Code     0  __rtentry2.o(.ARM.Collect$$rtentry$$00000009)
    __rt_entry_main                          0x08000271   Thumb Code     0  __rtentry2.o(.ARM.Collect$$rtentry$$0000000D)
    __rt_entry_postli_1                      0x08000271   Thumb Code     0  __rtentry2.o(.ARM.Collect$$rtentry$$0000000C)
    __rt_exit                                0x0800027d   Thumb Code     0  rtexit.o(.ARM.Collect$$rtexit$$00000000)
    __rt_exit_ls                             0x0800027f   Thumb Code     0  rtexit2.o(.ARM.Collect$$rtexit$$00000003)
    __rt_exit_prels_1                        0x0800027f   Thumb Code     0  rtexit2.o(.ARM.Collect$$rtexit$$00000002)
    __rt_exit_exit                           0x08000283   Thumb Code     0  rtexit2.o(.ARM.Collect$$rtexit$$00000004)
    __ARM_argv_veneer                        0x08000289   Thumb Code     4  argv_veneer.o(.emb_text)
    _maybe_terminate_alloc                   0x08000289   Thumb Code     0  maybetermalloc1.o(.emb_text)
    Reset_Handler                            0x0800028d   Thumb Code    12  startup_stm32f429_439xx.o(.text)
    ADC_IRQHandler                           0x080002ab   Thumb Code     0  startup_stm32f429_439xx.o(.text)
    CAN1_RX0_IRQHandler                      0x080002ab   Thumb Code     0  startup_stm32f429_439xx.o(.text)
    CAN1_RX1_IRQHandler                      0x080002ab   Thumb Code     0  startup_stm32f429_439xx.o(.text)
    CAN1_SCE_IRQHandler                      0x080002ab   Thumb Code     0  startup_stm32f429_439xx.o(.text)
    CAN1_TX_IRQHandler                       0x080002ab   Thumb Code     0  startup_stm32f429_439xx.o(.text)
    CAN2_RX0_IRQHandler                      0x080002ab   Thumb Code     0  startup_stm32f429_439xx.o(.text)
    CAN2_RX1_IRQHandler                      0x080002ab   Thumb Code     0  startup_stm32f429_439xx.o(.text)
    CAN2_SCE_IRQHandler                      0x080002ab   Thumb Code     0  startup_stm32f429_439xx.o(.text)
    CAN2_TX_IRQHandler                       0x080002ab   Thumb Code     0  startup_stm32f429_439xx.o(.text)
    CRYP_IRQHandler                          0x080002ab   Thumb Code     0  startup_stm32f429_439xx.o(.text)
    DMA1_Stream0_IRQHandler                  0x080002ab   Thumb Code     0  startup_stm32f429_439xx.o(.text)
    DMA1_Stream1_IRQHandler                  0x080002ab   Thumb Code     0  startup_stm32f429_439xx.o(.text)
    DMA1_Stream2_IRQHandler                  0x080002ab   Thumb Code     0  startup_stm32f429_439xx.o(.text)
    DMA1_Stream3_IRQHandler                  0x080002ab   Thumb Code     0  startup_stm32f429_439xx.o(.text)
    DMA1_Stream4_IRQHandler                  0x080002ab   Thumb Code     0  startup_stm32f429_439xx.o(.text)
    DMA1_Stream5_IRQHandler                  0x080002ab   Thumb Code     0  startup_stm32f429_439xx.o(.text)
    DMA1_Stream6_IRQHandler                  0x080002ab   Thumb Code     0  startup_stm32f429_439xx.o(.text)
    DMA1_Stream7_IRQHandler                  0x080002ab   Thumb Code     0  startup_stm32f429_439xx.o(.text)
    DMA2D_IRQHandler                         0x080002ab   Thumb Code     0  startup_stm32f429_439xx.o(.text)
    DMA2_Stream0_IRQHandler                  0x080002ab   Thumb Code     0  startup_stm32f429_439xx.o(.text)
    DMA2_Stream2_IRQHandler                  0x080002ab   Thumb Code     0  startup_stm32f429_439xx.o(.text)
    DMA2_Stream3_IRQHandler                  0x080002ab   Thumb Code     0  startup_stm32f429_439xx.o(.text)
    DMA2_Stream4_IRQHandler                  0x080002ab   Thumb Code     0  startup_stm32f429_439xx.o(.text)
    DMA2_Stream5_IRQHandler                  0x080002ab   Thumb Code     0  startup_stm32f429_439xx.o(.text)
    DMA2_Stream6_IRQHandler                  0x080002ab   Thumb Code     0  startup_stm32f429_439xx.o(.text)
    DMA2_Stream7_IRQHandler                  0x080002ab   Thumb Code     0  startup_stm32f429_439xx.o(.text)
    ETH_IRQHandler                           0x080002ab   Thumb Code     0  startup_stm32f429_439xx.o(.text)
    ETH_WKUP_IRQHandler                      0x080002ab   Thumb Code     0  startup_stm32f429_439xx.o(.text)
    EXTI0_IRQHandler                         0x080002ab   Thumb Code     0  startup_stm32f429_439xx.o(.text)
    EXTI15_10_IRQHandler                     0x080002ab   Thumb Code     0  startup_stm32f429_439xx.o(.text)
    EXTI1_IRQHandler                         0x080002ab   Thumb Code     0  startup_stm32f429_439xx.o(.text)
    EXTI2_IRQHandler                         0x080002ab   Thumb Code     0  startup_stm32f429_439xx.o(.text)
    EXTI3_IRQHandler                         0x080002ab   Thumb Code     0  startup_stm32f429_439xx.o(.text)
    EXTI4_IRQHandler                         0x080002ab   Thumb Code     0  startup_stm32f429_439xx.o(.text)
    EXTI9_5_IRQHandler                       0x080002ab   Thumb Code     0  startup_stm32f429_439xx.o(.text)
    FLASH_IRQHandler                         0x080002ab   Thumb Code     0  startup_stm32f429_439xx.o(.text)
    FMC_IRQHandler                           0x080002ab   Thumb Code     0  startup_stm32f429_439xx.o(.text)
    FPU_IRQHandler                           0x080002ab   Thumb Code     0  startup_stm32f429_439xx.o(.text)
    HASH_RNG_IRQHandler                      0x080002ab   Thumb Code     0  startup_stm32f429_439xx.o(.text)
    I2C1_ER_IRQHandler                       0x080002ab   Thumb Code     0  startup_stm32f429_439xx.o(.text)
    I2C1_EV_IRQHandler                       0x080002ab   Thumb Code     0  startup_stm32f429_439xx.o(.text)
    I2C2_ER_IRQHandler                       0x080002ab   Thumb Code     0  startup_stm32f429_439xx.o(.text)
    I2C2_EV_IRQHandler                       0x080002ab   Thumb Code     0  startup_stm32f429_439xx.o(.text)
    I2C3_ER_IRQHandler                       0x080002ab   Thumb Code     0  startup_stm32f429_439xx.o(.text)
    I2C3_EV_IRQHandler                       0x080002ab   Thumb Code     0  startup_stm32f429_439xx.o(.text)
    LTDC_ER_IRQHandler                       0x080002ab   Thumb Code     0  startup_stm32f429_439xx.o(.text)
    LTDC_IRQHandler                          0x080002ab   Thumb Code     0  startup_stm32f429_439xx.o(.text)
    OTG_FS_IRQHandler                        0x080002ab   Thumb Code     0  startup_stm32f429_439xx.o(.text)
    OTG_FS_WKUP_IRQHandler                   0x080002ab   Thumb Code     0  startup_stm32f429_439xx.o(.text)
    OTG_HS_EP1_IN_IRQHandler                 0x080002ab   Thumb Code     0  startup_stm32f429_439xx.o(.text)
    OTG_HS_EP1_OUT_IRQHandler                0x080002ab   Thumb Code     0  startup_stm32f429_439xx.o(.text)
    OTG_HS_IRQHandler                        0x080002ab   Thumb Code     0  startup_stm32f429_439xx.o(.text)
    OTG_HS_WKUP_IRQHandler                   0x080002ab   Thumb Code     0  startup_stm32f429_439xx.o(.text)
    PVD_IRQHandler                           0x080002ab   Thumb Code     0  startup_stm32f429_439xx.o(.text)
    RCC_IRQHandler                           0x080002ab   Thumb Code     0  startup_stm32f429_439xx.o(.text)
    RTC_Alarm_IRQHandler                     0x080002ab   Thumb Code     0  startup_stm32f429_439xx.o(.text)
    RTC_WKUP_IRQHandler                      0x080002ab   Thumb Code     0  startup_stm32f429_439xx.o(.text)
    SAI1_IRQHandler                          0x080002ab   Thumb Code     0  startup_stm32f429_439xx.o(.text)
    SDIO_IRQHandler                          0x080002ab   Thumb Code     0  startup_stm32f429_439xx.o(.text)
    SPI1_IRQHandler                          0x080002ab   Thumb Code     0  startup_stm32f429_439xx.o(.text)
    SPI2_IRQHandler                          0x080002ab   Thumb Code     0  startup_stm32f429_439xx.o(.text)
    SPI3_IRQHandler                          0x080002ab   Thumb Code     0  startup_stm32f429_439xx.o(.text)
    SPI4_IRQHandler                          0x080002ab   Thumb Code     0  startup_stm32f429_439xx.o(.text)
    SPI5_IRQHandler                          0x080002ab   Thumb Code     0  startup_stm32f429_439xx.o(.text)
    SPI6_IRQHandler                          0x080002ab   Thumb Code     0  startup_stm32f429_439xx.o(.text)
    TAMP_STAMP_IRQHandler                    0x080002ab   Thumb Code     0  startup_stm32f429_439xx.o(.text)
    TIM1_BRK_TIM9_IRQHandler                 0x080002ab   Thumb Code     0  startup_stm32f429_439xx.o(.text)
    TIM1_CC_IRQHandler                       0x080002ab   Thumb Code     0  startup_stm32f429_439xx.o(.text)
    TIM1_TRG_COM_TIM11_IRQHandler            0x080002ab   Thumb Code     0  startup_stm32f429_439xx.o(.text)
    TIM1_UP_TIM10_IRQHandler                 0x080002ab   Thumb Code     0  startup_stm32f429_439xx.o(.text)
    TIM2_IRQHandler                          0x080002ab   Thumb Code     0  startup_stm32f429_439xx.o(.text)
    TIM3_IRQHandler                          0x080002ab   Thumb Code     0  startup_stm32f429_439xx.o(.text)
    TIM4_IRQHandler                          0x080002ab   Thumb Code     0  startup_stm32f429_439xx.o(.text)
    TIM5_IRQHandler                          0x080002ab   Thumb Code     0  startup_stm32f429_439xx.o(.text)
    TIM6_DAC_IRQHandler                      0x080002ab   Thumb Code     0  startup_stm32f429_439xx.o(.text)
    TIM7_IRQHandler                          0x080002ab   Thumb Code     0  startup_stm32f429_439xx.o(.text)
    TIM8_BRK_TIM12_IRQHandler                0x080002ab   Thumb Code     0  startup_stm32f429_439xx.o(.text)
    TIM8_CC_IRQHandler                       0x080002ab   Thumb Code     0  startup_stm32f429_439xx.o(.text)
    TIM8_TRG_COM_TIM14_IRQHandler            0x080002ab   Thumb Code     0  startup_stm32f429_439xx.o(.text)
    TIM8_UP_TIM13_IRQHandler                 0x080002ab   Thumb Code     0  startup_stm32f429_439xx.o(.text)
    UART4_IRQHandler                         0x080002ab   Thumb Code     0  startup_stm32f429_439xx.o(.text)
    UART5_IRQHandler                         0x080002ab   Thumb Code     0  startup_stm32f429_439xx.o(.text)
    UART7_IRQHandler                         0x080002ab   Thumb Code     0  startup_stm32f429_439xx.o(.text)
    UART8_IRQHandler                         0x080002ab   Thumb Code     0  startup_stm32f429_439xx.o(.text)
    USART1_IRQHandler                        0x080002ab   Thumb Code     0  startup_stm32f429_439xx.o(.text)
    USART2_IRQHandler                        0x080002ab   Thumb Code     0  startup_stm32f429_439xx.o(.text)
    USART3_IRQHandler                        0x080002ab   Thumb Code     0  startup_stm32f429_439xx.o(.text)
    USART6_IRQHandler                        0x080002ab   Thumb Code     0  startup_stm32f429_439xx.o(.text)
    WWDG_IRQHandler                          0x080002ab   Thumb Code     0  startup_stm32f429_439xx.o(.text)
    __I$use$semihosting                      0x080002b9   Thumb Code     0  use_no_semi.o(.text)
    __use_no_semihosting_swi                 0x080002b9   Thumb Code     2  use_no_semi.o(.text)
    __aeabi_errno_addr                       0x080002bd   Thumb Code     8  rt_errno_addr_intlibspace.o(.text)
    __errno$intlibspace                      0x080002bd   Thumb Code     0  rt_errno_addr_intlibspace.o(.text)
    __rt_errno_addr$intlibspace              0x080002bd   Thumb Code     0  rt_errno_addr_intlibspace.o(.text)
    calloc                                   0x080002c5   Thumb Code    40  calloc.o(.text)
    malloc                                   0x080002ed   Thumb Code    94  h1_alloc.o(.text)
    free                                     0x0800034b   Thumb Code    78  h1_free.o(.text)
    realloc                                  0x08000399   Thumb Code   184  h1_realloc.o(.text)
    __aeabi_lasr                             0x08000451   Thumb Code     0  llsshr.o(.text)
    _ll_sshift_r                             0x08000451   Thumb Code    38  llsshr.o(.text)
    __aeabi_ldivmod                          0x08000477   Thumb Code     0  llsdiv.o(.text)
    _ll_sdiv                                 0x08000477   Thumb Code    72  llsdiv.o(.text)
    __2printf                                0x080004c1   Thumb Code    20  __2printf.o(.text)
    __2fprintf                               0x080004d9   Thumb Code    20  __2fprintf.o(.text)
    _printf_pre_padding                      0x080004ed   Thumb Code    44  _printf_pad.o(.text)
    _printf_post_padding                     0x08000519   Thumb Code    34  _printf_pad.o(.text)
    _printf_str                              0x0800053b   Thumb Code    82  _printf_str.o(.text)
    _printf_int_dec                          0x0800058d   Thumb Code   104  _printf_dec.o(.text)
    _printf_longlong_hex                     0x08000605   Thumb Code    78  _printf_hex_int_ptr.o(.text)
    _printf_int_hex                          0x08000653   Thumb Code    26  _printf_hex_int_ptr.o(.text)
    _printf_hex_ptr                          0x0800066d   Thumb Code    16  _printf_hex_int_ptr.o(.text)
    __printf                                 0x08000681   Thumb Code   388  __printf_flags_ss_wp.o(.text)
    freopen                                  0x08000809   Thumb Code   158  fopen.o(.text)
    fopen                                    0x080008a7   Thumb Code    74  fopen.o(.text)
    _fclose_internal                         0x080008f5   Thumb Code    76  fclose.o(.text)
    fclose                                   0x080008f5   Thumb Code     0  fclose.o(.text)
    abort                                    0x08000941   Thumb Code    16  abort.o(.text)
    qsort                                    0x08000b2f   Thumb Code   134  qsortnoex.o(.text)
    memcmp                                   0x08000bb5   Thumb Code    88  memcmp.o(.text)
    strlen                                   0x08000c0d   Thumb Code    62  strlen.o(.text)
    memchr                                   0x08000c4b   Thumb Code    20  memchr.o(.text)
    __aeabi_memcpy                           0x08000c5f   Thumb Code     0  rt_memcpy_v6.o(.text)
    __rt_memcpy                              0x08000c5f   Thumb Code   138  rt_memcpy_v6.o(.text)
    _memcpy_lastbytes                        0x08000cc5   Thumb Code     0  rt_memcpy_v6.o(.text)
    __aeabi_memmove                          0x08000ce9   Thumb Code     0  rt_memmove_v6.o(.text)
    __rt_memmove                             0x08000ce9   Thumb Code   132  rt_memmove_v6.o(.text)
    __memmove_lastfew                        0x08000d49   Thumb Code     0  rt_memmove_v6.o(.text)
    __aeabi_memcpy4                          0x08000d6d   Thumb Code     0  rt_memcpy_w.o(.text)
    __aeabi_memcpy8                          0x08000d6d   Thumb Code     0  rt_memcpy_w.o(.text)
    __rt_memcpy_w                            0x08000d6d   Thumb Code   100  rt_memcpy_w.o(.text)
    _memcpy_lastbytes_aligned                0x08000db5   Thumb Code     0  rt_memcpy_w.o(.text)
    __aeabi_memset                           0x08000dd1   Thumb Code    16  aeabi_memset.o(.text)
    __aeabi_memclr                           0x08000de1   Thumb Code     0  rt_memclr.o(.text)
    __rt_memclr                              0x08000de1   Thumb Code    68  rt_memclr.o(.text)
    _memset                                  0x08000de5   Thumb Code     0  rt_memclr.o(.text)
    __aeabi_memclr4                          0x08000e25   Thumb Code     0  rt_memclr_w.o(.text)
    __aeabi_memclr8                          0x08000e25   Thumb Code     0  rt_memclr_w.o(.text)
    __rt_memclr_w                            0x08000e25   Thumb Code    78  rt_memclr_w.o(.text)
    _memset_w                                0x08000e29   Thumb Code     0  rt_memclr_w.o(.text)
    _main_redirection                        0x08000e75   Thumb Code     2  _main_redirect.o(.text)
    _handle_redirection                      0x08000e77   Thumb Code   304  _main_redirect.o(.text)
    __rt_heap_descriptor                     0x08000fb5   Thumb Code     8  rt_heap_descriptor_intlibspace.o(.text)
    __use_no_heap                            0x08000fbd   Thumb Code     2  hguard.o(.text)
    __heap$guard                             0x08000fbf   Thumb Code     2  hguard.o(.text)
    _terminate_user_alloc                    0x08000fc1   Thumb Code     2  init_alloc.o(.text)
    _init_user_alloc                         0x08000fc3   Thumb Code     2  init_alloc.o(.text)
    __Heap_Full                              0x08000fc5   Thumb Code    34  init_alloc.o(.text)
    __Heap_Broken                            0x08000fe7   Thumb Code     6  init_alloc.o(.text)
    _init_alloc                              0x08000fed   Thumb Code    94  init_alloc.o(.text)
    __Heap_Initialize                        0x0800104b   Thumb Code    10  h1_init.o(.text)
    __Heap_DescSize                          0x08001055   Thumb Code     4  h1_init.o(.text)
    __aeabi_uldivmod                         0x08001059   Thumb Code     0  lludivv7m.o(.text)
    _ll_udiv                                 0x08001059   Thumb Code   238  lludivv7m.o(.text)
    _printf_int_common                       0x08001147   Thumb Code   178  _printf_intcommon.o(.text)
    _printf_char_common                      0x08001203   Thumb Code    32  _printf_char_common.o(.text)
    _printf_cs_common                        0x08001229   Thumb Code    20  _printf_char.o(.text)
    _printf_char                             0x0800123d   Thumb Code    16  _printf_char.o(.text)
    _printf_string                           0x0800124d   Thumb Code     8  _printf_char.o(.text)
    _printf_char_file                        0x08001255   Thumb Code    32  _printf_char_file.o(.text)
    _fseek                                   0x08001279   Thumb Code   242  fseek.o(.text)
    fseek                                    0x08001279   Thumb Code     0  fseek.o(.text)
    setvbuf                                  0x08001371   Thumb Code    70  setvbuf.o(.text)
    _seterr                                  0x080013b9   Thumb Code    20  stdio.o(.text)
    _writebuf                                0x080013cd   Thumb Code    84  stdio.o(.text)
    _fflush                                  0x08001421   Thumb Code    70  stdio.o(.text)
    _deferredlazyseek                        0x08001467   Thumb Code    60  stdio.o(.text)
    __dup                                    0x080014a9   Thumb Code    54  __dup.o(.text)
    _fisatty                                 0x080014df   Thumb Code    24  __dup.o(.text)
    _initio                                  0x080014f9   Thumb Code   210  initio.o(.text)
    _terminateio                             0x080015cb   Thumb Code    56  initio.o(.text)
    __rt_SIGABRT                             0x08001631   Thumb Code    14  defsig_abrt_outer.o(.text)
    __rt_SIGRTRED                            0x0800163f   Thumb Code    14  defsig_rtred_outer.o(.text)
    __aeabi_memmove4                         0x0800164d   Thumb Code     0  rt_memmove_w.o(.text)
    __aeabi_memmove8                         0x0800164d   Thumb Code     0  rt_memmove_w.o(.text)
    __rt_memmove_w                           0x0800164d   Thumb Code   122  rt_memmove_w.o(.text)
    __memmove_aligned                        0x08001673   Thumb Code     0  rt_memmove_w.o(.text)
    __memmove_lastfew_aligned                0x080016ab   Thumb Code     0  rt_memmove_w.o(.text)
    __ARM_get_argv                           0x080016c7   Thumb Code   264  _get_argv.o(.text)
    __use_no_heap_region                     0x080017cf   Thumb Code     2  hrguard.o(.text)
    __heap_region$guard                      0x080017d1   Thumb Code     2  hrguard.o(.text)
    __Heap_ProvideMemory                     0x080017d3   Thumb Code    52  h1_extend.o(.text)
    ferror                                   0x08001807   Thumb Code     8  ferror.o(.text)
    _ftell_internal                          0x0800180f   Thumb Code    66  ftell.o(.text)
    ftell                                    0x0800180f   Thumb Code     0  ftell.o(.text)
    __sig_exit                               0x08001851   Thumb Code    10  defsig_exit.o(.text)
    __rt_SIGABRT_inner                       0x0800185d   Thumb Code    14  defsig_abrt_inner.o(.text)
    __rt_SIGRTRED_inner                      0x0800188d   Thumb Code    14  defsig_rtred_inner.o(.text)
    __rt_SIGRTMEM                            0x080018c1   Thumb Code    14  defsig_rtmem_outer.o(.text)
    exit                                     0x080018cf   Thumb Code    12  exit.o(.text)
    __default_signal_display                 0x080018db   Thumb Code    50  defsig_general.o(.text)
    __rt_SIGRTMEM_inner                      0x0800190d   Thumb Code    22  defsig_rtmem_inner.o(.text)
    BusFault_Handler                         0x0800195d   Thumb Code     2  stm32f4xx_it.o(i.BusFault_Handler)
    DCMI_IRQHandler                          0x0800195f   Thumb Code     2  stm32f4xx_it.o(i.DCMI_IRQHandler)
    DMA2_Stream1_IRQHandler                  0x08001961   Thumb Code     2  stm32f4xx_it.o(i.DMA2_Stream1_IRQHandler)
    DebugMon_Handler                         0x08001963   Thumb Code     2  stm32f4xx_it.o(i.DebugMon_Handler)
    FMC_GetFlagStatus                        0x08001965   Thumb Code    54  stm32f4xx_fmc.o(i.FMC_GetFlagStatus)
    FMC_SDRAMCmdConfig                       0x0800199b   Thumb Code    34  stm32f4xx_fmc.o(i.FMC_SDRAMCmdConfig)
    FMC_SDRAMInit                            0x080019bd   Thumb Code   284  stm32f4xx_fmc.o(i.FMC_SDRAMInit)
    FMC_SetRefreshCount                      0x08001add   Thumb Code    18  stm32f4xx_fmc.o(i.FMC_SetRefreshCount)
    GPIO_Init                                0x08001aef   Thumb Code   162  stm32f4xx_gpio.o(i.GPIO_Init)
    GPIO_PinAFConfig                         0x08001b91   Thumb Code    32  stm32f4xx_gpio.o(i.GPIO_PinAFConfig)
    HardFault_Handler                        0x08001bb1   Thumb Code     2  stm32f4xx_it.o(i.HardFault_Handler)
    MemManage_Handler                        0x08001bb3   Thumb Code     2  stm32f4xx_it.o(i.MemManage_Handler)
    NMI_Handler                              0x08001bb5   Thumb Code     2  stm32f4xx_it.o(i.NMI_Handler)
    PendSV_Handler                           0x08001bb7   Thumb Code     2  stm32f4xx_it.o(i.PendSV_Handler)
    RCC_AHB1PeriphClockCmd                   0x08001bb9   Thumb Code    18  stm32f4xx_rcc.o(i.RCC_AHB1PeriphClockCmd)
    RCC_AHB3PeriphClockCmd                   0x08001bd1   Thumb Code    18  stm32f4xx_rcc.o(i.RCC_AHB3PeriphClockCmd)
    RCC_APB2PeriphClockCmd                   0x08001be9   Thumb Code    18  stm32f4xx_rcc.o(i.RCC_APB2PeriphClockCmd)
    RCC_GetClocksFreq                        0x08001c01   Thumb Code   132  stm32f4xx_rcc.o(i.RCC_GetClocksFreq)
    SDRAM_Init                               0x0800201d   Thumb Code    92  sdram.o(i.SDRAM_Init)
    SVC_Handler                              0x0800212d   Thumb Code     2  stm32f4xx_it.o(i.SVC_Handler)
    SysTick_Handler                          0x08002201   Thumb Code     2  stm32f4xx_it.o(i.SysTick_Handler)
    SystemInit                               0x08002205   Thumb Code    74  system_stm32f4xx.o(i.SystemInit)
    USART_Cmd                                0x08002261   Thumb Code    20  stm32f4xx_usart.o(i.USART_Cmd)
    USART_GetFlagStatus                      0x08002275   Thumb Code    14  stm32f4xx_usart.o(i.USART_GetFlagStatus)
    USART_Init                               0x08002285   Thumb Code   164  stm32f4xx_usart.o(i.USART_Init)
    USART_SendData                           0x08002331   Thumb Code     8  stm32f4xx_usart.o(i.USART_SendData)
    UsageFault_Handler                       0x08002339   Thumb Code     2  stm32f4xx_it.o(i.UsageFault_Handler)
    Usart_Init                               0x0800233d   Thumb Code   142  usart.o(i.Usart_Init)
    Zbar_Test                                0x080023d5   Thumb Code   188  main.o(i.Zbar_Test)
    _is_digit                                0x080024d5   Thumb Code    14  __printf_wp.o(i._is_digit)
    _sys_close                               0x080024e3   Thumb Code     4  standalone.o(i._sys_close)
    _sys_command_string                      0x080024e7   Thumb Code     4  standalone.o(i._sys_command_string)
    _sys_exit                                0x080024eb   Thumb Code     2  standalone.o(i._sys_exit)
    _sys_flen                                0x080024ed   Thumb Code     4  standalone.o(i._sys_flen)
    _sys_istty                               0x080024f1   Thumb Code     4  standalone.o(i._sys_istty)
    _sys_open                                0x080024f5   Thumb Code     4  standalone.o(i._sys_open)
    _sys_seek                                0x080024f9   Thumb Code     4  standalone.o(i._sys_seek)
    _sys_write                               0x080024fd   Thumb Code     4  standalone.o(i._sys_write)
    _ttywrch                                 0x08002501   Thumb Code     2  standalone.o(i._ttywrch)
    _zbar_decode_code128                     0x08002503   Thumb Code   244  code128.o(i._zbar_decode_code128)
    _zbar_decode_code39                      0x080025f9   Thumb Code   432  code39.o(i._zbar_decode_code39)
    _zbar_decode_ean                         0x080027b5   Thumb Code   156  ean.o(i._zbar_decode_ean)
    _zbar_decode_i25                         0x08002851   Thumb Code   294  i25.o(i._zbar_decode_i25)
    _zbar_decode_pdf417                      0x0800297d   Thumb Code   186  pdf417.o(i._zbar_decode_pdf417)
    _zbar_decoder_get_qr_finder_line         0x08002a37   Thumb Code     6  qr_finder.o(i._zbar_decoder_get_qr_finder_line)
    _zbar_find_qr                            0x08002a3d   Thumb Code   220  qr_finder.o(i._zbar_find_qr)
    _zbar_image_free                         0x08002b19   Thumb Code    30  image.o(i._zbar_image_free)
    _zbar_image_scanner_add_sym              0x08002b69   Thumb Code    70  img_scanner.o(i._zbar_image_scanner_add_sym)
    _zbar_image_scanner_alloc_sym            0x08002baf   Thumb Code   186  img_scanner.o(i._zbar_image_scanner_alloc_sym)
    _zbar_image_scanner_recycle_syms         0x08002c69   Thumb Code   156  img_scanner.o(i._zbar_image_scanner_recycle_syms)
    _zbar_qr_create                          0x08002d05   Thumb Code    38  qrdec.o(i._zbar_qr_create)
    _zbar_qr_decode                          0x08002d2d   Thumb Code   228  qrdec.o(i._zbar_qr_decode)
    _zbar_qr_destroy                         0x08002e3d   Thumb Code    62  qrdec.o(i._zbar_qr_destroy)
    _zbar_qr_found_line                      0x08002ea9   Thumb Code    74  qrdec.o(i._zbar_qr_found_line)
    _zbar_qr_reset                           0x08002ef3   Thumb Code    12  qrdec.o(i._zbar_qr_reset)
    _zbar_refcnt_init                        0x08002f23   Thumb Code     2  refcnt.o(i._zbar_refcnt_init)
    _zbar_symbol_free                        0x08002f25   Thumb Code    50  symbol.o(i._zbar_symbol_free)
    _zbar_symbol_set_create                  0x08002f77   Thumb Code    22  symbol.o(i._zbar_symbol_set_create)
    _zbar_symbol_set_free                    0x08002f8d   Thumb Code    42  symbol.o(i._zbar_symbol_set_free)
    bch15_5_correct                          0x08003265   Thumb Code    80  bch15_5.o(i.bch15_5_correct)
    bch15_5_encode                           0x080032b5   Thumb Code    68  bch15_5.o(i.bch15_5_encode)
    fputc                                    0x08003e75   Thumb Code    30  standalone.o(i.fputc)
    isaac_init                               0x0800427d   Thumb Code   286  isaac.o(i.isaac_init)
    isaac_next_uint                          0x0800442d   Thumb Code    34  isaac.o(i.isaac_next_uint)
    isaac_next_uint32                        0x0800444f   Thumb Code    28  isaac.o(i.isaac_next_uint32)
    main                                     0x08004635   Thumb Code    26  main.o(i.main)
    qr_binarize                              0x080050d9   Thumb Code   548  binarize.o(i.qr_binarize)
    qr_code_data_list_clear                  0x08005381   Thumb Code    44  qrdec.o(i.qr_code_data_list_clear)
    qr_code_data_list_extract_text           0x080053ad   Thumb Code   996  qrdectxt.o(i.qr_code_data_list_extract_text)
    qr_code_data_list_init                   0x08005791   Thumb Code    10  qrdec.o(i.qr_code_data_list_init)
    qr_ihypot                                0x08008d1d   Thumb Code   176  util.o(i.qr_ihypot)
    qr_ilog                                  0x08008dd1   Thumb Code    70  util.o(i.qr_ilog)
    qr_isqrt                                 0x08008ebd   Thumb Code    42  util.o(i.qr_isqrt)
    qr_reader_match_centers                  0x080094e5   Thumb Code   512  qrdec.o(i.qr_reader_match_centers)
    rs_correct                               0x0800a493   Thumb Code   400  rs.o(i.rs_correct)
    rs_gf256_init                            0x0800a7f5   Thumb Code    56  rs.o(i.rs_gf256_init)
    zbar_decode_width                        0x0800af23   Thumb Code   194  decoder.o(i.zbar_decode_width)
    zbar_decoder_create                      0x0800afe5   Thumb Code    90  decoder.o(i.zbar_decoder_create)
    zbar_decoder_destroy                     0x0800b03f   Thumb Code    22  decoder.o(i.zbar_decoder_destroy)
    zbar_decoder_get_data                    0x0800b055   Thumb Code     4  decoder.o(i.zbar_decoder_get_data)
    zbar_decoder_get_data_length             0x0800b059   Thumb Code     4  decoder.o(i.zbar_decoder_get_data_length)
    zbar_decoder_get_type                    0x0800b05d   Thumb Code     6  decoder.o(i.zbar_decoder_get_type)
    zbar_decoder_get_userdata                0x0800b063   Thumb Code     4  decoder.o(i.zbar_decoder_get_userdata)
    zbar_decoder_new_scan                    0x0800b067   Thumb Code    66  decoder.o(i.zbar_decoder_new_scan)
    zbar_decoder_reset                       0x0800b0a9   Thumb Code    66  decoder.o(i.zbar_decoder_reset)
    zbar_decoder_set_config                  0x0800b0eb   Thumb Code   202  decoder.o(i.zbar_decoder_set_config)
    zbar_decoder_set_handler                 0x0800b1b5   Thumb Code     8  decoder.o(i.zbar_decoder_set_handler)
    zbar_decoder_set_userdata                0x0800b1bd   Thumb Code     4  decoder.o(i.zbar_decoder_set_userdata)
    zbar_get_symbol_name                     0x0800b1c1   Thumb Code    98  symbol.o(i.zbar_get_symbol_name)
    zbar_image_create                        0x0800b289   Thumb Code    34  image.o(i.zbar_image_create)
    zbar_image_destroy                       0x0800b2ab   Thumb Code     8  image.o(i.zbar_image_destroy)
    zbar_image_first_symbol                  0x0800b2b3   Thumb Code    10  image.o(i.zbar_image_first_symbol)
    zbar_image_free_data                     0x0800b2bd   Thumb Code    84  image.o(i.zbar_image_free_data)
    zbar_image_scanner_create                0x0800b311   Thumb Code    88  img_scanner.o(i.zbar_image_scanner_create)
    zbar_image_scanner_destroy               0x0800b36d   Thumb Code   102  img_scanner.o(i.zbar_image_scanner_destroy)
    zbar_image_scanner_recycle_image         0x0800b3d3   Thumb Code    98  img_scanner.o(i.zbar_image_scanner_recycle_image)
    zbar_image_scanner_set_config            0x0800b435   Thumb Code    76  img_scanner.o(i.zbar_image_scanner_set_config)
    zbar_image_set_data                      0x0800b481   Thumb Code    26  image.o(i.zbar_image_set_data)
    zbar_image_set_format                    0x0800b49b   Thumb Code     4  image.o(i.zbar_image_set_format)
    zbar_image_set_size                      0x0800b49f   Thumb Code     6  image.o(i.zbar_image_set_size)
    zbar_scan_image                          0x0800b4a5   Thumb Code   724  img_scanner.o(i.zbar_scan_image)
    zbar_scan_y                              0x0800b7fd   Thumb Code   326  scanner.o(i.zbar_scan_y)
    zbar_scanner_create                      0x0800b943   Thumb Code    28  scanner.o(i.zbar_scanner_create)
    zbar_scanner_destroy                     0x0800b95f   Thumb Code     4  scanner.o(i.zbar_scanner_destroy)
    zbar_scanner_flush                       0x0800b963   Thumb Code    70  scanner.o(i.zbar_scanner_flush)
    zbar_scanner_get_edge                    0x0800b9a9   Thumb Code    32  scanner.o(i.zbar_scanner_get_edge)
    zbar_scanner_get_width                   0x0800b9c9   Thumb Code     4  scanner.o(i.zbar_scanner_get_width)
    zbar_scanner_new_scan                    0x0800b9cd   Thumb Code    52  scanner.o(i.zbar_scanner_new_scan)
    zbar_scanner_reset                       0x0800ba01   Thumb Code    28  scanner.o(i.zbar_scanner_reset)
    zbar_symbol_get_data                     0x0800ba1d   Thumb Code     4  symbol.o(i.zbar_symbol_get_data)
    zbar_symbol_get_type                     0x0800ba21   Thumb Code     4  symbol.o(i.zbar_symbol_get_type)
    zbar_symbol_next                         0x0800ba25   Thumb Code     8  symbol.o(i.zbar_symbol_next)
    zbar_symbol_set_ref                      0x0800ba2d   Thumb Code    30  symbol.o(i.zbar_symbol_set_ref)
    zbar_utf8_to_gb18030                     0x0800ba4d   Thumb Code   114  qrdectxt.o(i.zbar_utf8_to_gb18030)
    _fp_init                                 0x0800bac5   Thumb Code    10  fpinit.o(x$fpl$fpinit)
    __fplib_config_fpu_vfp                   0x0800bacd   Thumb Code     0  fpinit.o(x$fpl$fpinit)
    __fplib_config_pureend_doubles           0x0800bacd   Thumb Code     0  fpinit.o(x$fpl$fpinit)
    data_buf                                 0x0800bace   Data       78400  main.o(.constdata)
    __stdin_name                             0x0801ed0e   Data         150  standalone.o(.constdata)
    __stdout_name                            0x0801eda4   Data         150  standalone.o(.constdata)
    __stderr_name                            0x0801ee3a   Data         150  standalone.o(.constdata)
    unicode_to_gb18030_table1                0x08021364   Data       41804  qrdectxt.o(.constdata)
    Region$$Table$$Base                      0x0802b7e8   Number         0  anon$$obj.o(Region$$Table)
    Region$$Table$$Limit                     0x0802b818   Number         0  anon$$obj.o(Region$$Table)
    _zbar_verbosity                          0x20000010   Data           4  error.o(.data)
    __aeabi_stdin                            0x20000048   Data           4  stdio_streams.o(.data)
    __aeabi_stdout                           0x2000004c   Data           4  stdio_streams.o(.data)
    __aeabi_stderr                           0x20000050   Data           4  stdio_streams.o(.data)
    __stdin                                  0x20000054   Data          84  stdio_streams.o(.bss)
    __stdout                                 0x200000a8   Data          84  stdio_streams.o(.bss)
    __stderr                                 0x200000fc   Data          84  stdio_streams.o(.bss)
    __libspace_start                         0x20000150   Data          96  libspace.o(.bss)
    Image$$ARM_LIB_STACK$$Base               0x200001b0   Number         0  anon$$obj.o ABSOLUTE
    __temporary_stack_top$libspace           0x200001b0   Data           0  libspace.o(.bss)
    Image$$ARM_LIB_STACK$$ZI$$Limit          0x20030000   Number         0  anon$$obj.o ABSOLUTE
    buf                                      0xd0000000   Data          12  main.o(.data)
    Image$$ARM_LIB_HEAP$$ZI$$Base            0xd000000c   Number         0  anon$$obj.o ABSOLUTE
    Image$$ARM_LIB_HEAP$$ZI$$Limit           0xd0800000   Number         0  anon$$obj.o ABSOLUTE



==============================================================================

Memory Map of the image

  Image Entry point : 0x080001ad

  Load Region LR_IROM1 (Base: 0x08000000, Size: 0x0002b878, Max: 0x00100000, ABSOLUTE)

    Execution Region ER_IROM1 (Base: 0x08000000, Size: 0x0002b818, Max: 0x00100000, ABSOLUTE)

    Base Addr    Size         Type   Attr      Idx    E Section Name        Object

    0x08000000   0x000001ac   Data   RO            3    RESET               startup_stm32f429_439xx.o
    0x080001ac   0x00000008   Code   RO         3231  * !!!main             c_w.l(__main.o)
    0x080001b4   0x00000034   Code   RO         3517    !!!scatter          c_w.l(__scatter.o)
    0x080001e8   0x0000001a   Code   RO         3519    !!handler_copy      c_w.l(__scatter_copy.o)
    0x08000202   0x00000002   PAD
    0x08000204   0x0000001c   Code   RO         3521    !!handler_zi        c_w.l(__scatter_zi.o)
    0x08000220   0x00000000   Code   RO         3175    .ARM.Collect$$_printf_percent$$00000000  c_w.l(_printf_percent.o)
    0x08000220   0x00000006   Code   RO         3170    .ARM.Collect$$_printf_percent$$00000002  c_w.l(_printf_p.o)
    0x08000226   0x00000006   Code   RO         3173    .ARM.Collect$$_printf_percent$$00000009  c_w.l(_printf_d.o)
    0x0800022c   0x00000006   Code   RO         3169    .ARM.Collect$$_printf_percent$$0000000C  c_w.l(_printf_x.o)
    0x08000232   0x00000006   Code   RO         3167    .ARM.Collect$$_printf_percent$$00000014  c_w.l(_printf_s.o)
    0x08000238   0x00000004   Code   RO         3282    .ARM.Collect$$_printf_percent$$00000017  c_w.l(_printf_percent_end.o)
    0x0800023c   0x00000002   Code   RO         3473    .ARM.Collect$$libinit$$00000000  c_w.l(libinit.o)
    0x0800023e   0x00000004   Code   RO         3317    .ARM.Collect$$libinit$$00000001  c_w.l(libinit2.o)
    0x08000242   0x00000000   Code   RO         3320    .ARM.Collect$$libinit$$00000004  c_w.l(libinit2.o)
    0x08000242   0x00000008   Code   RO         3488    .ARM.Collect$$libinit$$00000008  c_w.l(libinit5.o)
    0x0800024a   0x00000000   Code   RO         3323    .ARM.Collect$$libinit$$0000000A  c_w.l(libinit2.o)
    0x0800024a   0x00000000   Code   RO         3325    .ARM.Collect$$libinit$$0000000C  c_w.l(libinit2.o)
    0x0800024a   0x00000000   Code   RO         3327    .ARM.Collect$$libinit$$0000000E  c_w.l(libinit2.o)
    0x0800024a   0x00000000   Code   RO         3330    .ARM.Collect$$libinit$$00000011  c_w.l(libinit2.o)
    0x0800024a   0x00000000   Code   RO         3332    .ARM.Collect$$libinit$$00000013  c_w.l(libinit2.o)
    0x0800024a   0x00000000   Code   RO         3334    .ARM.Collect$$libinit$$00000015  c_w.l(libinit2.o)
    0x0800024a   0x00000000   Code   RO         3336    .ARM.Collect$$libinit$$00000017  c_w.l(libinit2.o)
    0x0800024a   0x00000000   Code   RO         3338    .ARM.Collect$$libinit$$00000019  c_w.l(libinit2.o)
    0x0800024a   0x00000000   Code   RO         3340    .ARM.Collect$$libinit$$0000001B  c_w.l(libinit2.o)
    0x0800024a   0x00000000   Code   RO         3342    .ARM.Collect$$libinit$$0000001D  c_w.l(libinit2.o)
    0x0800024a   0x00000000   Code   RO         3344    .ARM.Collect$$libinit$$0000001F  c_w.l(libinit2.o)
    0x0800024a   0x00000000   Code   RO         3346    .ARM.Collect$$libinit$$00000021  c_w.l(libinit2.o)
    0x0800024a   0x00000000   Code   RO         3348    .ARM.Collect$$libinit$$00000023  c_w.l(libinit2.o)
    0x0800024a   0x00000004   Code   RO         3349    .ARM.Collect$$libinit$$00000024  c_w.l(libinit2.o)
    0x0800024e   0x00000000   Code   RO         3350    .ARM.Collect$$libinit$$00000025  c_w.l(libinit2.o)
    0x0800024e   0x00000008   Code   RO         3351    .ARM.Collect$$libinit$$00000026  c_w.l(libinit2.o)
    0x08000256   0x00000000   Code   RO         3356    .ARM.Collect$$libinit$$0000002E  c_w.l(libinit2.o)
    0x08000256   0x00000000   Code   RO         3358    .ARM.Collect$$libinit$$00000030  c_w.l(libinit2.o)
    0x08000256   0x00000000   Code   RO         3360    .ARM.Collect$$libinit$$00000032  c_w.l(libinit2.o)
    0x08000256   0x00000002   Code   RO         3361    .ARM.Collect$$libinit$$00000033  c_w.l(libinit2.o)
    0x08000258   0x00000008   Code   RO         3489    .ARM.Collect$$libinit$$00002719  c_w.l(libinit5.o)
    0x08000260   0x00000002   Code   RO         3514    .ARM.Collect$$libshutdown$$00000000  c_w.l(libshutdown.o)
    0x08000262   0x00000004   Code   RO         3432    .ARM.Collect$$libshutdown$$00000002  c_w.l(libshutdown2.o)
    0x08000266   0x00000000   Code   RO         3433    .ARM.Collect$$libshutdown$$00000003  c_w.l(libshutdown2.o)
    0x08000266   0x00000000   Code   RO         3436    .ARM.Collect$$libshutdown$$00000006  c_w.l(libshutdown2.o)
    0x08000266   0x00000000   Code   RO         3439    .ARM.Collect$$libshutdown$$00000009  c_w.l(libshutdown2.o)
    0x08000266   0x00000000   Code   RO         3441    .ARM.Collect$$libshutdown$$0000000B  c_w.l(libshutdown2.o)
    0x08000266   0x00000000   Code   RO         3444    .ARM.Collect$$libshutdown$$0000000E  c_w.l(libshutdown2.o)
    0x08000266   0x00000002   Code   RO         3445    .ARM.Collect$$libshutdown$$0000000F  c_w.l(libshutdown2.o)
    0x08000268   0x00000000   Code   RO         3238    .ARM.Collect$$rtentry$$00000000  c_w.l(__rtentry.o)
    0x08000268   0x00000000   Code   RO         3363    .ARM.Collect$$rtentry$$00000002  c_w.l(__rtentry2.o)
    0x08000268   0x00000004   Code   RO         3377    .ARM.Collect$$rtentry$$00000007  c_w.l(__rtentry7.o)
    0x0800026c   0x00000000   Code   RO         3365    .ARM.Collect$$rtentry$$00000009  c_w.l(__rtentry2.o)
    0x0800026c   0x00000004   Code   RO         3366    .ARM.Collect$$rtentry$$0000000A  c_w.l(__rtentry2.o)
    0x08000270   0x00000000   Code   RO         3368    .ARM.Collect$$rtentry$$0000000C  c_w.l(__rtentry2.o)
    0x08000270   0x00000008   Code   RO         3369    .ARM.Collect$$rtentry$$0000000D  c_w.l(__rtentry2.o)
    0x08000278   0x00000004   Code   RO         3378    .ARM.Collect$$rtentry$$00002718  c_w.l(__rtentry7.o)
    0x0800027c   0x00000002   Code   RO         3476    .ARM.Collect$$rtexit$$00000000  c_w.l(rtexit.o)
    0x0800027e   0x00000000   Code   RO         3494    .ARM.Collect$$rtexit$$00000002  c_w.l(rtexit2.o)
    0x0800027e   0x00000004   Code   RO         3495    .ARM.Collect$$rtexit$$00000003  c_w.l(rtexit2.o)
    0x08000282   0x00000006   Code   RO         3496    .ARM.Collect$$rtexit$$00000004  c_w.l(rtexit2.o)
    0x08000288   0x00000000   Code   RO         3395    .emb_text           c_w.l(maybetermalloc1.o)
    0x08000288   0x00000004   Code   RO         3429    .emb_text           c_w.l(argv_veneer.o)
    0x0800028c   0x0000002c   Code   RO            4    .text               startup_stm32f429_439xx.o
    0x080002b8   0x00000002   Code   RO         3007    .text               c_w.l(use_no_semi.o)
    0x080002ba   0x00000002   PAD
    0x080002bc   0x00000008   Code   RO         3012    .text               c_w.l(rt_errno_addr_intlibspace.o)
    0x080002c4   0x00000028   Code   RO         3020    .text               c_w.l(calloc.o)
    0x080002ec   0x0000005e   Code   RO         3022    .text               c_w.l(h1_alloc.o)
    0x0800034a   0x0000004e   Code   RO         3024    .text               c_w.l(h1_free.o)
    0x08000398   0x000000b8   Code   RO         3026    .text               c_w.l(h1_realloc.o)
    0x08000450   0x00000026   Code   RO         3084    .text               c_w.l(llsshr.o)
    0x08000476   0x00000048   Code   RO         3086    .text               c_w.l(llsdiv.o)
    0x080004be   0x00000002   PAD
    0x080004c0   0x00000018   Code   RO         3088    .text               c_w.l(__2printf.o)
    0x080004d8   0x00000014   Code   RO         3090    .text               c_w.l(__2fprintf.o)
    0x080004ec   0x0000004e   Code   RO         3106    .text               c_w.l(_printf_pad.o)
    0x0800053a   0x00000052   Code   RO         3110    .text               c_w.l(_printf_str.o)
    0x0800058c   0x00000078   Code   RO         3112    .text               c_w.l(_printf_dec.o)
    0x08000604   0x0000007c   Code   RO         3137    .text               c_w.l(_printf_hex_int_ptr.o)
    0x08000680   0x00000188   Code   RO         3163    .text               c_w.l(__printf_flags_ss_wp.o)
    0x08000808   0x000000ec   Code   RO         3181    .text               c_w.l(fopen.o)
    0x080008f4   0x0000004c   Code   RO         3189    .text               c_w.l(fclose.o)
    0x08000940   0x00000010   Code   RO         3195    .text               c_w.l(abort.o)
    0x08000950   0x00000264   Code   RO         3197    .text               c_w.l(qsortnoex.o)
    0x08000bb4   0x00000058   Code   RO         3205    .text               c_w.l(memcmp.o)
    0x08000c0c   0x0000003e   Code   RO         3209    .text               c_w.l(strlen.o)
    0x08000c4a   0x00000014   Code   RO         3211    .text               c_w.l(memchr.o)
    0x08000c5e   0x0000008a   Code   RO         3215    .text               c_w.l(rt_memcpy_v6.o)
    0x08000ce8   0x00000084   Code   RO         3217    .text               c_w.l(rt_memmove_v6.o)
    0x08000d6c   0x00000064   Code   RO         3219    .text               c_w.l(rt_memcpy_w.o)
    0x08000dd0   0x00000010   Code   RO         3221    .text               c_w.l(aeabi_memset.o)
    0x08000de0   0x00000044   Code   RO         3223    .text               c_w.l(rt_memclr.o)
    0x08000e24   0x0000004e   Code   RO         3225    .text               c_w.l(rt_memclr_w.o)
    0x08000e72   0x00000002   PAD
    0x08000e74   0x00000140   Code   RO         3229    .text               c_w.l(_main_redirect.o)
    0x08000fb4   0x00000008   Code   RO         3244    .text               c_w.l(rt_heap_descriptor_intlibspace.o)
    0x08000fbc   0x00000004   Code   RO         3246    .text               c_w.l(hguard.o)
    0x08000fc0   0x0000008a   Code   RO         3248    .text               c_w.l(init_alloc.o)
    0x0800104a   0x0000000e   Code   RO         3252    .text               c_w.l(h1_init.o)
    0x08001058   0x000000ee   Code   RO         3266    .text               c_w.l(lludivv7m.o)
    0x08001146   0x000000b2   Code   RO         3268    .text               c_w.l(_printf_intcommon.o)
    0x080011f8   0x00000030   Code   RO         3270    .text               c_w.l(_printf_char_common.o)
    0x08001228   0x0000002c   Code   RO         3276    .text               c_w.l(_printf_char.o)
    0x08001254   0x00000024   Code   RO         3278    .text               c_w.l(_printf_char_file.o)
    0x08001278   0x000000f8   Code   RO         3286    .text               c_w.l(fseek.o)
    0x08001370   0x00000046   Code   RO         3288    .text               c_w.l(setvbuf.o)
    0x080013b6   0x00000002   PAD
    0x080013b8   0x000000f0   Code   RO         3290    .text               c_w.l(stdio.o)
    0x080014a8   0x0000004e   Code   RO         3292    .text               c_w.l(__dup.o)
    0x080014f6   0x00000002   PAD
    0x080014f8   0x00000138   Code   RO         3295    .text               c_w.l(initio.o)
    0x08001630   0x0000000e   Code   RO         3305    .text               c_w.l(defsig_abrt_outer.o)
    0x0800163e   0x0000000e   Code   RO         3309    .text               c_w.l(defsig_rtred_outer.o)
    0x0800164c   0x0000007a   Code   RO         3313    .text               c_w.l(rt_memmove_w.o)
    0x080016c6   0x00000108   Code   RO         3315    .text               c_w.l(_get_argv.o)
    0x080017ce   0x00000004   Code   RO         3393    .text               c_w.l(hrguard.o)
    0x080017d2   0x00000034   Code   RO         3397    .text               c_w.l(h1_extend.o)
    0x08001806   0x00000008   Code   RO         3405    .text               c_w.l(ferror.o)
    0x0800180e   0x00000042   Code   RO         3407    .text               c_w.l(ftell.o)
    0x08001850   0x0000000a   Code   RO         3414    .text               c_w.l(defsig_exit.o)
    0x0800185a   0x00000002   PAD
    0x0800185c   0x00000030   Code   RO         3416    .text               c_w.l(defsig_abrt_inner.o)
    0x0800188c   0x00000034   Code   RO         3418    .text               c_w.l(defsig_rtred_inner.o)
    0x080018c0   0x0000000e   Code   RO         3420    .text               c_w.l(defsig_rtmem_outer.o)
    0x080018ce   0x0000000c   Code   RO         3454    .text               c_w.l(exit.o)
    0x080018da   0x00000032   Code   RO         3458    .text               c_w.l(defsig_general.o)
    0x0800190c   0x00000050   Code   RO         3460    .text               c_w.l(defsig_rtmem_inner.o)
    0x0800195c   0x00000002   Code   RO         1174    i.BusFault_Handler  stm32f4xx_it.o
    0x0800195e   0x00000002   Code   RO         1175    i.DCMI_IRQHandler   stm32f4xx_it.o
    0x08001960   0x00000002   Code   RO         1176    i.DMA2_Stream1_IRQHandler  stm32f4xx_it.o
    0x08001962   0x00000002   Code   RO         1177    i.DebugMon_Handler  stm32f4xx_it.o
    0x08001964   0x00000036   Code   RO          611    i.FMC_GetFlagStatus  stm32f4xx_fmc.o
    0x0800199a   0x00000022   Code   RO          628    i.FMC_SDRAMCmdConfig  stm32f4xx_fmc.o
    0x080019bc   0x00000120   Code   RO          630    i.FMC_SDRAMInit     stm32f4xx_fmc.o
    0x08001adc   0x00000012   Code   RO          634    i.FMC_SetRefreshCount  stm32f4xx_fmc.o
    0x08001aee   0x000000a2   Code   RO          507    i.GPIO_Init         stm32f4xx_gpio.o
    0x08001b90   0x00000020   Code   RO          508    i.GPIO_PinAFConfig  stm32f4xx_gpio.o
    0x08001bb0   0x00000002   Code   RO         1178    i.HardFault_Handler  stm32f4xx_it.o
    0x08001bb2   0x00000002   Code   RO         1179    i.MemManage_Handler  stm32f4xx_it.o
    0x08001bb4   0x00000002   Code   RO         1180    i.NMI_Handler       stm32f4xx_it.o
    0x08001bb6   0x00000002   Code   RO         1181    i.PendSV_Handler    stm32f4xx_it.o
    0x08001bb8   0x00000018   Code   RO          164    i.RCC_AHB1PeriphClockCmd  stm32f4xx_rcc.o
    0x08001bd0   0x00000018   Code   RO          170    i.RCC_AHB3PeriphClockCmd  stm32f4xx_rcc.o
    0x08001be8   0x00000018   Code   RO          176    i.RCC_APB2PeriphClockCmd  stm32f4xx_rcc.o
    0x08001c00   0x00000094   Code   RO          185    i.RCC_GetClocksFreq  stm32f4xx_rcc.o
    0x08001c94   0x00000388   Code   RO         1262    i.SDRAM_GpioConfig  sdram.o
    0x0800201c   0x0000005c   Code   RO         1263    i.SDRAM_Init        sdram.o
    0x08002078   0x000000b4   Code   RO         1264    i.SDRAM_InitSequence  sdram.o
    0x0800212c   0x00000002   Code   RO         1182    i.SVC_Handler       stm32f4xx_it.o
    0x0800212e   0x00000002   PAD
    0x08002130   0x000000d0   Code   RO           13    i.SetSysClock       system_stm32f4xx.o
    0x08002200   0x00000002   Code   RO         1183    i.SysTick_Handler   stm32f4xx_it.o
    0x08002202   0x00000002   PAD
    0x08002204   0x0000005c   Code   RO           15    i.SystemInit        system_stm32f4xx.o
    0x08002260   0x00000014   Code   RO          795    i.USART_Cmd         stm32f4xx_usart.o
    0x08002274   0x0000000e   Code   RO          798    i.USART_GetFlagStatus  stm32f4xx_usart.o
    0x08002282   0x00000002   PAD
    0x08002284   0x000000ac   Code   RO          802    i.USART_Init        stm32f4xx_usart.o
    0x08002330   0x00000008   Code   RO          812    i.USART_SendData    stm32f4xx_usart.o
    0x08002338   0x00000002   Code   RO         1184    i.UsageFault_Handler  stm32f4xx_it.o
    0x0800233a   0x00000002   PAD
    0x0800233c   0x00000098   Code   RO         1296    i.Usart_Init        usart.o
    0x080023d4   0x00000100   Code   RO          983    i.Zbar_Test         main.o
    0x080024d4   0x0000000e   Code   RO         3156    i._is_digit         c_w.l(__printf_wp.o)
    0x080024e2   0x00000004   Code   RO         1061    i._sys_close        standalone.o
    0x080024e6   0x00000004   Code   RO         1062    i._sys_command_string  standalone.o
    0x080024ea   0x00000002   Code   RO         1064    i._sys_exit         standalone.o
    0x080024ec   0x00000004   Code   RO         1065    i._sys_flen         standalone.o
    0x080024f0   0x00000004   Code   RO         1066    i._sys_istty        standalone.o
    0x080024f4   0x00000004   Code   RO         1067    i._sys_open         standalone.o
    0x080024f8   0x00000004   Code   RO         1069    i._sys_seek         standalone.o
    0x080024fc   0x00000004   Code   RO         1071    i._sys_write        standalone.o
    0x08002500   0x00000002   Code   RO         1072    i._ttywrch          standalone.o
    0x08002502   0x000000f4   Code   RO         1386    i._zbar_decode_code128  code128.o
    0x080025f6   0x00000002   PAD
    0x080025f8   0x000001bc   Code   RO         1317    i._zbar_decode_code39  code39.o
    0x080027b4   0x0000009c   Code   RO         1449    i._zbar_decode_ean  ean.o
    0x08002850   0x0000012c   Code   RO         1534    i._zbar_decode_i25  i25.o
    0x0800297c   0x000000ba   Code   RO         1566    i._zbar_decode_pdf417  pdf417.o
    0x08002a36   0x00000006   Code   RO         1612    i._zbar_decoder_get_qr_finder_line  qr_finder.o
    0x08002a3c   0x000000dc   Code   RO         1613    i._zbar_find_qr     qr_finder.o
    0x08002b18   0x0000001e   Code   RO         2466    i._zbar_image_free  image.o
    0x08002b36   0x00000032   Code   RO         2467    i._zbar_image_refcnt  image.o
    0x08002b68   0x00000046   Code   RO         2629    i._zbar_image_scanner_add_sym  img_scanner.o
    0x08002bae   0x000000ba   Code   RO         2733    i._zbar_image_scanner_alloc_sym  img_scanner.o
    0x08002c68   0x0000009c   Code   RO         2630    i._zbar_image_scanner_recycle_syms  img_scanner.o
    0x08002d04   0x00000026   Code   RO         1771    i._zbar_qr_create   qrdec.o
    0x08002d2a   0x00000002   PAD
    0x08002d2c   0x00000110   Code   RO         1772    i._zbar_qr_decode   qrdec.o
    0x08002e3c   0x0000006c   Code   RO         1773    i._zbar_qr_destroy  qrdec.o
    0x08002ea8   0x0000004a   Code   RO         1774    i._zbar_qr_found_line  qrdec.o
    0x08002ef2   0x0000000c   Code   RO         1775    i._zbar_qr_reset    qrdec.o
    0x08002efe   0x00000012   Code   RO         2631    i._zbar_refcnt      img_scanner.o
    0x08002f10   0x00000012   Code   RO         2849    i._zbar_refcnt      symbol.o
    0x08002f22   0x00000002   Code   RO         2758    i._zbar_refcnt_init  refcnt.o
    0x08002f24   0x00000032   Code   RO         2850    i._zbar_symbol_free  symbol.o
    0x08002f56   0x00000020   Code   RO         2851    i._zbar_symbol_refcnt  symbol.o
    0x08002f76   0x00000016   Code   RO         2852    i._zbar_symbol_set_create  symbol.o
    0x08002f8c   0x0000002a   Code   RO         2984    i._zbar_symbol_set_free  symbol.o
    0x08002fb6   0x00000088   Code   RO         1450    i.aux_end           ean.o
    0x0800303e   0x0000009c   Code   RO         1451    i.aux_start         ean.o
    0x080030da   0x00000002   PAD
    0x080030dc   0x0000007c   Code   RO         1657    i.bch15_5_calc_epos  bch15_5.o
    0x08003158   0x00000070   Code   RO         1658    i.bch15_5_calc_omega  bch15_5.o
    0x080031c8   0x0000009c   Code   RO         1659    i.bch15_5_calc_syndrome  bch15_5.o
    0x08003264   0x00000050   Code   RO         1660    i.bch15_5_correct   bch15_5.o
    0x080032b4   0x00000044   Code   RO         1661    i.bch15_5_encode    bch15_5.o
    0x080032f8   0x000000ce   Code   RO         2632    i.cache_sym         img_scanner.o
    0x080033c6   0x00000036   Code   RO         2770    i.calc_thresh       scanner.o
    0x080033fc   0x00000016   Code   RO         2271    i.code128_reset     decoder.o
    0x08003412   0x00000032   Code   RO         1318    i.code39_decode1    code39.o
    0x08003444   0x000000c4   Code   RO         1319    i.code39_decode9    code39.o
    0x08003508   0x00000016   Code   RO         2272    i.code39_reset      decoder.o
    0x0800351e   0x000000c8   Code   RO         1452    i.decode4           ean.o
    0x080035e6   0x00000002   PAD
    0x080035e8   0x000001fc   Code   RO         1387    i.decode6           code128.o
    0x080037e4   0x0000001c   Code   RO         1388    i.decode_e          code128.o
    0x08003800   0x0000001c   Code   RO         1453    i.decode_e          ean.o
    0x0800381c   0x0000001c   Code   RO         1535    i.decode_e          i25.o
    0x08003838   0x0000001c   Code   RO         1567    i.decode_e          pdf417.o
    0x08003854   0x0000001c   Code   RO         1614    i.decode_e          qr_finder.o
    0x08003870   0x000000dc   Code   RO         1389    i.decode_hi         code128.o
    0x0800394c   0x00000104   Code   RO         1454    i.decode_pass       ean.o
    0x08003a50   0x000000c2   Code   RO         2273    i.decoder_set_config_bool  decoder.o
    0x08003b12   0x00000002   PAD
    0x08003b14   0x0000016c   Code   RO         2633    i.dump_stats        img_scanner.o
    0x08003c80   0x000000b4   Code   RO         1455    i.ean_expand_upce   ean.o
    0x08003d34   0x00000012   Code   RO         2274    i.ean_new_scan      decoder.o
    0x08003d46   0x00000002   PAD
    0x08003d48   0x000000d8   Code   RO         1456    i.ean_part_end7     ean.o
    0x08003e20   0x00000054   Code   RO         1457    i.ean_verify_checksum  ean.o
    0x08003e74   0x00000024   Code   RO         1074    i.fputc             standalone.o
    0x08003e98   0x00000010   Code   RO         1320    i.get_width         code39.o
    0x08003ea8   0x00000010   Code   RO         1390    i.get_width         code128.o
    0x08003eb8   0x00000010   Code   RO         1458    i.get_width         ean.o
    0x08003ec8   0x00000010   Code   RO         1536    i.get_width         i25.o
    0x08003ed8   0x00000010   Code   RO         1568    i.get_width         pdf417.o
    0x08003ee8   0x00000010   Code   RO         1615    i.get_width         qr_finder.o
    0x08003ef8   0x00000014   Code   RO         1662    i.gf16_hmul         bch15_5.o
    0x08003f0c   0x0000001c   Code   RO         1663    i.gf16_mul          bch15_5.o
    0x08003f28   0x00000080   Code   RO         1537    i.i25_decode10      i25.o
    0x08003fa8   0x000000e6   Code   RO         1538    i.i25_decode_end    i25.o
    0x0800408e   0x00000016   Code   RO         2275    i.i25_reset         decoder.o
    0x080040a4   0x000001d6   Code   RO         1459    i.integrate_partial  ean.o
    0x0800427a   0x00000002   PAD
    0x0800427c   0x00000124   Code   RO         1730    i.isaac_init        isaac.o
    0x080043a0   0x0000008c   Code   RO         1731    i.isaac_mix         isaac.o
    0x0800442c   0x00000022   Code   RO         1732    i.isaac_next_uint   isaac.o
    0x0800444e   0x0000001c   Code   RO         1733    i.isaac_next_uint32  isaac.o
    0x0800446a   0x00000002   PAD
    0x0800446c   0x000001c6   Code   RO         1734    i.isaac_update      isaac.o
    0x08004632   0x00000002   PAD
    0x08004634   0x0000002c   Code   RO          984    i.main              main.o
    0x08004660   0x0000001a   Code   RO         1616    i.pair_width        qr_finder.o
    0x0800467a   0x00000002   PAD
    0x0800467c   0x000000e0   Code   RO         1569    i.pdf417_decode8    pdf417.o
    0x0800475c   0x00000016   Code   RO         2276    i.pdf417_reset      decoder.o
    0x08004772   0x0000011a   Code   RO         1391    i.postprocess       code128.o
    0x0800488c   0x00000104   Code   RO         1460    i.postprocess       ean.o
    0x08004990   0x000000a6   Code   RO         1392    i.postprocess_c     code128.o
    0x08004a36   0x00000028   Code   RO         2771    i.process_edge      scanner.o
    0x08004a5e   0x0000009c   Code   RO         1776    i.qr_aff_init       qrdec.o
    0x08004afa   0x000000c6   Code   RO         1777    i.qr_aff_line_step  qrdec.o
    0x08004bc0   0x00000040   Code   RO         1778    i.qr_aff_project    qrdec.o
    0x08004c00   0x0000002c   Code   RO         1779    i.qr_aff_unproject  qrdec.o
    0x08004c2c   0x00000062   Code   RO         1780    i.qr_alignment_pattern_fetch  qrdec.o
    0x08004c8e   0x00000002   PAD
    0x08004c90   0x00000448   Code   RO         1781    i.qr_alignment_pattern_search  qrdec.o
    0x080050d8   0x00000224   Code   RO         1705    i.qr_binarize       binarize.o
    0x080052fc   0x0000004a   Code   RO         1782    i.qr_cmp_edge_pt    qrdec.o
    0x08005346   0x00000002   PAD
    0x08005348   0x00000038   Code   RO         1783    i.qr_code_data_clear  qrdec.o
    0x08005380   0x0000002c   Code   RO         1784    i.qr_code_data_list_clear  qrdec.o
    0x080053ac   0x000003e4   Code   RO         2103    i.qr_code_data_list_extract_text  qrdectxt.o
    0x08005790   0x0000000a   Code   RO         1785    i.qr_code_data_list_init  qrdec.o
    0x0800579a   0x00000002   PAD
    0x0800579c   0x000003b0   Code   RO         1786    i.qr_code_data_parse  qrdec.o
    0x08005b4c   0x000001d4   Code   RO         1787    i.qr_code_decode    qrdec.o
    0x08005d20   0x00000210   Code   RO         1788    i.qr_data_mask_fill  qrdec.o
    0x08005f30   0x00000076   Code   RO         1789    i.qr_finder_center_cmp  qrdec.o
    0x08005fa6   0x00000002   PAD
    0x08005fa8   0x000000fc   Code   RO         1790    i.qr_finder_centers_locate  qrdec.o
    0x080060a4   0x000001b4   Code   RO         1791    i.qr_finder_cluster_lines  qrdec.o
    0x08006258   0x000000d0   Code   RO         1792    i.qr_finder_edge_pts_aff_classify  qrdec.o
    0x08006328   0x0000008c   Code   RO         1793    i.qr_finder_edge_pts_fill  qrdec.o
    0x080063b4   0x000000e8   Code   RO         1794    i.qr_finder_edge_pts_hom_classify  qrdec.o
    0x0800649c   0x00000166   Code   RO         1795    i.qr_finder_estimate_module_size_and_version  qrdec.o
    0x08006602   0x00000002   PAD
    0x08006604   0x00000210   Code   RO         1796    i.qr_finder_find_crossings  qrdec.o
    0x08006814   0x000002fe   Code   RO         1797    i.qr_finder_fmt_info_decode  qrdec.o
    0x08006b12   0x0000002a   Code   RO         1798    i.qr_finder_lines_are_crossing  qrdec.o
    0x08006b3c   0x00000158   Code   RO         1799    i.qr_finder_locate_crossing  qrdec.o
    0x08006c94   0x00000084   Code   RO         1800    i.qr_finder_quick_crossing_check  qrdec.o
    0x08006d18   0x00000194   Code   RO         1801    i.qr_finder_ransac  qrdec.o
    0x08006eac   0x00000164   Code   RO         1802    i.qr_finder_version_decode  qrdec.o
    0x08007010   0x0000004a   Code   RO         1803    i.qr_finder_vline_cmp  qrdec.o
    0x0800705a   0x00000018   Code   RO         1804    i.qr_hamming_dist   qrdec.o
    0x08007072   0x00000002   PAD
    0x08007074   0x00000094   Code   RO         2634    i.qr_handler        img_scanner.o
    0x08007108   0x00000060   Code   RO         1805    i.qr_hom_cell_fproject  qrdec.o
    0x08007168   0x0000080c   Code   RO         1806    i.qr_hom_cell_init  qrdec.o
    0x08007974   0x00000048   Code   RO         1807    i.qr_hom_cell_project  qrdec.o
    0x080079bc   0x00000ae4   Code   RO         1808    i.qr_hom_fit        qrdec.o
    0x080084a0   0x00000060   Code   RO         1809    i.qr_hom_fproject   qrdec.o
    0x08008500   0x00000784   Code   RO         1810    i.qr_hom_init       qrdec.o
    0x08008c84   0x00000098   Code   RO         1811    i.qr_hom_unproject  qrdec.o
    0x08008d1c   0x000000b4   Code   RO         2231    i.qr_ihypot         util.o
    0x08008dd0   0x00000046   Code   RO         2232    i.qr_ilog           util.o
    0x08008e16   0x000000a4   Code   RO         1812    i.qr_img_get_bit    qrdec.o
    0x08008eba   0x00000002   PAD
    0x08008ebc   0x0000002a   Code   RO         2233    i.qr_isqrt          util.o
    0x08008ee6   0x00000010   Code   RO         1813    i.qr_line_eval      qrdec.o
    0x08008ef6   0x00000132   Code   RO         1814    i.qr_line_fit       qrdec.o
    0x08009028   0x00000066   Code   RO         1815    i.qr_line_fit_finder_edge  qrdec.o
    0x0800908e   0x00000002   PAD
    0x08009090   0x0000012c   Code   RO         1816    i.qr_line_fit_finder_pair  qrdec.o
    0x080091bc   0x00000250   Code   RO         1817    i.qr_line_fit_points  qrdec.o
    0x0800940c   0x00000020   Code   RO         1818    i.qr_line_orient    qrdec.o
    0x0800942c   0x0000000e   Code   RO         1819    i.qr_pack_buf_avail  qrdec.o
    0x0800943a   0x00000068   Code   RO         1820    i.qr_pack_buf_read  qrdec.o
    0x080094a2   0x0000001e   Code   RO         1821    i.qr_point_ccw      qrdec.o
    0x080094c0   0x00000014   Code   RO         1822    i.qr_point_distance2  qrdec.o
    0x080094d4   0x0000000e   Code   RO         1823    i.qr_point_translate  qrdec.o
    0x080094e2   0x00000002   PAD
    0x080094e4   0x00000200   Code   RO         1824    i.qr_reader_match_centers  qrdec.o
    0x080096e4   0x000002f8   Code   RO         1825    i.qr_reader_try_configuration  qrdec.o
    0x080099dc   0x000001ac   Code   RO         1826    i.qr_samples_unpack  qrdec.o
    0x08009b88   0x00000054   Code   RO         1827    i.qr_sampling_grid_fp_mask_rect  qrdec.o
    0x08009bdc   0x00000720   Code   RO         1828    i.qr_sampling_grid_init  qrdec.o
    0x0800a2fc   0x00000154   Code   RO         1829    i.qr_sampling_grid_sample  qrdec.o
    0x0800a450   0x0000001a   Code   RO         2635    i.quiet_border      img_scanner.o
    0x0800a46a   0x00000028   Code   RO         2636    i.recycle_syms      img_scanner.o
    0x0800a492   0x00000190   Code   RO         2152    i.rs_correct        rs.o
    0x0800a622   0x00000118   Code   RO         2153    i.rs_cubic_solve    rs.o
    0x0800a73a   0x00000002   PAD
    0x0800a73c   0x000000a4   Code   RO         2155    i.rs_find_roots     rs.o
    0x0800a7e0   0x00000014   Code   RO         2156    i.rs_gdiv           rs.o
    0x0800a7f4   0x00000038   Code   RO         2157    i.rs_gf256_init     rs.o
    0x0800a82c   0x00000016   Code   RO         2158    i.rs_gmul           rs.o
    0x0800a842   0x0000001c   Code   RO         2159    i.rs_gsqrt          rs.o
    0x0800a85e   0x00000012   Code   RO         2160    i.rs_hgmul          rs.o
    0x0800a870   0x0000018c   Code   RO         2161    i.rs_modified_berlekamp_massey  rs.o
    0x0800a9fc   0x00000004   Code   RO         2162    i.rs_poly_zero      rs.o
    0x0800aa00   0x000001d8   Code   RO         2163    i.rs_quadratic_solve  rs.o
    0x0800abd8   0x0000015a   Code   RO         2164    i.rs_quartic_solve  rs.o
    0x0800ad32   0x0000003a   Code   RO         1393    i.size_buf          code128.o
    0x0800ad6c   0x0000003a   Code   RO         2104    i.sym_add_point     qrdectxt.o
    0x0800ada6   0x0000003a   Code   RO         2637    i.sym_add_point     img_scanner.o
    0x0800ade0   0x000000e4   Code   RO         2638    i.symbol_handler    img_scanner.o
    0x0800aec4   0x0000005e   Code   RO         1394    i.validate_checksum  code128.o
    0x0800af22   0x000000c2   Code   RO         2277    i.zbar_decode_width  decoder.o
    0x0800afe4   0x0000005a   Code   RO         2278    i.zbar_decoder_create  decoder.o
    0x0800b03e   0x00000016   Code   RO         2279    i.zbar_decoder_destroy  decoder.o
    0x0800b054   0x00000004   Code   RO         2281    i.zbar_decoder_get_data  decoder.o
    0x0800b058   0x00000004   Code   RO         2282    i.zbar_decoder_get_data_length  decoder.o
    0x0800b05c   0x00000006   Code   RO         2283    i.zbar_decoder_get_type  decoder.o
    0x0800b062   0x00000004   Code   RO         2284    i.zbar_decoder_get_userdata  decoder.o
    0x0800b066   0x00000042   Code   RO         2285    i.zbar_decoder_new_scan  decoder.o
    0x0800b0a8   0x00000042   Code   RO         2286    i.zbar_decoder_reset  decoder.o
    0x0800b0ea   0x000000ca   Code   RO         2287    i.zbar_decoder_set_config  decoder.o
    0x0800b1b4   0x00000008   Code   RO         2288    i.zbar_decoder_set_handler  decoder.o
    0x0800b1bc   0x00000004   Code   RO         2289    i.zbar_decoder_set_userdata  decoder.o
    0x0800b1c0   0x000000c8   Code   RO         2854    i.zbar_get_symbol_name  symbol.o
    0x0800b288   0x00000022   Code   RO         2469    i.zbar_image_create  image.o
    0x0800b2aa   0x00000008   Code   RO         2470    i.zbar_image_destroy  image.o
    0x0800b2b2   0x0000000a   Code   RO         2471    i.zbar_image_first_symbol  image.o
    0x0800b2bc   0x00000054   Code   RO         2599    i.zbar_image_free_data  image.o
    0x0800b310   0x0000005c   Code   RO         2639    i.zbar_image_scanner_create  img_scanner.o
    0x0800b36c   0x00000066   Code   RO         2640    i.zbar_image_scanner_destroy  img_scanner.o
    0x0800b3d2   0x00000062   Code   RO         2727    i.zbar_image_scanner_recycle_image  img_scanner.o
    0x0800b434   0x0000004c   Code   RO         2643    i.zbar_image_scanner_set_config  img_scanner.o
    0x0800b480   0x0000001a   Code   RO         2481    i.zbar_image_set_data  image.o
    0x0800b49a   0x00000004   Code   RO         2482    i.zbar_image_set_format  image.o
    0x0800b49e   0x00000006   Code   RO         2484    i.zbar_image_set_size  image.o
    0x0800b4a4   0x00000358   Code   RO         2645    i.zbar_scan_image   img_scanner.o
    0x0800b7fc   0x00000146   Code   RO         2772    i.zbar_scan_y       scanner.o
    0x0800b942   0x0000001c   Code   RO         2773    i.zbar_scanner_create  scanner.o
    0x0800b95e   0x00000004   Code   RO         2774    i.zbar_scanner_destroy  scanner.o
    0x0800b962   0x00000046   Code   RO         2836    i.zbar_scanner_flush  scanner.o
    0x0800b9a8   0x00000020   Code   RO         2776    i.zbar_scanner_get_edge  scanner.o
    0x0800b9c8   0x00000004   Code   RO         2778    i.zbar_scanner_get_width  scanner.o
    0x0800b9cc   0x00000034   Code   RO         2779    i.zbar_scanner_new_scan  scanner.o
    0x0800ba00   0x0000001c   Code   RO         2780    i.zbar_scanner_reset  scanner.o
    0x0800ba1c   0x00000004   Code   RO         2858    i.zbar_symbol_get_data  symbol.o
    0x0800ba20   0x00000004   Code   RO         2864    i.zbar_symbol_get_type  symbol.o
    0x0800ba24   0x00000008   Code   RO         2865    i.zbar_symbol_next  symbol.o
    0x0800ba2c   0x0000001e   Code   RO         2869    i.zbar_symbol_set_ref  symbol.o
    0x0800ba4a   0x00000002   PAD
    0x0800ba4c   0x00000078   Code   RO         2105    i.zbar_utf8_to_gb18030  qrdectxt.o
    0x0800bac4   0x0000000a   Code   RO         3446    x$fpl$fpinit        fz_wm.l(fpinit.o)
    0x0800bace   0x00013240   Data   RO          985    .constdata          main.o
    0x0801ed0e   0x00000096   Data   RO         1076    .constdata          standalone.o
    0x0801eda4   0x00000096   Data   RO         1077    .constdata          standalone.o
    0x0801ee3a   0x00000096   Data   RO         1078    .constdata          standalone.o
    0x0801eed0   0x000000d0   Data   RO         1321    .constdata          code39.o
    0x0801efa0   0x000000f4   Data   RO         1395    .constdata          code128.o
    0x0801f094   0x00000034   Data   RO         1461    .constdata          ean.o
    0x0801f0c8   0x00002000   Data   RO         1571    .constdata          pdf417.o
    0x080210c8   0x0000002f   Data   RO         1664    .constdata          bch15_5.o
    0x080210f7   0x00000008   Data   RO         1735    .constdata          isaac.o
    0x080210ff   0x00000001   PAD
    0x08021100   0x00000264   Data   RO         1830    .constdata          qrdec.o
    0x08021364   0x0000a34c   Data   RO         2106    .constdata          qrdectxt.o
    0x0802b6b0   0x0000001b   Data   RO         2646    .constdata          img_scanner.o
    0x0802b6cb   0x00000028   Data   RO         3138    .constdata          c_w.l(_printf_hex_int_ptr.o)
    0x0802b6f3   0x00000011   Data   RO         3164    .constdata          c_w.l(__printf_flags_ss_wp.o)
    0x0802b704   0x000000e3   Data   RO         2423    .conststring        error.o
    0x0802b7e7   0x00000001   PAD
    0x0802b7e8   0x00000030   Data   RO         3515    Region$$Table       anon$$obj.o


    Execution Region RW_IRAM_DATA (Base: 0x20000000, Size: 0x000001b0, Max: 0x00030000, ABSOLUTE)

    Base Addr    Size         Type   Attr      Idx    E Section Name        Object

    0x20000000   0x00000010   Data   RW          217    .data               stm32f4xx_rcc.o
    0x20000010   0x00000038   Data   RW         2424    .data               error.o
    0x20000048   0x00000004   Data   RW         3186    .data               c_w.l(stdio_streams.o)
    0x2000004c   0x00000004   Data   RW         3187    .data               c_w.l(stdio_streams.o)
    0x20000050   0x00000004   Data   RW         3188    .data               c_w.l(stdio_streams.o)
    0x20000054   0x00000054   Zero   RW         3183    .bss                c_w.l(stdio_streams.o)
    0x200000a8   0x00000054   Zero   RW         3184    .bss                c_w.l(stdio_streams.o)
    0x200000fc   0x00000054   Zero   RW         3185    .bss                c_w.l(stdio_streams.o)
    0x20000150   0x00000060   Zero   RW         3234    .bss                c_w.l(libspace.o)


    Execution Region ARM_LIB_STACK (Base: 0x200001b0, Size: 0x0002fe50, Max: 0x0002fe50, ABSOLUTE)

    Base Addr    Size         Type   Attr      Idx    E Section Name        Object

    0x200001b0   0x0002fe50   Zero   RW            1    ARM_LIB_STACK.bss   anon$$obj.o


    Execution Region RW_ERAM (Base: 0xd0000000, Size: 0x0000000c, Max: 0x00800000, ABSOLUTE)

    Base Addr    Size         Type   Attr      Idx    E Section Name        Object

    0xd0000000   0x0000000c   Data   RW          986    .data               main.o


    Execution Region ARM_LIB_HEAP (Base: 0xd000000c, Size: 0x007ffff4, Max: 0x007ffff4, ABSOLUTE)

    Base Addr    Size         Type   Attr      Idx    E Section Name        Object

    0xd000000c   0x007ffff4   Zero   RW            2    ARM_LIB_HEAP.bss    anon$$obj.o


==============================================================================

Image component sizes


      Code (inc. data)   RO Data    RW Data    ZI Data      Debug   Object Name

       588         26         47          0          0       5243   bch15_5.o
       548          0          0          0          0       1158   binarize.o
      1616          8        244          0          0      12947   code128.o
       706         18        208          0          0      12018   code39.o
         0          0          0          0          0       2772   config.o
       970          6          0          0          0      18026   decoder.o
      2162         16         52          0          0      15599   ean.o
         0          0        227         56          0       2438   error.o
       702          6          0          0          0       4191   i25.o
       252          0          0          0          0      10491   image.o
      2724        372         27          0          0      18663   img_scanner.o
       948         10          8          0          0       4419   isaac.o
       300         86      78400         12          0       8594   main.o
       454          4       8192          0          0       8646   pdf417.o
       296          0          0          0          0       8131   qr_finder.o
     21528        160        612          0          0      57655   qrdec.o
      1174         12      41804          0          0      11640   qrdectxt.o
         2          0          0          0          0        464   refcnt.o
      2206          0          0          0          0      10709   rs.o
       638          0          0          0          0       9958   scanner.o
      1176         30          0          0          0       2641   sdram.o
        68          6        450          0          0       5911   standalone.o
        44         12        428          0          0        980   startup_stm32f429_439xx.o
       394          4          0          0          0       3675   stm32f4xx_fmc.o
       194          0          0          0          0       1851   stm32f4xx_gpio.o
        22          0          0          0          0       5226   stm32f4xx_it.o
       220         34          0         16          0       4927   stm32f4xx_rcc.o
       214          8          0          0          0       3420   stm32f4xx_usart.o
       410        108          0          0          0      10000   symbol.o
       300         36          0          0          0     288757   system_stm32f4xx.o
       152         10          0          0          0        669   usart.o
       292          4          0          0          0       1933   util.o

    ----------------------------------------------------------------------
     41350        976     130749         84    8584772     553752   Object Totals
         0          0         48          0    8584772          0   (incl. Generated)
        50          0          2          0          0          0   (incl. Padding)

    ----------------------------------------------------------------------

      Code (inc. data)   RO Data    RW Data    ZI Data      Debug   Library Member Name

        20          0          0          0          0         84   __2fprintf.o
        24          4          0          0          0         84   __2printf.o
        78          0          0          0          0        112   __dup.o
         8          0          0          0          0         68   __main.o
       392          4         17          0          0         92   __printf_flags_ss_wp.o
        14          0          0          0          0         68   __printf_wp.o
         0          0          0          0          0          0   __rtentry.o
        12          0          0          0          0          0   __rtentry2.o
         8          4          0          0          0          0   __rtentry7.o
        52          8          0          0          0          0   __scatter.o
        26          0          0          0          0          0   __scatter_copy.o
        28          0          0          0          0          0   __scatter_zi.o
       264          0          0          0          0         96   _get_argv.o
       320         14          0          0          0        152   _main_redirect.o
        44          0          0          0          0        108   _printf_char.o
        48          6          0          0          0         96   _printf_char_common.o
        36          4          0          0          0         80   _printf_char_file.o
         6          0          0          0          0          0   _printf_d.o
       120         16          0          0          0         92   _printf_dec.o
       124          4         40          0          0        144   _printf_hex_int_ptr.o
       178          0          0          0          0         88   _printf_intcommon.o
         6          0          0          0          0          0   _printf_p.o
        78          0          0          0          0        108   _printf_pad.o
         0          0          0          0          0          0   _printf_percent.o
         4          0          0          0          0          0   _printf_percent_end.o
         6          0          0          0          0          0   _printf_s.o
        82          0          0          0          0         80   _printf_str.o
         6          0          0          0          0          0   _printf_x.o
        16          0          0          0          0         72   abort.o
        16          0          0          0          0         68   aeabi_memset.o
         4          0          0          0          0         68   argv_veneer.o
        40          0          0          0          0         80   calloc.o
        48         34          0          0          0         76   defsig_abrt_inner.o
        14          0          0          0          0         80   defsig_abrt_outer.o
        10          0          0          0          0         68   defsig_exit.o
        50          0          0          0          0         88   defsig_general.o
        80         58          0          0          0         76   defsig_rtmem_inner.o
        14          0          0          0          0         80   defsig_rtmem_outer.o
        52         38          0          0          0         76   defsig_rtred_inner.o
        14          0          0          0          0         80   defsig_rtred_outer.o
        12          0          0          0          0         72   exit.o
        76          0          0          0          0         88   fclose.o
         8          0          0          0          0         68   ferror.o
       236          4          0          0          0        128   fopen.o
       248          6          0          0          0         84   fseek.o
        66          0          0          0          0         76   ftell.o
        94          0          0          0          0         80   h1_alloc.o
        52          0          0          0          0         68   h1_extend.o
        78          0          0          0          0         80   h1_free.o
        14          0          0          0          0         84   h1_init.o
       184          0          0          0          0         92   h1_realloc.o
         4          0          0          0          0        136   hguard.o
         4          0          0          0          0        136   hrguard.o
       138          0          0          0          0        168   init_alloc.o
       312         46          0          0          0        112   initio.o
         2          0          0          0          0          0   libinit.o
        18          0          0          0          0          0   libinit2.o
        16          8          0          0          0          0   libinit5.o
         2          0          0          0          0          0   libshutdown.o
         6          0          0          0          0          0   libshutdown2.o
         0          0          0          0         96          0   libspace.o
        72          0          0          0          0         76   llsdiv.o
        38          0          0          0          0         68   llsshr.o
       238          0          0          0          0        100   lludivv7m.o
         0          0          0          0          0          0   maybetermalloc1.o
        20          0          0          0          0         68   memchr.o
        88          0          0          0          0         76   memcmp.o
       612          0          0          0          0        136   qsortnoex.o
         8          4          0          0          0         68   rt_errno_addr_intlibspace.o
         8          4          0          0          0         68   rt_heap_descriptor_intlibspace.o
        68          0          0          0          0         68   rt_memclr.o
        78          0          0          0          0         80   rt_memclr_w.o
       138          0          0          0          0         68   rt_memcpy_v6.o
       100          0          0          0          0         80   rt_memcpy_w.o
       132          0          0          0          0         68   rt_memmove_v6.o
       122          0          0          0          0         80   rt_memmove_w.o
         2          0          0          0          0          0   rtexit.o
        10          0          0          0          0          0   rtexit2.o
        70          0          0          0          0         80   setvbuf.o
       240          6          0          0          0        156   stdio.o
         0          0          0         12        252          0   stdio_streams.o
        62          0          0          0          0         76   strlen.o
         2          0          0          0          0         68   use_no_semi.o
        10          0          0          0          0        116   fpinit.o

    ----------------------------------------------------------------------
      6044        272         57         12        348       5536   Library Totals
        14          0          0          0          0          0   (incl. Padding)

    ----------------------------------------------------------------------

      Code (inc. data)   RO Data    RW Data    ZI Data      Debug   Library Name

      6020        272         57         12        348       5420   c_w.l
        10          0          0          0          0        116   fz_wm.l

    ----------------------------------------------------------------------
      6044        272         57         12        348       5536   Library Totals

    ----------------------------------------------------------------------

==============================================================================


      Code (inc. data)   RO Data    RW Data    ZI Data      Debug   

     47394       1248     130806         96    8585120     533320   Grand Totals
     47394       1248     130806         96    8585120     533320   ELF Image Totals
     47394       1248     130806         96          0          0   ROM Totals

==============================================================================

    Total RO  Size (Code + RO Data)               178200 ( 174.02kB)
    Total RW  Size (RW Data + ZI Data)           8585216 (8384.00kB)
    Total ROM Size (Code + RO Data + RW Data)     178296 ( 174.12kB)

==============================================================================

