<html>
<body>
<pre>
<h1>礦ision Build Log</h1>
<h2>Tool Versions:</h2>
IDE-Version: μVision V5.14.0.0
Copyright (C) 2015 ARM Ltd and ARM Germany GmbH. All rights reserved.
License Information: 1 1, 1, LIC=JDALQ-NCHWP-SE0H0-BEHNK-FJ8CJ-MA66L
 
Tool Versions:
Toolchain:       MDK-ARM Professional  Version: 5.14.0.0
Toolchain Path:  F:\Keil_v5\ARM\ARMCC\Bin
C Compiler:      Armcc.exe V5.05 update 1 (build 106)
Assembler:       Armasm.exe V5.05 update 1 (build 106)
Linker/Locator:  ArmLink.exe V5.05 update 1 (build 106)
Library Manager: ArmAr.exe V5.05 update 1 (build 106)
Hex Converter:   FromElf.exe V5.05 update 1 (build 106)
CPU DLL:         SARMCM3.DLL V5.14.0.0
Dialog DLL:      DARMSTM.DLL V1.65.0.0
Target DLL:      Segger\JL2CM3.dll V2.99.13.0
Dialog DLL:      TARMSTM.DLL V1.64.0.0
 
<h2>Project:</h2>
D:\1111111\练兵\单相表\24位ADS1256\实验17  ADC实验\USER\ADC.uvprojx
Project File Date:  07/16/2019

<h2>Output:</h2>
Build target 'ADC'
compiling main.c...
main.c(161): warning:  #181-D: argument is incompatible with corresponding format string conversion
                                printf("ADS_OUTPUT:%lf\r\n",ADS_OUTPUT);
main.c(217): warning:  #181-D: argument is incompatible with corresponding format string conversion
                                printf("ADS_OUTPUT:%lf\r\n",ADS_OUTPUT);
main.c(272): warning:  #181-D: argument is incompatible with corresponding format string conversion
                                printf("ADS_OUTPUT:%lf\r\n",ADS_OUTPUT);
main.c(283): warning:  #181-D: argument is incompatible with corresponding format string conversion
                                                        printf("electric_app0:%lf\r\n",electric_app0[i]);
main.c(288): warning:  #181-D: argument is incompatible with corresponding format string conversion
                                                printf("electric_app_store0:%lf\r\n",electric_app_store0);
main.c(298): warning:  #181-D: argument is incompatible with corresponding format string conversion
                                                        printf("electric_app1:%lf\r\n",electric_app1[i]);
main.c(303): warning:  #181-D: argument is incompatible with corresponding format string conversion
                                                printf("electric_app_store1:%lf\r\n",electric_app_store1);
main.c(310): warning:  #181-D: argument is incompatible with corresponding format string conversion
                                                        printf("electric_app2:%lf\r\n",electric_app2[i]);
main.c(315): warning:  #181-D: argument is incompatible with corresponding format string conversion
                                                printf("electric_app_store2:%lf\r\n",electric_app_store2);
main.c(322): warning:  #181-D: argument is incompatible with corresponding format string conversion
                                                        printf("electric_app3:%lf\r\n",electric_app3[i]);
main.c(327): warning:  #181-D: argument is incompatible with corresponding format string conversion
                                                printf("electric_app_store3:%lf\r\n",electric_app_store3);
main.c(334): warning:  #181-D: argument is incompatible with corresponding format string conversion
                                                        printf("electric_app4:%lf\r\n",electric_app4[i]);
main.c(339): warning:  #181-D: argument is incompatible with corresponding format string conversion
                                                printf("electric_app_store4:%lf\r\n",electric_app_store4);
main.c(346): warning:  #181-D: argument is incompatible with corresponding format string conversion
                                                        printf("electric_app5:%lf\r\n",electric_app5[i]);
main.c(351): warning:  #181-D: argument is incompatible with corresponding format string conversion
                                                printf("electric_app_store5:%lf\r\n",electric_app_store5);
main.c(358): warning:  #181-D: argument is incompatible with corresponding format string conversion
                                                        printf("electric_app6:%lf\r\n",electric_app6[i]);
main.c(363): warning:  #181-D: argument is incompatible with corresponding format string conversion
                                                printf("electric_app_store6:%lf\r\n",electric_app_store6);
main.c(370): warning:  #181-D: argument is incompatible with corresponding format string conversion
                                                        printf("electric_app7:%lf\r\n",electric_app7[i]);
main.c(375): warning:  #181-D: argument is incompatible with corresponding format string conversion
                                                printf("electric_app_store7:%lf\r\n",electric_app_store7);
main.c(419): warning:  #181-D: argument is incompatible with corresponding format string conversion
                                printf("electric_buf:%lf\r\n",electric_buf[i]);
main.c: 20 warnings, 0 errors
linking...
Program Size: Code=19466 RO-data=2586 RW-data=1488 ZI-data=5240  
FromELF: creating hex file...
"..\OBJ\ADC.axf" - 0 Error(s), 20 Warning(s).

<h2>Collection of Component include folders:</h2>
  D:\1111111\练兵\单相表\24位ADS1256\实验17  ADC实验\USER\RTE
  F:\Keil_v5\ARM\PACK\Keil\STM32F1xx_DFP\1.0.5\Device\Include

<h2>Collection of Component Files used:</h2>
</pre>
</body>
</html>
