Component: ARM Compiler 5.05 update 1 (build 106) Tool: armlink [4d0efa]

==============================================================================

Section Cross References

    main.o(.text) refers to _printf_percent.o(.ARM.Collect$$_printf_percent$$00000000) for _printf_percent
    main.o(.text) refers to _printf_f.o(.ARM.Collect$$_printf_percent$$00000003) for _printf_f
    main.o(.text) refers to printf1.o(x$fpl$printf1) for _printf_fp_dec
    main.o(.text) refers to drleqf.o(x$fpl$drleqf) for __aeabi_cdrcmple
    main.o(.text) refers to daddsub_clz.o(x$fpl$dadd) for __aeabi_dadd
    main.o(.text) refers to ddiv.o(x$fpl$ddiv) for __aeabi_ddiv
    main.o(.text) refers to delay.o(.text) for delay_init
    main.o(.text) refers to misc.o(.text) for NVIC_PriorityGroupConfig
    main.o(.text) refers to usart.o(.text) for uart_init
    main.o(.text) refers to led.o(.text) for LED_Init
    main.o(.text) refers to key.o(.text) for KEY_Init
    main.o(.text) refers to oled.o(.text) for OLED_Init
    main.o(.text) refers to ads1256.o(.text) for SPI_ADS1256_Init
    main.o(.text) refers to noretval__2printf.o(.text) for __2printf
    main.o(.text) refers to dleqf.o(x$fpl$dleqf) for __aeabi_cdcmple
    main.o(.text) refers to main.o(.data) for learn_finish
    main.o(.text) refers to main.o(.bss) for ADS_receive
    main.o(.text) refers to dfixu.o(x$fpl$dfixu) for __aeabi_d2uiz
    main.o(.text) refers to deqf.o(x$fpl$deqf) for __aeabi_cdcmpeq
    system_stm32f10x.o(.text) refers to system_stm32f10x.o(.data) for SystemCoreClock
    led.o(.text) refers to stm32f10x_rcc.o(.text) for RCC_APB2PeriphClockCmd
    led.o(.text) refers to stm32f10x_gpio.o(.text) for GPIO_Init
    key.o(.text) refers to stm32f10x_rcc.o(.text) for RCC_APB2PeriphClockCmd
    key.o(.text) refers to stm32f10x_gpio.o(.text) for GPIO_Init
    key.o(.text) refers to delay.o(.text) for delay_ms
    key.o(.text) refers to key.o(.data) for key_up
    lcd.o(.text) refers to _printf_percent.o(.ARM.Collect$$_printf_percent$$00000000) for _printf_percent
    lcd.o(.text) refers to _printf_x.o(.ARM.Collect$$_printf_percent$$0000000C) for _printf_x
    lcd.o(.text) refers to _printf_hex_int.o(.text) for _printf_longlong_hex
    lcd.o(.text) refers to delay.o(.text) for delay_us
    lcd.o(.text) refers to lcd.o(.bss) for lcddev
    lcd.o(.text) refers to lcd.o(.data) for POINT_COLOR
    lcd.o(.text) refers to dflt_clz.o(x$fpl$dfltu) for __aeabi_ui2d
    lcd.o(.text) refers to dmul.o(x$fpl$dmul) for __aeabi_dmul
    lcd.o(.text) refers to dfixu.o(x$fpl$dfixu) for __aeabi_d2uiz
    lcd.o(.text) refers to stm32f10x_rcc.o(.text) for RCC_AHBPeriphClockCmd
    lcd.o(.text) refers to stm32f10x_gpio.o(.text) for GPIO_Init
    lcd.o(.text) refers to stm32f10x_fsmc.o(.text) for FSMC_NORSRAMInit
    lcd.o(.text) refers to noretval__2printf.o(.text) for __2printf
    lcd.o(.text) refers to lcd.o(.constdata) for asc2_1206
    adc.o(.text) refers to stm32f10x_rcc.o(.text) for RCC_APB2PeriphClockCmd
    adc.o(.text) refers to stm32f10x_gpio.o(.text) for GPIO_Init
    adc.o(.text) refers to stm32f10x_adc.o(.text) for ADC_DeInit
    adc.o(.text) refers to delay.o(.text) for delay_ms
    ads1256.o(.text) refers to stm32f10x_rcc.o(.text) for RCC_APB2PeriphClockCmd
    ads1256.o(.text) refers to stm32f10x_gpio.o(.text) for GPIO_Init
    ads1256.o(.text) refers to stm32f10x_spi.o(.text) for SPI_Init
    ads1256.o(.text) refers to delay.o(.text) for delay_us
    ads1256.o(.text) refers to dflt_clz.o(x$fpl$dfltu) for __aeabi_ui2d
    ads1256.o(.text) refers to stm32f10x_usart.o(.text) for USART_SendData
    ads1256.o(.text) refers to dfixu.o(x$fpl$dfixu) for __aeabi_d2uiz
    ads1256.o(.text) refers to dmul.o(x$fpl$dmul) for __aeabi_dmul
    ads1256.o(.text) refers to ads1256.o(.data) for ldVolutage
    oled.o(.text) refers to stm32f10x_rcc.o(.text) for RCC_APB2PeriphClockCmd
    oled.o(.text) refers to stm32f10x_gpio.o(.text) for GPIO_Init
    oled.o(.text) refers to delay.o(.text) for delay_us
    oled.o(.text) refers to oled.o(.constdata) for F6x8
    oled.o(.text) refers to oled.o(.data) for My6x8
    oled.o(.text) refers to fleqf.o(x$fpl$fleqf) for __aeabi_cfcmple
    oled.o(.text) refers to ffixu.o(x$fpl$ffixu) for __aeabi_f2uiz
    oled.o(.text) refers to fflt_clz.o(x$fpl$ffltu) for __aeabi_ui2f
    oled.o(.text) refers to fmul.o(x$fpl$fmul) for __aeabi_fmul
    oled.o(.text) refers to faddsub_clz.o(x$fpl$fsub) for __aeabi_fsub
    oled.o(.text) refers to oled.o(.bss) for My8x16
    delay.o(.text) refers to misc.o(.text) for SysTick_CLKSourceConfig
    delay.o(.text) refers to system_stm32f10x.o(.data) for SystemCoreClock
    delay.o(.text) refers to delay.o(.data) for fac_us
    usart.o(.text) refers (Special) to use_no_semi_2.o(.text) for __use_no_semihosting
    usart.o(.text) refers to stm32f10x_rcc.o(.text) for RCC_APB2PeriphClockCmd
    usart.o(.text) refers to stm32f10x_gpio.o(.text) for GPIO_Init
    usart.o(.text) refers to misc.o(.text) for NVIC_Init
[...]
    ../clib/angel/boardlib.s                 0x00000000   Number         0  boardinit1.o ABSOLUTE
    ../clib/angel/dczerorl2.s                0x00000000   Number         0  __dczerorl2.o ABSOLUTE
    ../clib/angel/handlers.s                 0x00000000   Number         0  __scatter_zi.o ABSOLUTE
    ../clib/angel/kernel.s                   0x00000000   Number         0  __rtentry4.o ABSOLUTE
    ../clib/angel/kernel.s                   0x00000000   Number         0  __rtentry.o ABSOLUTE
    ../clib/angel/kernel.s                   0x00000000   Number         0  __rtentry2.o ABSOLUTE
    ../clib/angel/kernel.s                   0x00000000   Number         0  rtexit2.o ABSOLUTE
    ../clib/angel/kernel.s                   0x00000000   Number         0  rtexit.o ABSOLUTE
    ../clib/angel/rt.s                       0x00000000   Number         0  rt_locale.o ABSOLUTE
    ../clib/angel/rt.s                       0x00000000   Number         0  rt_raise.o ABSOLUTE
    ../clib/angel/rt.s                       0x00000000   Number         0  rt_locale_intlibspace.o ABSOLUTE
    ../clib/angel/scatter.s                  0x00000000   Number         0  __scatter.o ABSOLUTE
    ../clib/angel/startup.s                  0x00000000   Number         0  __main.o ABSOLUTE
    ../clib/angel/sys.s                      0x00000000   Number         0  sys_stackheap_outer.o ABSOLUTE
    ../clib/angel/sys.s                      0x00000000   Number         0  use_no_semi.o ABSOLUTE
    ../clib/angel/sys.s                      0x00000000   Number         0  indicate_semi.o ABSOLUTE
    ../clib/angel/sys.s                      0x00000000   Number         0  use_no_semi_2.o ABSOLUTE
    ../clib/angel/sys.s                      0x00000000   Number         0  libspace.o ABSOLUTE
    ../clib/angel/sysapp.c                   0x00000000   Number         0  sys_wrch.o ABSOLUTE
    ../clib/angel/sysapp.c                   0x00000000   Number         0  sys_command.o ABSOLUTE
    ../clib/armsys.c                         0x00000000   Number         0  argv_veneer.o ABSOLUTE
    ../clib/armsys.c                         0x00000000   Number         0  no_argv.o ABSOLUTE
    ../clib/armsys.c                         0x00000000   Number         0  _get_argv_nomalloc.o ABSOLUTE
    ../clib/armsys.c                         0x00000000   Number         0  argv_veneer.o ABSOLUTE
    ../clib/bigflt.c                         0x00000000   Number         0  bigflt0.o ABSOLUTE
    ../clib/btod.s                           0x00000000   Number         0  btod.o ABSOLUTE
    ../clib/heapalloc.c                      0x00000000   Number         0  hrguard.o ABSOLUTE
    ../clib/heapaux.c                        0x00000000   Number         0  heapauxi.o ABSOLUTE
    ../clib/libinit.s                        0x00000000   Number         0  libshutdown.o ABSOLUTE
    ../clib/libinit.s                        0x00000000   Number         0  libinit2.o ABSOLUTE
    ../clib/libinit.s                        0x00000000   Number         0  libinit.o ABSOLUTE
    ../clib/libinit.s                        0x00000000   Number         0  libshutdown2.o ABSOLUTE
    ../clib/locale.s                         0x00000000   Number         0  lc_numeric_c.o ABSOLUTE
    ../clib/longlong.s                       0x00000000   Number         0  lludiv10.o ABSOLUTE
    ../clib/memcpset.s                       0x00000000   Number         0  strcmpv7m.o ABSOLUTE
    ../clib/misc.s                           0x00000000   Number         0  printf_stubs.o ABSOLUTE
    ../clib/printf.c                         0x00000000   Number         0  _printf_hex_ll_ptr.o ABSOLUTE
    ../clib/printf.c                         0x00000000   Number         0  _printf_hex_int_ptr.o ABSOLUTE
    ../clib/printf.c                         0x00000000   Number         0  _printf_hex_ptr.o ABSOLUTE
    ../clib/printf.c                         0x00000000   Number         0  _printf_char_file.o ABSOLUTE
    ../clib/printf.c                         0x00000000   Number         0  _printf_hex_int.o ABSOLUTE
    ../clib/printf.c                         0x00000000   Number         0  _printf_hex_ll.o ABSOLUTE
    ../clib/printf.c                         0x00000000   Number         0  __printf.o ABSOLUTE
    ../clib/printf.c                         0x00000000   Number         0  noretval__2printf.o ABSOLUTE
    ../clib/printf.c                         0x00000000   Number         0  __2printf.o ABSOLUTE
    ../clib/printf.c                         0x00000000   Number         0  _printf_hex_int_ll.o ABSOLUTE
    ../clib/printf.c                         0x00000000   Number         0  _printf_intcommon.o ABSOLUTE
    ../clib/printf.c                         0x00000000   Number         0  _printf_fp_dec.o ABSOLUTE
    ../clib/printf.c                         0x00000000   Number         0  __printf_flags_ss.o ABSOLUTE
    ../clib/printf.c                         0x00000000   Number         0  __printf_nopercent.o ABSOLUTE
    ../clib/printf.c                         0x00000000   Number         0  __printf_ss.o ABSOLUTE
    ../clib/printf.c                         0x00000000   Number         0  __printf_flags_ss_wp.o ABSOLUTE
    ../clib/printf.c                         0x00000000   Number         0  __printf_ss_wp.o ABSOLUTE
    ../clib/printf.c                         0x00000000   Number         0  __printf_flags_wp.o ABSOLUTE
    ../clib/printf.c                         0x00000000   Number         0  __printf_wp.o ABSOLUTE
    ../clib/printf.c                         0x00000000   Number         0  _printf_fp_infnan.o ABSOLUTE
    ../clib/printf.c                         0x00000000   Number         0  _printf_char_common.o ABSOLUTE
    ../clib/printf.c                         0x00000000   Number         0  __printf_flags.o ABSOLUTE
    ../clib/printf.c                         0x00000000   Number         0  _printf_hex_int_ll_ptr.o ABSOLUTE
    ../clib/printf_percent.s                 0x00000000   Number         0  _printf_x.o ABSOLUTE
    ../clib/printf_percent.s                 0x00000000   Number         0  _printf_f.o ABSOLUTE
    ../clib/printf_percent.s                 0x00000000   Number         0  _printf_percent_end.o ABSOLUTE
    ../clib/printf_percent.s                 0x00000000   Number         0  _printf_percent.o ABSOLUTE
    ../clib/signal.c                         0x00000000   Number         0  defsig_other.o ABSOLUTE
    ../clib/signal.c                         0x00000000   Number         0  defsig_abrt_inner.o ABSOLUTE
    ../clib/signal.c                         0x00000000   Number         0  defsig_fpe_inner.o ABSOLUTE
    ../clib/signal.c                         0x00000000   Number         0  defsig_general.o ABSOLUTE
    ../clib/signal.c                         0x00000000   Number         0  __raise.o ABSOLUTE
    ../clib/signal.c                         0x00000000   Number         0  defsig_rtred_inner.o ABSOLUTE
    ../clib/signal.c                         0x00000000   Number         0  defsig_stak_inner.o ABSOLUTE
    ../clib/signal.c                         0x00000000   Number         0  defsig_pvfn_inner.o ABSOLUTE
    ../clib/signal.c                         0x00000000   Number         0  defsig_cppl_inner.o ABSOLUTE
    ../clib/signal.c                         0x00000000   Number         0  defsig_rtmem_formal.o ABSOLUTE
    ../clib/signal.c                         0x00000000   Number         0  defsig_rtmem_outer.o ABSOLUTE
    ../clib/signal.c                         0x00000000   Number         0  defsig_rtmem_inner.o ABSOLUTE
    ../clib/signal.c                         0x00000000   Number         0  defsig_segv_inner.o ABSOLUTE
    ../clib/signal.c                         0x00000000   Number         0  defsig_exit.o ABSOLUTE
    ../clib/signal.s                         0x00000000   Number         0  defsig.o ABSOLUTE
    ../clib/stdio.c                          0x00000000   Number         0  ferror_locked.o ABSOLUTE
    ../clib/stdio.c                          0x00000000   Number         0  ferror.o ABSOLUTE
    ../clib/stdlib.c                         0x00000000   Number         0  exit.o ABSOLUTE
    ../fplib/daddsub.s                       0x00000000   Number         0  daddsub_clz.o ABSOLUTE
    ../fplib/dcmpi.s                         0x00000000   Number         0  dcmpi.o ABSOLUTE
    ../fplib/ddiv.s                          0x00000000   Number         0  ddiv.o ABSOLUTE
    ../fplib/deqf.s                          0x00000000   Number         0  deqf.o ABSOLUTE
    ../fplib/dfixu.s                         0x00000000   Number         0  dfixu.o ABSOLUTE
    ../fplib/dflt.s                          0x00000000   Number         0  dflt_clz.o ABSOLUTE
    ../fplib/dleqf.s                         0x00000000   Number         0  dleqf.o ABSOLUTE
    ../fplib/dmul.s                          0x00000000   Number         0  dmul.o ABSOLUTE
    ../fplib/dnaninf.s                       0x00000000   Number         0  dnaninf.o ABSOLUTE
    ../fplib/dretinf.s                       0x00000000   Number         0  dretinf.o ABSOLUTE
    ../fplib/drleqf.s                        0x00000000   Number         0  drleqf.o ABSOLUTE
    ../fplib/faddsub.s                       0x00000000   Number         0  faddsub_clz.o ABSOLUTE
    ../fplib/fcmpi.s                         0x00000000   Number         0  fcmpi.o ABSOLUTE
    ../fplib/ffixu.s                         0x00000000   Number         0  ffixu.o ABSOLUTE
    ../fplib/fflt.s                          0x00000000   Number         0  fflt_clz.o ABSOLUTE
    ../fplib/fleqf.s                         0x00000000   Number         0  fleqf.o ABSOLUTE
    ../fplib/fmul.s                          0x00000000   Number         0  fmul.o ABSOLUTE
    ../fplib/fnaninf.s                       0x00000000   Number         0  fnaninf.o ABSOLUTE
    ../fplib/fpinit.s                        0x00000000   Number         0  fpinit.o ABSOLUTE
    ../fplib/fretinf.s                       0x00000000   Number         0  fretinf.o ABSOLUTE
    ../fplib/istatus.s                       0x00000000   Number         0  istatus.o ABSOLUTE
    ../fplib/printf1.s                       0x00000000   Number         0  printf1.o ABSOLUTE
    ../fplib/usenofp.s                       0x00000000   Number         0  usenofp.o ABSOLUTE
    ../mathlib/fpclassify.c                  0x00000000   Number         0  fpclassify.o ABSOLUTE
    ..\CORE\core_cm3.c                       0x00000000   Number         0  core_cm3.o ABSOLUTE
    ..\CORE\startup_stm32f10x_hd.s           0x00000000   Number         0  startup_stm32f10x_hd.o ABSOLUTE
    ..\HARDWARE\ADC\adc.c                    0x00000000   Number         0  adc.o ABSOLUTE
    ..\HARDWARE\ADS1256\ads1256.c            0x00000000   Number         0  ads1256.o ABSOLUTE
    ..\HARDWARE\KEY\key.c                    0x00000000   Number         0  key.o ABSOLUTE
    ..\HARDWARE\LCD\lcd.c                    0x00000000   Number         0  lcd.o ABSOLUTE
    ..\HARDWARE\LED\led.c                    0x00000000   Number         0  led.o ABSOLUTE
    ..\HARDWARE\OLED_IIC\oled.c              0x00000000   Number         0  oled.o ABSOLUTE
    ..\STM32F10x_FWLib\src\misc.c            0x00000000   Number         0  misc.o ABSOLUTE
    ..\STM32F10x_FWLib\src\stm32f10x_adc.c   0x00000000   Number         0  stm32f10x_adc.o ABSOLUTE
    ..\STM32F10x_FWLib\src\stm32f10x_fsmc.c  0x00000000   Number         0  stm32f10x_fsmc.o ABSOLUTE
    ..\STM32F10x_FWLib\src\stm32f10x_gpio.c  0x00000000   Number         0  stm32f10x_gpio.o ABSOLUTE
    ..\STM32F10x_FWLib\src\stm32f10x_rcc.c   0x00000000   Number         0  stm32f10x_rcc.o ABSOLUTE
    ..\STM32F10x_FWLib\src\stm32f10x_spi.c   0x00000000   Number         0  stm32f10x_spi.o ABSOLUTE
    ..\STM32F10x_FWLib\src\stm32f10x_usart.c 0x00000000   Number         0  stm32f10x_usart.o ABSOLUTE
    ..\SYSTEM\delay\delay.c                  0x00000000   Number         0  delay.o ABSOLUTE
    ..\SYSTEM\sys\sys.c                      0x00000000   Number         0  sys.o ABSOLUTE
    ..\SYSTEM\usart\usart.c                  0x00000000   Number         0  usart.o ABSOLUTE
    ..\\CORE\\core_cm3.c                     0x00000000   Number         0  core_cm3.o ABSOLUTE
    ..\\SYSTEM\\sys\\sys.c                   0x00000000   Number         0  sys.o ABSOLUTE
    dc.s                                     0x00000000   Number         0  dc.o ABSOLUTE
    main.c                                   0x00000000   Number         0  main.o ABSOLUTE
    stm32f10x_it.c                           0x00000000   Number         0  stm32f10x_it.o ABSOLUTE
    system_stm32f10x.c                       0x00000000   Number         0  system_stm32f10x.o ABSOLUTE
    RESET                                    0x08000000   Section      304  startup_stm32f10x_hd.o(RESET)
    !!!main                                  0x08000130   Section        8  __main.o(!!!main)
    !!!scatter                               0x08000138   Section       52  __scatter.o(!!!scatter)
    !!dczerorl2                              0x0800016c   Section       90  __dczerorl2.o(!!dczerorl2)
    !!handler_zi                             0x080001c8   Section       28  __scatter_zi.o(!!handler_zi)
    .ARM.Collect$$_printf_percent$$00000000  0x080001e4   Section        0  _printf_percent.o(.ARM.Collect$$_printf_percent$$00000000)
    .ARM.Collect$$_printf_percent$$00000003  0x080001e4   Section        6  _printf_f.o(.ARM.Collect$$_printf_percent$$00000003)
    .ARM.Collect$$_printf_percent$$00000017  0x080001ea   Section        4  _printf_percent_end.o(.ARM.Collect$$_printf_percent$$00000017)
    .ARM.Collect$$libinit$$00000000          0x080001ee   Section        2  libinit.o(.ARM.Collect$$libinit$$00000000)
    .ARM.Collect$$libinit$$00000002          0x080001f0   Section        0  libinit2.o(.ARM.Collect$$libinit$$00000002)
    .ARM.Collect$$libinit$$00000004          0x080001f0   Section        0  libinit2.o(.ARM.Collect$$libinit$$00000004)
    .ARM.Collect$$libinit$$0000000A          0x080001f0   Section        0  libinit2.o(.ARM.Collect$$libinit$$0000000A)
    .ARM.Collect$$libinit$$0000000C          0x080001f0   Section        0  libinit2.o(.ARM.Collect$$libinit$$0000000C)
    .ARM.Collect$$libinit$$0000000E          0x080001f0   Section        0  libinit2.o(.ARM.Collect$$libinit$$0000000E)
    .ARM.Collect$$libinit$$0000000F          0x080001f0   Section        6  libinit2.o(.ARM.Collect$$libinit$$0000000F)
    .ARM.Collect$$libinit$$00000011          0x080001f6   Section        0  libinit2.o(.ARM.Collect$$libinit$$00000011)
    .ARM.Collect$$libinit$$00000013          0x080001f6   Section        0  libinit2.o(.ARM.Collect$$libinit$$00000013)
    .ARM.Collect$$libinit$$00000015          0x080001f6   Section        0  libinit2.o(.ARM.Collect$$libinit$$00000015)
    .ARM.Collect$$libinit$$00000016          0x080001f6   Section       10  libinit2.o(.ARM.Collect$$libinit$$00000016)
    .ARM.Collect$$libinit$$00000017          0x08000200   Section        0  libinit2.o(.ARM.Collect$$libinit$$00000017)
    .ARM.Collect$$libinit$$00000019          0x08000200   Section        0  libinit2.o(.ARM.Collect$$libinit$$00000019)
    .ARM.Collect$$libinit$$0000001B          0x08000200   Section        0  libinit2.o(.ARM.Collect$$libinit$$0000001B)
    .ARM.Collect$$libinit$$0000001D          0x08000200   Section        0  libinit2.o(.ARM.Collect$$libinit$$0000001D)
    .ARM.Collect$$libinit$$0000001F          0x08000200   Section        0  libinit2.o(.ARM.Collect$$libinit$$0000001F)
    .ARM.Collect$$libinit$$00000021          0x08000200   Section        0  libinit2.o(.ARM.Collect$$libinit$$00000021)
    .ARM.Collect$$libinit$$00000023          0x08000200   Section        0  libinit2.o(.ARM.Collect$$libinit$$00000023)
    .ARM.Collect$$libinit$$00000025          0x08000200   Section        0  libinit2.o(.ARM.Collect$$libinit$$00000025)
    .ARM.Collect$$libinit$$0000002C          0x08000200   Section        0  libinit2.o(.ARM.Collect$$libinit$$0000002C)
    .ARM.Collect$$libinit$$0000002E          0x08000200   Section        0  libinit2.o(.ARM.Collect$$libinit$$0000002E)
    .ARM.Collect$$libinit$$00000030          0x08000200   Section        0  libinit2.o(.ARM.Collect$$libinit$$00000030)
    .ARM.Collect$$libinit$$00000032          0x08000200   Section        0  libinit2.o(.ARM.Collect$$libinit$$00000032)
    .ARM.Collect$$libinit$$00000033          0x08000200   Section        2  libinit2.o(.ARM.Collect$$libinit$$00000033)
    .ARM.Collect$$libshutdown$$00000000      0x08000202   Section        2  libshutdown.o(.ARM.Collect$$libshutdown$$00000000)
    .ARM.Collect$$libshutdown$$00000003      0x08000204   Section        0  libshutdown2.o(.ARM.Collect$$libshutdown$$00000003)
    .ARM.Collect$$libshutdown$$00000006      0x08000204   Section        0  libshutdown2.o(.ARM.Collect$$libshutdown$$00000006)
    .ARM.Collect$$libshutdown$$00000009      0x08000204   Section        0  libshutdown2.o(.ARM.Collect$$libshutdown$$00000009)
    .ARM.Collect$$libshutdown$$0000000B      0x08000204   Section        0  libshutdown2.o(.ARM.Collect$$libshutdown$$0000000B)
    .ARM.Collect$$libshutdown$$0000000E      0x08000204   Section        0  libshutdown2.o(.ARM.Collect$$libshutdown$$0000000E)
    .ARM.Collect$$libshutdown$$0000000F      0x08000204   Section        2  libshutdown2.o(.ARM.Collect$$libshutdown$$0000000F)
    .ARM.Collect$$rtentry$$00000000          0x08000206   Section        0  __rtentry.o(.ARM.Collect$$rtentry$$00000000)
    .ARM.Collect$$rtentry$$00000002          0x08000206   Section        0  __rtentry2.o(.ARM.Collect$$rtentry$$00000002)
    .ARM.Collect$$rtentry$$00000004          0x08000206   Section        6  __rtentry4.o(.ARM.Collect$$rtentry$$00000004)
    .ARM.Collect$$rtentry$$00000009          0x0800020c   Section        0  __rtentry2.o(.ARM.Collect$$rtentry$$00000009)
    .ARM.Collect$$rtentry$$0000000A          0x0800020c   Section        4  __rtentry2.o(.ARM.Collect$$rtentry$$0000000A)
    .ARM.Collect$$rtentry$$0000000C          0x08000210   Section        0  __rtentry2.o(.ARM.Collect$$rtentry$$0000000C)
    .ARM.Collect$$rtentry$$0000000D          0x08000210   Section        8  __rtentry2.o(.ARM.Collect$$rtentry$$0000000D)
    .ARM.Collect$$rtexit$$00000000           0x08000218   Section        2  rtexit.o(.ARM.Collect$$rtexit$$00000000)
    .ARM.Collect$$rtexit$$00000002           0x0800021a   Section        0  rtexit2.o(.ARM.Collect$$rtexit$$00000002)
    .ARM.Collect$$rtexit$$00000003           0x0800021a   Section        4  rtexit2.o(.ARM.Collect$$rtexit$$00000003)
    .ARM.Collect$$rtexit$$00000004           0x0800021e   Section        6  rtexit2.o(.ARM.Collect$$rtexit$$00000004)
    .text                                    0x08000224   Section        0  main.o(.text)
    .text                                    0x0800109c   Section        0  stm32f10x_it.o(.text)
    .text                                    0x080010b8   Section        0  system_stm32f10x.o(.text)
    SetSysClockTo72                          0x080010b9   Thumb Code   214  system_stm32f10x.o(.text)
    SetSysClock                              0x0800118f   Thumb Code     8  system_stm32f10x.o(.text)
    .text                                    0x08001298   Section        0  led.o(.text)
    .text                                    0x080012e4   Section        0  key.o(.text)
    .text                                    0x08001404   Section        0  ads1256.o(.text)
    .text                                    0x08001744   Section        0  oled.o(.text)
    .text                                    0x08001e10   Section        0  delay.o(.text)
    .text                                    0x08001ee4   Section        0  usart.o(.text)
    .text                                    0x08002024   Section       64  startup_stm32f10x_hd.o(.text)
    .text                                    0x08002064   Section        0  misc.o(.text)
    .text                                    0x08002140   Section        0  stm32f10x_gpio.o(.text)
    .text                                    0x0800249c   Section        0  stm32f10x_rcc.o(.text)
    .text                                    0x08002840   Section        0  stm32f10x_usart.o(.text)
    .text                                    0x08002c48   Section        0  stm32f10x_spi.o(.text)
    .text                                    0x08002f54   Section        2  use_no_semi_2.o(.text)
    .text                                    0x08002f58   Section        0  noretval__2printf.o(.text)
    .text                                    0x08002f70   Section        0  __printf_ss.o(.text)
    .text                                    0x08003028   Section        0  heapauxi.o(.text)
    .text                                    0x0800302e   Section        2  use_no_semi.o(.text)
    .text                                    0x08003030   Section        0  _printf_fp_dec.o(.text)
    _fp_digits                               0x08003033   Thumb Code   428  _printf_fp_dec.o(.text)
    .text                                    0x0800344c   Section        0  _printf_char_file.o(.text)
    .text                                    0x08003470   Section        8  rt_locale_intlibspace.o(.text)
    .text                                    0x08003478   Section      138  lludiv10.o(.text)
    .text                                    0x08003504   Section        0  _printf_char_common.o(.text)
    _printf_input_char                       0x08003505   Thumb Code    10  _printf_char_common.o(.text)
    .text                                    0x08003534   Section        0  _printf_fp_infnan.o(.text)
    .text                                    0x080035b4   Section        0  bigflt0.o(.text)
    .text                                    0x08003690   Section        0  ferror.o(.text)
    .text                                    0x08003698   Section        8  libspace.o(.text)
    .text                                    0x080036a0   Section       74  sys_stackheap_outer.o(.text)
    .text                                    0x080036ea   Section        0  exit.o(.text)
    .text                                    0x080036f8   Section      128  strcmpv7m.o(.text)
    CL$$btod_d2e                             0x08003778   Section       62  btod.o(CL$$btod_d2e)
    CL$$btod_d2e_denorm_low                  0x080037b6   Section       70  btod.o(CL$$btod_d2e_denorm_low)
    CL$$btod_d2e_norm_op1                    0x080037fc   Section       96  btod.o(CL$$btod_d2e_norm_op1)
    CL$$btod_div_common                      0x0800385c   Section      824  btod.o(CL$$btod_div_common)
    CL$$btod_e2e                             0x08003b94   Section      198  btod.o(CL$$btod_e2e)
    CL$$btod_ediv                            0x08003c5a   Section       40  btod.o(CL$$btod_ediv)
    CL$$btod_emul                            0x08003c82   Section       40  btod.o(CL$$btod_emul)
    CL$$btod_mult_common                     0x08003caa   Section      580  btod.o(CL$$btod_mult_common)
    i.__ARM_fpclassify                       0x08003eee   Section        0  fpclassify.o(i.__ARM_fpclassify)
    locale$$code                             0x08003f18   Section       44  lc_numeric_c.o(locale$$code)
    x$fpl$dadd                               0x08003f44   Section      336  daddsub_clz.o(x$fpl$dadd)
    _dadd1                                   0x08003f55   Thumb Code     0  daddsub_clz.o(x$fpl$dadd)
    x$fpl$dcmpinf                            0x08004094   Section       24  dcmpi.o(x$fpl$dcmpinf)
    x$fpl$ddiv                               0x080040ac   Section      688  ddiv.o(x$fpl$ddiv)
    ddiv_entry                               0x080040b3   Thumb Code     0  ddiv.o(x$fpl$ddiv)
    x$fpl$deqf                               0x0800435c   Section      120  deqf.o(x$fpl$deqf)
    x$fpl$dfixu                              0x080043d4   Section       90  dfixu.o(x$fpl$dfixu)
    x$fpl$dfltu                              0x0800442e   Section       38  dflt_clz.o(x$fpl$dfltu)
    x$fpl$dleqf                              0x08004454   Section      120  dleqf.o(x$fpl$dleqf)
    x$fpl$dmul                               0x080044cc   Section      340  dmul.o(x$fpl$dmul)
    x$fpl$dnaninf                            0x08004620   Section      156  dnaninf.o(x$fpl$dnaninf)
    x$fpl$dretinf                            0x080046bc   Section       12  dretinf.o(x$fpl$dretinf)
    x$fpl$drleqf                             0x080046c8   Section      108  drleqf.o(x$fpl$drleqf)
    x$fpl$dsub                               0x08004734   Section      468  daddsub_clz.o(x$fpl$dsub)
    _dsub1                                   0x08004745   Thumb Code     0  daddsub_clz.o(x$fpl$dsub)
    x$fpl$fadd                               0x08004908   Section      196  faddsub_clz.o(x$fpl$fadd)
    _fadd1                                   0x08004917   Thumb Code     0  faddsub_clz.o(x$fpl$fadd)
    x$fpl$fcmpinf                            0x080049cc   Section       24  fcmpi.o(x$fpl$fcmpinf)
    x$fpl$ffixu                              0x080049e4   Section       62  ffixu.o(x$fpl$ffixu)
    x$fpl$ffltu                              0x08004a24   Section       38  fflt_clz.o(x$fpl$ffltu)
    x$fpl$fleqf                              0x08004a4c   Section      104  fleqf.o(x$fpl$fleqf)
    x$fpl$fmul                               0x08004ab4   Section      258  fmul.o(x$fpl$fmul)
    x$fpl$fnaninf                            0x08004bb6   Section      140  fnaninf.o(x$fpl$fnaninf)
    x$fpl$fretinf                            0x08004c42   Section       10  fretinf.o(x$fpl$fretinf)
    x$fpl$fsub                               0x08004c4c   Section      234  faddsub_clz.o(x$fpl$fsub)
    _fsub1                                   0x08004c5b   Thumb Code     0  faddsub_clz.o(x$fpl$fsub)
    x$fpl$printf1                            0x08004d36   Section        4  printf1.o(x$fpl$printf1)
    .constdata                               0x08004d3a   Section     2072  oled.o(.constdata)
    x$fpl$usenofp                            0x08004d3a   Section        0  usenofp.o(x$fpl$usenofp)
    .constdata                               0x08005554   Section      148  bigflt0.o(.constdata)
    tenpwrs_x                                0x08005554   Data          60  bigflt0.o(.constdata)
    tenpwrs_i                                0x08005590   Data          64  bigflt0.o(.constdata)
    locale$$data                             0x08005608   Section       28  lc_numeric_c.o(locale$$data)
    __lcnum_c_name                           0x0800560c   Data           2  lc_numeric_c.o(locale$$data)
    __lcnum_c_start                          0x08005614   Data           0  lc_numeric_c.o(locale$$data)
    __lcnum_c_point                          0x08005620   Data           0  lc_numeric_c.o(locale$$data)
    __lcnum_c_thousands                      0x08005622   Data           0  lc_numeric_c.o(locale$$data)
    __lcnum_c_grouping                       0x08005623   Data           0  lc_numeric_c.o(locale$$data)
    __lcnum_c_end                            0x08005624   Data           0  lc_numeric_c.o(locale$$data)
    .data                                    0x20000000   Section       96  main.o(.data)
    .data                                    0x20000060   Section       20  system_stm32f10x.o(.data)
    .data                                    0x20000074   Section        1  key.o(.data)
    key_up                                   0x20000074   Data           1  key.o(.data)
    .data                                    0x20000078   Section       16  ads1256.o(.data)
    .data                                    0x20000088   Section     1318  oled.o(.data)
    .data                                    0x200005ae   Section        4  delay.o(.data)
    fac_us                                   0x200005ae   Data           1  delay.o(.data)
    fac_ms                                   0x200005b0   Data           2  delay.o(.data)
    .data                                    0x200005b4   Section        6  usart.o(.data)
    .data                                    0x200005ba   Section       20  stm32f10x_rcc.o(.data)
    APBAHBPrescTable                         0x200005ba   Data          16  stm32f10x_rcc.o(.data)
    ADCPrescTable                            0x200005ca   Data           4  stm32f10x_rcc.o(.data)
    .bss                                     0x200005d0   Section     3392  main.o(.bss)
    .bss                                     0x20001310   Section       16  oled.o(.bss)
    .bss                                     0x20001320   Section      200  usart.o(.bss)
    .bss                                     0x200013e8   Section       96  libspace.o(.bss)
    HEAP                                     0x20001448   Section      512  startup_stm32f10x_hd.o(HEAP)
    Heap_Mem                                 0x20001448   Data         512  startup_stm32f10x_hd.o(HEAP)
    STACK                                    0x20001648   Section     1024  startup_stm32f10x_hd.o(STACK)
    Stack_Mem                                0x20001648   Data        1024  startup_stm32f10x_hd.o(STACK)
    __initial_sp                             0x20001a48   Data           0  startup_stm32f10x_hd.o(STACK)

    Global Symbols

    Symbol Name                              Value     Ov Type        Size  Object(Section)

    BuildAttributes$$THM_ISAv4$P$D$K$B$S$PE$A:L22UL41UL21$X:L11$S22US41US21$IEEE1$IW$USESV6$~STKCKD$USESV7$~SHL$OTIME$ROPI$IEEEJ$EBA8$UX$STANDARDLIB$REQ8$PRES8$EABIv2 0x00000000   Number         0  anon$$obj.o ABSOLUTE
    __ARM_use_no_argv                        0x00000000   Number         0  main.o ABSOLUTE
    _printf_flags                            0x00000000   Number         0  printf_stubs.o ABSOLUTE
    _printf_return_value                     0x00000000   Number         0  printf_stubs.o ABSOLUTE
    _printf_sizespec                         0x00000000   Number         0  printf_stubs.o ABSOLUTE
    _printf_widthprec                        0x00000000   Number         0  printf_stubs.o ABSOLUTE
    __ARM_exceptions_init                     - Undefined Weak Reference
    __alloca_initialize                       - Undefined Weak Reference
    __arm_preinit_                            - Undefined Weak Reference
    __cpp_initialize__aeabi_                  - Undefined Weak Reference
    __cxa_finalize                            - Undefined Weak Reference
    __sigvec_lookup                           - Undefined Weak Reference
    _atexit_init                              - Undefined Weak Reference
    _call_atexit_fns                          - Undefined Weak Reference
    _clock_init                               - Undefined Weak Reference
    _fp_trap_init                             - Undefined Weak Reference
    _fp_trap_shutdown                         - Undefined Weak Reference
    _get_lc_collate                           - Undefined Weak Reference
    _get_lc_ctype                             - Undefined Weak Reference
    _get_lc_monetary                          - Undefined Weak Reference
    _get_lc_time                              - Undefined Weak Reference
    _getenv_init                              - Undefined Weak Reference
    _handle_redirection                       - Undefined Weak Reference
    _init_alloc                               - Undefined Weak Reference
    _init_user_alloc                          - Undefined Weak Reference
    _initio                                   - Undefined Weak Reference
    _mutex_acquire                            - Undefined Weak Reference
    _mutex_release                            - Undefined Weak Reference
    _printf_post_padding                      - Undefined Weak Reference
    _printf_pre_padding                       - Undefined Weak Reference
    _printf_truncate_unsigned                 - Undefined Weak Reference
    _rand_init                                - Undefined Weak Reference
    _signal_finish                            - Undefined Weak Reference
    _signal_init                              - Undefined Weak Reference
    _terminate_alloc                          - Undefined Weak Reference
    _terminate_user_alloc                     - Undefined Weak Reference
    _terminateio                              - Undefined Weak Reference
    __Vectors_Size                           0x00000130   Number         0  startup_stm32f10x_hd.o ABSOLUTE
    __Vectors                                0x08000000   Data           4  startup_stm32f10x_hd.o(RESET)
    __Vectors_End                            0x08000130   Data           0  startup_stm32f10x_hd.o(RESET)
    __main                                   0x08000131   Thumb Code     8  __main.o(!!!main)
    __scatterload                            0x08000139   Thumb Code     0  __scatter.o(!!!scatter)
    __scatterload_rt2                        0x08000139   Thumb Code    44  __scatter.o(!!!scatter)
    __scatterload_rt2_thumb_only             0x08000139   Thumb Code     0  __scatter.o(!!!scatter)
    __scatterload_null                       0x08000147   Thumb Code     0  __scatter.o(!!!scatter)
    __decompress                             0x0800016d   Thumb Code    90  __dczerorl2.o(!!dczerorl2)
    __decompress1                            0x0800016d   Thumb Code     0  __dczerorl2.o(!!dczerorl2)
    __scatterload_zeroinit                   0x080001c9   Thumb Code    28  __scatter_zi.o(!!handler_zi)
    _printf_f                                0x080001e5   Thumb Code     0  _printf_f.o(.ARM.Collect$$_printf_percent$$00000003)
    _printf_percent                          0x080001e5   Thumb Code     0  _printf_percent.o(.ARM.Collect$$_printf_percent$$00000000)
    _printf_percent_end                      0x080001eb   Thumb Code     0  _printf_percent_end.o(.ARM.Collect$$_printf_percent$$00000017)
    __rt_lib_init                            0x080001ef   Thumb Code     0  libinit.o(.ARM.Collect$$libinit$$00000000)
    __rt_lib_init_fp_1                       0x080001f1   Thumb Code     0  libinit2.o(.ARM.Collect$$libinit$$00000002)
    __rt_lib_init_heap_1                     0x080001f1   Thumb Code     0  libinit2.o(.ARM.Collect$$libinit$$0000000A)
    __rt_lib_init_lc_common                  0x080001f1   Thumb Code     0  libinit2.o(.ARM.Collect$$libinit$$0000000F)
    __rt_lib_init_preinit_1                  0x080001f1   Thumb Code     0  libinit2.o(.ARM.Collect$$libinit$$00000004)
    __rt_lib_init_rand_1                     0x080001f1   Thumb Code     0  libinit2.o(.ARM.Collect$$libinit$$0000000E)
    __rt_lib_init_user_alloc_1               0x080001f1   Thumb Code     0  libinit2.o(.ARM.Collect$$libinit$$0000000C)
    __rt_lib_init_lc_collate_1               0x080001f7   Thumb Code     0  libinit2.o(.ARM.Collect$$libinit$$00000011)
    __rt_lib_init_lc_ctype_1                 0x080001f7   Thumb Code     0  libinit2.o(.ARM.Collect$$libinit$$00000013)
    __rt_lib_init_lc_monetary_1              0x080001f7   Thumb Code     0  libinit2.o(.ARM.Collect$$libinit$$00000015)
    __rt_lib_init_lc_numeric_2               0x080001f7   Thumb Code     0  libinit2.o(.ARM.Collect$$libinit$$00000016)
    __rt_lib_init_alloca_1                   0x08000201   Thumb Code     0  libinit2.o(.ARM.Collect$$libinit$$0000002E)
    __rt_lib_init_argv_1                     0x08000201   Thumb Code     0  libinit2.o(.ARM.Collect$$libinit$$0000002C)
    __rt_lib_init_atexit_1                   0x08000201   Thumb Code     0  libinit2.o(.ARM.Collect$$libinit$$0000001B)
    __rt_lib_init_clock_1                    0x08000201   Thumb Code     0  libinit2.o(.ARM.Collect$$libinit$$00000021)
    __rt_lib_init_cpp_1                      0x08000201   Thumb Code     0  libinit2.o(.ARM.Collect$$libinit$$00000032)
    __rt_lib_init_exceptions_1               0x08000201   Thumb Code     0  libinit2.o(.ARM.Collect$$libinit$$00000030)
    __rt_lib_init_fp_trap_1                  0x08000201   Thumb Code     0  libinit2.o(.ARM.Collect$$libinit$$0000001F)
    __rt_lib_init_getenv_1                   0x08000201   Thumb Code     0  libinit2.o(.ARM.Collect$$libinit$$00000023)
    __rt_lib_init_lc_numeric_1               0x08000201   Thumb Code     0  libinit2.o(.ARM.Collect$$libinit$$00000017)
    __rt_lib_init_lc_time_1                  0x08000201   Thumb Code     0  libinit2.o(.ARM.Collect$$libinit$$00000019)
    __rt_lib_init_return                     0x08000201   Thumb Code     0  libinit2.o(.ARM.Collect$$libinit$$00000033)
    __rt_lib_init_signal_1                   0x08000201   Thumb Code     0  libinit2.o(.ARM.Collect$$libinit$$0000001D)
    __rt_lib_init_stdio_1                    0x08000201   Thumb Code     0  libinit2.o(.ARM.Collect$$libinit$$00000025)
    __rt_lib_shutdown                        0x08000203   Thumb Code     0  libshutdown.o(.ARM.Collect$$libshutdown$$00000000)
    __rt_lib_shutdown_fp_trap_1              0x08000205   Thumb Code     0  libshutdown2.o(.ARM.Collect$$libshutdown$$00000006)
    __rt_lib_shutdown_heap_1                 0x08000205   Thumb Code     0  libshutdown2.o(.ARM.Collect$$libshutdown$$0000000E)
    __rt_lib_shutdown_return                 0x08000205   Thumb Code     0  libshutdown2.o(.ARM.Collect$$libshutdown$$0000000F)
    __rt_lib_shutdown_signal_1               0x08000205   Thumb Code     0  libshutdown2.o(.ARM.Collect$$libshutdown$$00000009)
    __rt_lib_shutdown_stdio_1                0x08000205   Thumb Code     0  libshutdown2.o(.ARM.Collect$$libshutdown$$00000003)
    __rt_lib_shutdown_user_alloc_1           0x08000205   Thumb Code     0  libshutdown2.o(.ARM.Collect$$libshutdown$$0000000B)
    __rt_entry                               0x08000207   Thumb Code     0  __rtentry.o(.ARM.Collect$$rtentry$$00000000)
    __rt_entry_presh_1                       0x08000207   Thumb Code     0  __rtentry2.o(.ARM.Collect$$rtentry$$00000002)
    __rt_entry_sh                            0x08000207   Thumb Code     0  __rtentry4.o(.ARM.Collect$$rtentry$$00000004)
    __rt_entry_li                            0x0800020d   Thumb Code     0  __rtentry2.o(.ARM.Collect$$rtentry$$0000000A)
    __rt_entry_postsh_1                      0x0800020d   Thumb Code     0  __rtentry2.o(.ARM.Collect$$rtentry$$00000009)
    __rt_entry_main                          0x08000211   Thumb Code     0  __rtentry2.o(.ARM.Collect$$rtentry$$0000000D)
    __rt_entry_postli_1                      0x08000211   Thumb Code     0  __rtentry2.o(.ARM.Collect$$rtentry$$0000000C)
    __rt_exit                                0x08000219   Thumb Code     0  rtexit.o(.ARM.Collect$$rtexit$$00000000)
    __rt_exit_ls                             0x0800021b   Thumb Code     0  rtexit2.o(.ARM.Collect$$rtexit$$00000003)
    __rt_exit_prels_1                        0x0800021b   Thumb Code     0  rtexit2.o(.ARM.Collect$$rtexit$$00000002)
    __rt_exit_exit                           0x0800021f   Thumb Code     0  rtexit2.o(.ARM.Collect$$rtexit$$00000004)
    medina_filter1                           0x08000225   Thumb Code   176  main.o(.text)
    medina_filter                            0x080002d5   Thumb Code   174  main.o(.text)
    main                                     0x08000383   Thumb Code  3118  main.o(.text)
    NMI_Handler                              0x0800109d   Thumb Code     2  stm32f10x_it.o(.text)
    HardFault_Handler                        0x0800109f   Thumb Code     4  stm32f10x_it.o(.text)
    MemManage_Handler                        0x080010a3   Thumb Code     4  stm32f10x_it.o(.text)
    BusFault_Handler                         0x080010a7   Thumb Code     4  stm32f10x_it.o(.text)
    UsageFault_Handler                       0x080010ab   Thumb Code     4  stm32f10x_it.o(.text)
    SVC_Handler                              0x080010af   Thumb Code     2  stm32f10x_it.o(.text)
    DebugMon_Handler                         0x080010b1   Thumb Code     2  stm32f10x_it.o(.text)
    PendSV_Handler                           0x080010b3   Thumb Code     2  stm32f10x_it.o(.text)
    SysTick_Handler                          0x080010b5   Thumb Code     2  stm32f10x_it.o(.text)
    SystemInit                               0x08001197   Thumb Code    78  system_stm32f10x.o(.text)
    SystemCoreClockUpdate                    0x080011e5   Thumb Code   142  system_stm32f10x.o(.text)
    LED_Init                                 0x08001299   Thumb Code    68  led.o(.text)
    KEY_Init                                 0x080012e5   Thumb Code    52  key.o(.text)
    KEY_Scan                                 0x08001319   Thumb Code   224  key.o(.text)
    SPI_ADS1256_Init                         0x08001405   Thumb Code   178  ads1256.o(.text)
    SPI_SendByte                             0x080014b7   Thumb Code    50  ads1256.o(.text)
    ADS1256_GPIO_init                        0x080014e9   Thumb Code    70  ads1256.o(.text)
    ADS1256WREG                              0x0800152f   Thumb Code    70  ads1256.o(.text)
    ADS1256RREG                              0x08001575   Thumb Code    74  ads1256.o(.text)
    ADS1256_Init                             0x080015bf   Thumb Code   160  ads1256.o(.text)
    ADS1256ReadData                          0x0800165f   Thumb Code    96  ads1256.o(.text)
    sendChar                                 0x080016bf   Thumb Code    28  ads1256.o(.text)
    ADS_sum                                  0x080016db   Thumb Code    82  ads1256.o(.text)
    OLED_GPIO_Init                           0x08001745   Thumb Code    50  oled.o(.text)
    IIC_Start                                0x08001777   Thumb Code    46  oled.o(.text)
    IIC_Stop                                 0x080017a5   Thumb Code    48  oled.o(.text)
    Write_IIC_Byte                           0x080017d5   Thumb Code    94  oled.o(.text)
    OLED_WrDat                               0x08001833   Thumb Code    32  oled.o(.text)
    OLED_WrCmd                               0x08001853   Thumb Code    32  oled.o(.text)
    OLED_Set_Pos                             0x08001873   Thumb Code    40  oled.o(.text)
    OLED_Fill                                0x0800189b   Thumb Code    58  oled.o(.text)
    OLED_CLS                                 0x080018d5   Thumb Code    10  oled.o(.text)
    OLED_ON                                  0x080018df   Thumb Code    22  oled.o(.text)
    OLED_OFF                                 0x080018f5   Thumb Code    22  oled.o(.text)
    OLED_Init                                0x0800190b   Thumb Code   196  oled.o(.text)
    OLED_P6x8Str                             0x080019cf   Thumb Code   116  oled.o(.text)
    OLED_P8x16Str                            0x08001a43   Thumb Code   158  oled.o(.text)
    OLED_Show6x8                             0x08001ae1   Thumb Code   120  oled.o(.text)
    OLED_Show8x16                            0x08001b59   Thumb Code   122  oled.o(.text)
    OLED_Show16x16                           0x08001bd3   Thumb Code   104  oled.o(.text)
    Oled_Printf_U16                          0x08001c3b   Thumb Code   190  oled.o(.text)
    Oled_Printf_Float                        0x08001cf9   Thumb Code   266  oled.o(.text)
    delay_init                               0x08001e11   Thumb Code    50  delay.o(.text)
    delay_us                                 0x08001e43   Thumb Code    72  delay.o(.text)
    delay_ms                                 0x08001e8b   Thumb Code    72  delay.o(.text)
    _sys_exit                                0x08001ee5   Thumb Code     6  usart.o(.text)
    fputc                                    0x08001eeb   Thumb Code    24  usart.o(.text)
    uart_init                                0x08001f03   Thumb Code   152  usart.o(.text)
    USART1_IRQHandler                        0x08001f9b   Thumb Code   122  usart.o(.text)
    Reset_Handler                            0x08002025   Thumb Code     8  startup_stm32f10x_hd.o(.text)
    ADC1_2_IRQHandler                        0x0800203f   Thumb Code     0  startup_stm32f10x_hd.o(.text)
    ADC3_IRQHandler                          0x0800203f   Thumb Code     0  startup_stm32f10x_hd.o(.text)
    CAN1_RX1_IRQHandler                      0x0800203f   Thumb Code     0  startup_stm32f10x_hd.o(.text)
    CAN1_SCE_IRQHandler                      0x0800203f   Thumb Code     0  startup_stm32f10x_hd.o(.text)
    DMA1_Channel1_IRQHandler                 0x0800203f   Thumb Code     0  startup_stm32f10x_hd.o(.text)
    DMA1_Channel2_IRQHandler                 0x0800203f   Thumb Code     0  startup_stm32f10x_hd.o(.text)
    DMA1_Channel3_IRQHandler                 0x0800203f   Thumb Code     0  startup_stm32f10x_hd.o(.text)
    DMA1_Channel4_IRQHandler                 0x0800203f   Thumb Code     0  startup_stm32f10x_hd.o(.text)
    DMA1_Channel5_IRQHandler                 0x0800203f   Thumb Code     0  startup_stm32f10x_hd.o(.text)
    DMA1_Channel6_IRQHandler                 0x0800203f   Thumb Code     0  startup_stm32f10x_hd.o(.text)
    DMA1_Channel7_IRQHandler                 0x0800203f   Thumb Code     0  startup_stm32f10x_hd.o(.text)
    DMA2_Channel1_IRQHandler                 0x0800203f   Thumb Code     0  startup_stm32f10x_hd.o(.text)
    DMA2_Channel2_IRQHandler                 0x0800203f   Thumb Code     0  startup_stm32f10x_hd.o(.text)
    DMA2_Channel3_IRQHandler                 0x0800203f   Thumb Code     0  startup_stm32f10x_hd.o(.text)
    DMA2_Channel4_5_IRQHandler               0x0800203f   Thumb Code     0  startup_stm32f10x_hd.o(.text)
    EXTI0_IRQHandler                         0x0800203f   Thumb Code     0  startup_stm32f10x_hd.o(.text)
    EXTI15_10_IRQHandler                     0x0800203f   Thumb Code     0  startup_stm32f10x_hd.o(.text)
    EXTI1_IRQHandler                         0x0800203f   Thumb Code     0  startup_stm32f10x_hd.o(.text)
    EXTI2_IRQHandler                         0x0800203f   Thumb Code     0  startup_stm32f10x_hd.o(.text)
    EXTI3_IRQHandler                         0x0800203f   Thumb Code     0  startup_stm32f10x_hd.o(.text)
    EXTI4_IRQHandler                         0x0800203f   Thumb Code     0  startup_stm32f10x_hd.o(.text)
    EXTI9_5_IRQHandler                       0x0800203f   Thumb Code     0  startup_stm32f10x_hd.o(.text)
    FLASH_IRQHandler                         0x0800203f   Thumb Code     0  startup_stm32f10x_hd.o(.text)
    FSMC_IRQHandler                          0x0800203f   Thumb Code     0  startup_stm32f10x_hd.o(.text)
    I2C1_ER_IRQHandler                       0x0800203f   Thumb Code     0  startup_stm32f10x_hd.o(.text)
    I2C1_EV_IRQHandler                       0x0800203f   Thumb Code     0  startup_stm32f10x_hd.o(.text)
    I2C2_ER_IRQHandler                       0x0800203f   Thumb Code     0  startup_stm32f10x_hd.o(.text)
    I2C2_EV_IRQHandler                       0x0800203f   Thumb Code     0  startup_stm32f10x_hd.o(.text)
    PVD_IRQHandler                           0x0800203f   Thumb Code     0  startup_stm32f10x_hd.o(.text)
    RCC_IRQHandler                           0x0800203f   Thumb Code     0  startup_stm32f10x_hd.o(.text)
    RTCAlarm_IRQHandler                      0x0800203f   Thumb Code     0  startup_stm32f10x_hd.o(.text)
    RTC_IRQHandler                           0x0800203f   Thumb Code     0  startup_stm32f10x_hd.o(.text)
    SDIO_IRQHandler                          0x0800203f   Thumb Code     0  startup_stm32f10x_hd.o(.text)
    SPI1_IRQHandler                          0x0800203f   Thumb Code     0  startup_stm32f10x_hd.o(.text)
    SPI2_IRQHandler                          0x0800203f   Thumb Code     0  startup_stm32f10x_hd.o(.text)
    SPI3_IRQHandler                          0x0800203f   Thumb Code     0  startup_stm32f10x_hd.o(.text)
    TAMPER_IRQHandler                        0x0800203f   Thumb Code     0  startup_stm32f10x_hd.o(.text)
    TIM1_BRK_IRQHandler                      0x0800203f   Thumb Code     0  startup_stm32f10x_hd.o(.text)
    TIM1_CC_IRQHandler                       0x0800203f   Thumb Code     0  startup_stm32f10x_hd.o(.text)
    TIM1_TRG_COM_IRQHandler                  0x0800203f   Thumb Code     0  startup_stm32f10x_hd.o(.text)
    TIM1_UP_IRQHandler                       0x0800203f   Thumb Code     0  startup_stm32f10x_hd.o(.text)
    TIM2_IRQHandler                          0x0800203f   Thumb Code     0  startup_stm32f10x_hd.o(.text)
    TIM3_IRQHandler                          0x0800203f   Thumb Code     0  startup_stm32f10x_hd.o(.text)
    TIM4_IRQHandler                          0x0800203f   Thumb Code     0  startup_stm32f10x_hd.o(.text)
    TIM5_IRQHandler                          0x0800203f   Thumb Code     0  startup_stm32f10x_hd.o(.text)
    TIM6_IRQHandler                          0x0800203f   Thumb Code     0  startup_stm32f10x_hd.o(.text)
    TIM7_IRQHandler                          0x0800203f   Thumb Code     0  startup_stm32f10x_hd.o(.text)
    TIM8_BRK_IRQHandler                      0x0800203f   Thumb Code     0  startup_stm32f10x_hd.o(.text)
    TIM8_CC_IRQHandler                       0x0800203f   Thumb Code     0  startup_stm32f10x_hd.o(.text)
    TIM8_TRG_COM_IRQHandler                  0x0800203f   Thumb Code     0  startup_stm32f10x_hd.o(.text)
    TIM8_UP_IRQHandler                       0x0800203f   Thumb Code     0  startup_stm32f10x_hd.o(.text)
    UART4_IRQHandler                         0x0800203f   Thumb Code     0  startup_stm32f10x_hd.o(.text)
    UART5_IRQHandler                         0x0800203f   Thumb Code     0  startup_stm32f10x_hd.o(.text)
    USART2_IRQHandler                        0x0800203f   Thumb Code     0  startup_stm32f10x_hd.o(.text)
    USART3_IRQHandler                        0x0800203f   Thumb Code     0  startup_stm32f10x_hd.o(.text)
    USBWakeUp_IRQHandler                     0x0800203f   Thumb Code     0  startup_stm32f10x_hd.o(.text)
    USB_HP_CAN1_TX_IRQHandler                0x0800203f   Thumb Code     0  startup_stm32f10x_hd.o(.text)
    USB_LP_CAN1_RX0_IRQHandler               0x0800203f   Thumb Code     0  startup_stm32f10x_hd.o(.text)
    WWDG_IRQHandler                          0x0800203f   Thumb Code     0  startup_stm32f10x_hd.o(.text)
    __user_initial_stackheap                 0x08002041   Thumb Code     0  startup_stm32f10x_hd.o(.text)
    NVIC_PriorityGroupConfig                 0x08002065   Thumb Code    10  misc.o(.text)
    NVIC_Init                                0x0800206f   Thumb Code   100  misc.o(.text)
    NVIC_SetVectorTable                      0x080020d3   Thumb Code    14  misc.o(.text)
    NVIC_SystemLPConfig                      0x080020e1   Thumb Code    34  misc.o(.text)
    SysTick_CLKSourceConfig                  0x08002103   Thumb Code    40  misc.o(.text)
    GPIO_DeInit                              0x08002141   Thumb Code   172  stm32f10x_gpio.o(.text)
    GPIO_AFIODeInit                          0x080021ed   Thumb Code    20  stm32f10x_gpio.o(.text)
    GPIO_Init                                0x08002201   Thumb Code   278  stm32f10x_gpio.o(.text)
    GPIO_StructInit                          0x08002317   Thumb Code    16  stm32f10x_gpio.o(.text)
    GPIO_ReadInputDataBit                    0x08002327   Thumb Code    18  stm32f10x_gpio.o(.text)
    GPIO_ReadInputData                       0x08002339   Thumb Code     8  stm32f10x_gpio.o(.text)
    GPIO_ReadOutputDataBit                   0x08002341   Thumb Code    18  stm32f10x_gpio.o(.text)
    GPIO_ReadOutputData                      0x08002353   Thumb Code     8  stm32f10x_gpio.o(.text)
    GPIO_SetBits                             0x0800235b   Thumb Code     4  stm32f10x_gpio.o(.text)
    GPIO_ResetBits                           0x0800235f   Thumb Code     4  stm32f10x_gpio.o(.text)
    GPIO_WriteBit                            0x08002363   Thumb Code    10  stm32f10x_gpio.o(.text)
    GPIO_Write                               0x0800236d   Thumb Code     4  stm32f10x_gpio.o(.text)
    GPIO_PinLockConfig                       0x08002371   Thumb Code    18  stm32f10x_gpio.o(.text)
    GPIO_EventOutputConfig                   0x08002383   Thumb Code    26  stm32f10x_gpio.o(.text)
    GPIO_EventOutputCmd                      0x0800239d   Thumb Code     6  stm32f10x_gpio.o(.text)
    GPIO_PinRemapConfig                      0x080023a3   Thumb Code   138  stm32f10x_gpio.o(.text)
    GPIO_EXTILineConfig                      0x0800242d   Thumb Code    66  stm32f10x_gpio.o(.text)
    GPIO_ETH_MediaInterfaceConfig            0x0800246f   Thumb Code     8  stm32f10x_gpio.o(.text)
    RCC_DeInit                               0x0800249d   Thumb Code    64  stm32f10x_rcc.o(.text)
    RCC_HSEConfig                            0x080024dd   Thumb Code    70  stm32f10x_rcc.o(.text)
    RCC_GetFlagStatus                        0x08002523   Thumb Code    56  stm32f10x_rcc.o(.text)
    RCC_WaitForHSEStartUp                    0x0800255b   Thumb Code    56  stm32f10x_rcc.o(.text)
    RCC_AdjustHSICalibrationValue            0x08002593   Thumb Code    20  stm32f10x_rcc.o(.text)
    RCC_HSICmd                               0x080025a7   Thumb Code     6  stm32f10x_rcc.o(.text)
    RCC_PLLConfig                            0x080025ad   Thumb Code    24  stm32f10x_rcc.o(.text)
    RCC_PLLCmd                               0x080025c5   Thumb Code     6  stm32f10x_rcc.o(.text)
    RCC_SYSCLKConfig                         0x080025cb   Thumb Code    18  stm32f10x_rcc.o(.text)
    RCC_GetSYSCLKSource                      0x080025dd   Thumb Code    10  stm32f10x_rcc.o(.text)
    RCC_HCLKConfig                           0x080025e7   Thumb Code    18  stm32f10x_rcc.o(.text)
    RCC_PCLK1Config                          0x080025f9   Thumb Code    18  stm32f10x_rcc.o(.text)
    RCC_PCLK2Config                          0x0800260b   Thumb Code    20  stm32f10x_rcc.o(.text)
    RCC_ITConfig                             0x0800261f   Thumb Code    26  stm32f10x_rcc.o(.text)
    RCC_USBCLKConfig                         0x08002639   Thumb Code     8  stm32f10x_rcc.o(.text)
    RCC_ADCCLKConfig                         0x08002641   Thumb Code    18  stm32f10x_rcc.o(.text)
    RCC_LSEConfig                            0x08002653   Thumb Code    50  stm32f10x_rcc.o(.text)
    RCC_LSICmd                               0x08002685   Thumb Code     6  stm32f10x_rcc.o(.text)
    RCC_RTCCLKConfig                         0x0800268b   Thumb Code    12  stm32f10x_rcc.o(.text)
    RCC_RTCCLKCmd                            0x08002697   Thumb Code     8  stm32f10x_rcc.o(.text)
    RCC_GetClocksFreq                        0x0800269f   Thumb Code   192  stm32f10x_rcc.o(.text)
    RCC_AHBPeriphClockCmd                    0x0800275f   Thumb Code    26  stm32f10x_rcc.o(.text)
    RCC_APB2PeriphClockCmd                   0x08002779   Thumb Code    26  stm32f10x_rcc.o(.text)
    RCC_APB1PeriphClockCmd                   0x08002793   Thumb Code    26  stm32f10x_rcc.o(.text)
    RCC_APB2PeriphResetCmd                   0x080027ad   Thumb Code    26  stm32f10x_rcc.o(.text)
    RCC_APB1PeriphResetCmd                   0x080027c7   Thumb Code    26  stm32f10x_rcc.o(.text)
    RCC_BackupResetCmd                       0x080027e1   Thumb Code     8  stm32f10x_rcc.o(.text)
    RCC_ClockSecuritySystemCmd               0x080027e9   Thumb Code     6  stm32f10x_rcc.o(.text)
    RCC_MCOConfig                            0x080027ef   Thumb Code     6  stm32f10x_rcc.o(.text)
    RCC_ClearFlag                            0x080027f5   Thumb Code    14  stm32f10x_rcc.o(.text)
    RCC_GetITStatus                          0x08002803   Thumb Code    20  stm32f10x_rcc.o(.text)
    RCC_ClearITPendingBit                    0x08002817   Thumb Code     6  stm32f10x_rcc.o(.text)
    USART_DeInit                             0x08002841   Thumb Code   134  stm32f10x_usart.o(.text)
    USART_Init                               0x080028c7   Thumb Code   210  stm32f10x_usart.o(.text)
    USART_StructInit                         0x08002999   Thumb Code    24  stm32f10x_usart.o(.text)
    USART_ClockInit                          0x080029b1   Thumb Code    34  stm32f10x_usart.o(.text)
    USART_ClockStructInit                    0x080029d3   Thumb Code    12  stm32f10x_usart.o(.text)
    USART_Cmd                                0x080029df   Thumb Code    24  stm32f10x_usart.o(.text)
    USART_ITConfig                           0x080029f7   Thumb Code    74  stm32f10x_usart.o(.text)
    USART_DMACmd                             0x08002a41   Thumb Code    18  stm32f10x_usart.o(.text)
    USART_SetAddress                         0x08002a53   Thumb Code    18  stm32f10x_usart.o(.text)
    USART_WakeUpConfig                       0x08002a65   Thumb Code    18  stm32f10x_usart.o(.text)
    USART_ReceiverWakeUpCmd                  0x08002a77   Thumb Code    24  stm32f10x_usart.o(.text)
    USART_LINBreakDetectLengthConfig         0x08002a8f   Thumb Code    18  stm32f10x_usart.o(.text)
    USART_LINCmd                             0x08002aa1   Thumb Code    24  stm32f10x_usart.o(.text)
    USART_SendData                           0x08002ab9   Thumb Code     8  stm32f10x_usart.o(.text)
    USART_ReceiveData                        0x08002ac1   Thumb Code    10  stm32f10x_usart.o(.text)
    USART_SendBreak                          0x08002acb   Thumb Code    10  stm32f10x_usart.o(.text)
    USART_SetGuardTime                       0x08002ad5   Thumb Code    16  stm32f10x_usart.o(.text)
    USART_SetPrescaler                       0x08002ae5   Thumb Code    16  stm32f10x_usart.o(.text)
    USART_SmartCardCmd                       0x08002af5   Thumb Code    24  stm32f10x_usart.o(.text)
    USART_SmartCardNACKCmd                   0x08002b0d   Thumb Code    24  stm32f10x_usart.o(.text)
    USART_HalfDuplexCmd                      0x08002b25   Thumb Code    24  stm32f10x_usart.o(.text)
    USART_OverSampling8Cmd                   0x08002b3d   Thumb Code    22  stm32f10x_usart.o(.text)
    USART_OneBitMethodCmd                    0x08002b53   Thumb Code    24  stm32f10x_usart.o(.text)
    USART_IrDAConfig                         0x08002b6b   Thumb Code    18  stm32f10x_usart.o(.text)
    USART_IrDACmd                            0x08002b7d   Thumb Code    24  stm32f10x_usart.o(.text)
    USART_GetFlagStatus                      0x08002b95   Thumb Code    26  stm32f10x_usart.o(.text)
    USART_ClearFlag                          0x08002baf   Thumb Code    18  stm32f10x_usart.o(.text)
    USART_GetITStatus                        0x08002bc1   Thumb Code    84  stm32f10x_usart.o(.text)
    USART_ClearITPendingBit                  0x08002c15   Thumb Code    52  stm32f10x_usart.o(.text)
    SPI_I2S_DeInit                           0x08002c49   Thumb Code    76  stm32f10x_spi.o(.text)
    SPI_Init                                 0x08002c95   Thumb Code    60  stm32f10x_spi.o(.text)
    I2S_Init                                 0x08002cd1   Thumb Code   226  stm32f10x_spi.o(.text)
    SPI_StructInit                           0x08002db3   Thumb Code    24  stm32f10x_spi.o(.text)
    I2S_StructInit                           0x08002dcb   Thumb Code    20  stm32f10x_spi.o(.text)
    SPI_Cmd                                  0x08002ddf   Thumb Code    24  stm32f10x_spi.o(.text)
    I2S_Cmd                                  0x08002df7   Thumb Code    24  stm32f10x_spi.o(.text)
    SPI_I2S_ITConfig                         0x08002e0f   Thumb Code    32  stm32f10x_spi.o(.text)
    SPI_I2S_DMACmd                           0x08002e2f   Thumb Code    18  stm32f10x_spi.o(.text)
    SPI_I2S_SendData                         0x08002e41   Thumb Code     4  stm32f10x_spi.o(.text)
    SPI_I2S_ReceiveData                      0x08002e45   Thumb Code     6  stm32f10x_spi.o(.text)
    SPI_NSSInternalSoftwareConfig            0x08002e4b   Thumb Code    30  stm32f10x_spi.o(.text)
    SPI_SSOutputCmd                          0x08002e69   Thumb Code    24  stm32f10x_spi.o(.text)
    SPI_DataSizeConfig                       0x08002e81   Thumb Code    18  stm32f10x_spi.o(.text)
    SPI_TransmitCRC                          0x08002e93   Thumb Code    10  stm32f10x_spi.o(.text)
    SPI_CalculateCRC                         0x08002e9d   Thumb Code    24  stm32f10x_spi.o(.text)
    SPI_GetCRC                               0x08002eb5   Thumb Code    16  stm32f10x_spi.o(.text)
    SPI_GetCRCPolynomial                     0x08002ec5   Thumb Code     6  stm32f10x_spi.o(.text)
    SPI_BiDirectionalLineConfig              0x08002ecb   Thumb Code    28  stm32f10x_spi.o(.text)
    SPI_I2S_GetFlagStatus                    0x08002ee7   Thumb Code    18  stm32f10x_spi.o(.text)
    SPI_I2S_ClearFlag                        0x08002ef9   Thumb Code     6  stm32f10x_spi.o(.text)
    SPI_I2S_GetITStatus                      0x08002eff   Thumb Code    52  stm32f10x_spi.o(.text)
    SPI_I2S_ClearITPendingBit                0x08002f33   Thumb Code    20  stm32f10x_spi.o(.text)
    __use_no_semihosting                     0x08002f55   Thumb Code     2  use_no_semi_2.o(.text)
    __2printf                                0x08002f59   Thumb Code    20  noretval__2printf.o(.text)
    __printf                                 0x08002f71   Thumb Code   184  __printf_ss.o(.text)
    __use_two_region_memory                  0x08003029   Thumb Code     2  heapauxi.o(.text)
    __rt_heap_escrow$2region                 0x0800302b   Thumb Code     2  heapauxi.o(.text)
    __rt_heap_expand$2region                 0x0800302d   Thumb Code     2  heapauxi.o(.text)
    __I$use$semihosting                      0x0800302f   Thumb Code     0  use_no_semi.o(.text)
    __use_no_semihosting_swi                 0x0800302f   Thumb Code     2  use_no_semi.o(.text)
    __lib_sel_fp_printf                      0x08003031   Thumb Code     2  _printf_fp_dec.o(.text)
    _printf_fp_dec_real                      0x080031df   Thumb Code   620  _printf_fp_dec.o(.text)
    _printf_char_file                        0x0800344d   Thumb Code    32  _printf_char_file.o(.text)
    __rt_locale                              0x08003471   Thumb Code     8  rt_locale_intlibspace.o(.text)
    _ll_udiv10                               0x08003479   Thumb Code   138  lludiv10.o(.text)
    _printf_char_common                      0x0800350f   Thumb Code    32  _printf_char_common.o(.text)
    _printf_fp_infnan                        0x08003535   Thumb Code   112  _printf_fp_infnan.o(.text)
    _btod_etento                             0x080035b5   Thumb Code   216  bigflt0.o(.text)
    ferror                                   0x08003691   Thumb Code     8  ferror.o(.text)
    __user_libspace                          0x08003699   Thumb Code     8  libspace.o(.text)
    __user_perproc_libspace                  0x08003699   Thumb Code     0  libspace.o(.text)
    __user_perthread_libspace                0x08003699   Thumb Code     0  libspace.o(.text)
    __user_setup_stackheap                   0x080036a1   Thumb Code    74  sys_stackheap_outer.o(.text)
    exit                                     0x080036eb   Thumb Code    12  exit.o(.text)
    strcmp                                   0x080036f9   Thumb Code   128  strcmpv7m.o(.text)
    _btod_d2e                                0x08003779   Thumb Code    62  btod.o(CL$$btod_d2e)
    _d2e_denorm_low                          0x080037b7   Thumb Code    70  btod.o(CL$$btod_d2e_denorm_low)
    _d2e_norm_op1                            0x080037fd   Thumb Code    96  btod.o(CL$$btod_d2e_norm_op1)
    __btod_div_common                        0x0800385d   Thumb Code   696  btod.o(CL$$btod_div_common)
    _e2e                                     0x08003b95   Thumb Code   198  btod.o(CL$$btod_e2e)
    _btod_ediv                               0x08003c5b   Thumb Code    40  btod.o(CL$$btod_ediv)
    _btod_emul                               0x08003c83   Thumb Code    40  btod.o(CL$$btod_emul)
    __btod_mult_common                       0x08003cab   Thumb Code   580  btod.o(CL$$btod_mult_common)
    __ARM_fpclassify                         0x08003eef   Thumb Code    40  fpclassify.o(i.__ARM_fpclassify)
    _get_lc_numeric                          0x08003f19   Thumb Code    44  lc_numeric_c.o(locale$$code)
    __aeabi_dadd                             0x08003f45   Thumb Code     0  daddsub_clz.o(x$fpl$dadd)
    _dadd                                    0x08003f45   Thumb Code   332  daddsub_clz.o(x$fpl$dadd)
    __fpl_dcmp_Inf                           0x08004095   Thumb Code    24  dcmpi.o(x$fpl$dcmpinf)
    __aeabi_ddiv                             0x080040ad   Thumb Code     0  ddiv.o(x$fpl$ddiv)
    _ddiv                                    0x080040ad   Thumb Code   552  ddiv.o(x$fpl$ddiv)
    __aeabi_cdcmpeq                          0x0800435d   Thumb Code     0  deqf.o(x$fpl$deqf)
    _dcmpeq                                  0x0800435d   Thumb Code   120  deqf.o(x$fpl$deqf)
    __aeabi_d2uiz                            0x080043d5   Thumb Code     0  dfixu.o(x$fpl$dfixu)
    _dfixu                                   0x080043d5   Thumb Code    90  dfixu.o(x$fpl$dfixu)
    __aeabi_ui2d                             0x0800442f   Thumb Code     0  dflt_clz.o(x$fpl$dfltu)
    _dfltu                                   0x0800442f   Thumb Code    38  dflt_clz.o(x$fpl$dfltu)
    __aeabi_cdcmple                          0x08004455   Thumb Code     0  dleqf.o(x$fpl$dleqf)
    _dcmple                                  0x08004455   Thumb Code   120  dleqf.o(x$fpl$dleqf)
    __fpl_dcmple_InfNaN                      0x080044b7   Thumb Code     0  dleqf.o(x$fpl$dleqf)
    __aeabi_dmul                             0x080044cd   Thumb Code     0  dmul.o(x$fpl$dmul)
    _dmul                                    0x080044cd   Thumb Code   332  dmul.o(x$fpl$dmul)
    __fpl_dnaninf                            0x08004621   Thumb Code   156  dnaninf.o(x$fpl$dnaninf)
    __fpl_dretinf                            0x080046bd   Thumb Code    12  dretinf.o(x$fpl$dretinf)
    __aeabi_cdrcmple                         0x080046c9   Thumb Code     0  drleqf.o(x$fpl$drleqf)
    _drcmple                                 0x080046c9   Thumb Code   108  drleqf.o(x$fpl$drleqf)
    __aeabi_dsub                             0x08004735   Thumb Code     0  daddsub_clz.o(x$fpl$dsub)
    _dsub                                    0x08004735   Thumb Code   464  daddsub_clz.o(x$fpl$dsub)
    __aeabi_fadd                             0x08004909   Thumb Code     0  faddsub_clz.o(x$fpl$fadd)
    _fadd                                    0x08004909   Thumb Code   196  faddsub_clz.o(x$fpl$fadd)
    __fpl_fcmp_Inf                           0x080049cd   Thumb Code    24  fcmpi.o(x$fpl$fcmpinf)
    __aeabi_f2uiz                            0x080049e5   Thumb Code     0  ffixu.o(x$fpl$ffixu)
    _ffixu                                   0x080049e5   Thumb Code    62  ffixu.o(x$fpl$ffixu)
    __aeabi_ui2f                             0x08004a25   Thumb Code     0  fflt_clz.o(x$fpl$ffltu)
    _ffltu                                   0x08004a25   Thumb Code    38  fflt_clz.o(x$fpl$ffltu)
    __aeabi_cfcmple                          0x08004a4d   Thumb Code     0  fleqf.o(x$fpl$fleqf)
    _fcmple                                  0x08004a4d   Thumb Code   104  fleqf.o(x$fpl$fleqf)
    __fpl_fcmple_InfNaN                      0x08004a9f   Thumb Code     0  fleqf.o(x$fpl$fleqf)
    __aeabi_fmul                             0x08004ab5   Thumb Code     0  fmul.o(x$fpl$fmul)
    _fmul                                    0x08004ab5   Thumb Code   258  fmul.o(x$fpl$fmul)
    __fpl_fnaninf                            0x08004bb7   Thumb Code   140  fnaninf.o(x$fpl$fnaninf)
    __fpl_fretinf                            0x08004c43   Thumb Code    10  fretinf.o(x$fpl$fretinf)
    __aeabi_fsub                             0x08004c4d   Thumb Code     0  faddsub_clz.o(x$fpl$fsub)
    _fsub                                    0x08004c4d   Thumb Code   234  faddsub_clz.o(x$fpl$fsub)
    _printf_fp_dec                           0x08004d37   Thumb Code     4  printf1.o(x$fpl$printf1)
    F6x8                                     0x08004d3a   Data         552  oled.o(.constdata)
    __I$use$fp                               0x08004d3a   Number         0  usenofp.o(x$fpl$usenofp)
    F8X16                                    0x08004f62   Data        1520  oled.o(.constdata)
    Region$$Table$$Base                      0x080055e8   Number         0  anon$$obj.o(Region$$Table)
    Region$$Table$$Limit                     0x08005608   Number         0  anon$$obj.o(Region$$Table)
    electric_num                             0x20000000   Data           1  main.o(.data)
    electric_middle_num                      0x20000008   Data           8  main.o(.data)
    electric_app_store0                      0x20000010   Data           8  main.o(.data)
    electric_app_store1                      0x20000018   Data           8  main.o(.data)
    electric_app_store2                      0x20000020   Data           8  main.o(.data)
    electric_app_store3                      0x20000028   Data           8  main.o(.data)
    electric_app_store4                      0x20000030   Data           8  main.o(.data)
    electric_app_store5                      0x20000038   Data           8  main.o(.data)
    electric_app_store6                      0x20000040   Data           8  main.o(.data)
    electric_app_store7                      0x20000048   Data           8  main.o(.data)
    medleng                                  0x20000050   Data           1  main.o(.data)
    system_mode                              0x20000051   Data           1  main.o(.data)
    learn_electric                           0x20000052   Data           1  main.o(.data)
    learn_flag                               0x20000053   Data           1  main.o(.data)
    learn_finish                             0x20000054   Data           1  main.o(.data)
    judge_result                             0x20000055   Data           1  main.o(.data)
    ADS_OUTPUT                               0x20000058   Data           8  main.o(.data)
    SystemCoreClock                          0x20000060   Data           4  system_stm32f10x.o(.data)
    AHBPrescTable                            0x20000064   Data          16  system_stm32f10x.o(.data)
    results1                                 0x20000078   Data           1  ads1256.o(.data)
    results2                                 0x20000079   Data           1  ads1256.o(.data)
    results3                                 0x2000007a   Data           1  ads1256.o(.data)
    i                                        0x2000007b   Data           1  ads1256.o(.data)
    ulResult                                 0x2000007c   Data           4  ads1256.o(.data)
    ldVolutage                               0x20000080   Data           8  ads1256.o(.data)
    My6x8                                    0x20000088   Data           6  oled.o(.data)
    F16x16                                   0x2000008e   Data        1312  oled.o(.data)
    __stdout                                 0x200005b4   Data           4  usart.o(.data)
    USART_RX_STA                             0x200005b8   Data           2  usart.o(.data)
    electric_app0                            0x200005d0   Data         400  main.o(.bss)
    electric_app1                            0x20000760   Data         400  main.o(.bss)
    electric_app2                            0x200008f0   Data         400  main.o(.bss)
    electric_app3                            0x20000a80   Data         400  main.o(.bss)
    electric_app4                            0x20000c10   Data         400  main.o(.bss)
    electric_app5                            0x20000da0   Data         400  main.o(.bss)
    electric_app6                            0x20000f30   Data         400  main.o(.bss)
    electric_app7                            0x200010c0   Data         400  main.o(.bss)
    electric_buf                             0x20001250   Data          64  main.o(.bss)
    judge_mid_buf                            0x20001290   Data          64  main.o(.bss)
    AD_buffer                                0x200012d0   Data          20  main.o(.bss)
    ADS_receive                              0x200012e8   Data          40  main.o(.bss)
    My8x16                                   0x20001310   Data          16  oled.o(.bss)
    USART_RX_BUF                             0x20001320   Data         200  usart.o(.bss)
    __libspace_start                         0x200013e8   Data          96  libspace.o(.bss)
    __temporary_stack_top$libspace           0x20001448   Data           0  libspace.o(.bss)



==============================================================================

Memory Map of the image

  Image Entry point : 0x08000131

  Load Region LR_IROM1 (Base: 0x08000000, Size: 0x00005bf4, Max: 0x00080000, ABSOLUTE, COMPRESSED[0x00005a20])

    Execution Region ER_IROM1 (Base: 0x08000000, Size: 0x00005624, Max: 0x00080000, ABSOLUTE)

    Base Addr    Size         Type   Attr      Idx    E Section Name        Object

    0x08000000   0x00000130   Data   RO          367    RESET               startup_stm32f10x_hd.o
    0x08000130   0x00000008   Code   RO          514  * !!!main             c_w.l(__main.o)
    0x08000138   0x00000034   Code   RO          791    !!!scatter          c_w.l(__scatter.o)
    0x0800016c   0x0000005a   Code   RO          789    !!dczerorl2         c_w.l(__dczerorl2.o)
    0x080001c6   0x00000002   PAD
    0x080001c8   0x0000001c   Code   RO          793    !!handler_zi        c_w.l(__scatter_zi.o)
    0x080001e4   0x00000000   Code   RO          511    .ARM.Collect$$_printf_percent$$00000000  c_w.l(_printf_percent.o)
    0x080001e4   0x00000006   Code   RO          510    .ARM.Collect$$_printf_percent$$00000003  c_w.l(_printf_f.o)
    0x080001ea   0x00000004   Code   RO          575    .ARM.Collect$$_printf_percent$$00000017  c_w.l(_printf_percent_end.o)
    0x080001ee   0x00000002   Code   RO          667    .ARM.Collect$$libinit$$00000000  c_w.l(libinit.o)
    0x080001f0   0x00000000   Code   RO          669    .ARM.Collect$$libinit$$00000002  c_w.l(libinit2.o)
    0x080001f0   0x00000000   Code   RO          671    .ARM.Collect$$libinit$$00000004  c_w.l(libinit2.o)
    0x080001f0   0x00000000   Code   RO          674    .ARM.Collect$$libinit$$0000000A  c_w.l(libinit2.o)
    0x080001f0   0x00000000   Code   RO          676    .ARM.Collect$$libinit$$0000000C  c_w.l(libinit2.o)
    0x080001f0   0x00000000   Code   RO          678    .ARM.Collect$$libinit$$0000000E  c_w.l(libinit2.o)
    0x080001f0   0x00000006   Code   RO          679    .ARM.Collect$$libinit$$0000000F  c_w.l(libinit2.o)
    0x080001f6   0x00000000   Code   RO          681    .ARM.Collect$$libinit$$00000011  c_w.l(libinit2.o)
    0x080001f6   0x00000000   Code   RO          683    .ARM.Collect$$libinit$$00000013  c_w.l(libinit2.o)
    0x080001f6   0x00000000   Code   RO          685    .ARM.Collect$$libinit$$00000015  c_w.l(libinit2.o)
    0x080001f6   0x0000000a   Code   RO          686    .ARM.Collect$$libinit$$00000016  c_w.l(libinit2.o)
    0x08000200   0x00000000   Code   RO          687    .ARM.Collect$$libinit$$00000017  c_w.l(libinit2.o)
    0x08000200   0x00000000   Code   RO          689    .ARM.Collect$$libinit$$00000019  c_w.l(libinit2.o)
    0x08000200   0x00000000   Code   RO          691    .ARM.Collect$$libinit$$0000001B  c_w.l(libinit2.o)
    0x08000200   0x00000000   Code   RO          693    .ARM.Collect$$libinit$$0000001D  c_w.l(libinit2.o)
    0x08000200   0x00000000   Code   RO          695    .ARM.Collect$$libinit$$0000001F  c_w.l(libinit2.o)
    0x08000200   0x00000000   Code   RO          697    .ARM.Collect$$libinit$$00000021  c_w.l(libinit2.o)
    0x08000200   0x00000000   Code   RO          699    .ARM.Collect$$libinit$$00000023  c_w.l(libinit2.o)
    0x08000200   0x00000000   Code   RO          701    .ARM.Collect$$libinit$$00000025  c_w.l(libinit2.o)
    0x08000200   0x00000000   Code   RO          705    .ARM.Collect$$libinit$$0000002C  c_w.l(libinit2.o)
    0x08000200   0x00000000   Code   RO          707    .ARM.Collect$$libinit$$0000002E  c_w.l(libinit2.o)
    0x08000200   0x00000000   Code   RO          709    .ARM.Collect$$libinit$$00000030  c_w.l(libinit2.o)
    0x08000200   0x00000000   Code   RO          711    .ARM.Collect$$libinit$$00000032  c_w.l(libinit2.o)
    0x08000200   0x00000002   Code   RO          712    .ARM.Collect$$libinit$$00000033  c_w.l(libinit2.o)
    0x08000202   0x00000002   Code   RO          740    .ARM.Collect$$libshutdown$$00000000  c_w.l(libshutdown.o)
    0x08000204   0x00000000   Code   RO          750    .ARM.Collect$$libshutdown$$00000003  c_w.l(libshutdown2.o)
    0x08000204   0x00000000   Code   RO          753    .ARM.Collect$$libshutdown$$00000006  c_w.l(libshutdown2.o)
    0x08000204   0x00000000   Code   RO          756    .ARM.Collect$$libshutdown$$00000009  c_w.l(libshutdown2.o)
    0x08000204   0x00000000   Code   RO          758    .ARM.Collect$$libshutdown$$0000000B  c_w.l(libshutdown2.o)
    0x08000204   0x00000000   Code   RO          761    .ARM.Collect$$libshutdown$$0000000E  c_w.l(libshutdown2.o)
    0x08000204   0x00000002   Code   RO          762    .ARM.Collect$$libshutdown$$0000000F  c_w.l(libshutdown2.o)
    0x08000206   0x00000000   Code   RO          568    .ARM.Collect$$rtentry$$00000000  c_w.l(__rtentry.o)
    0x08000206   0x00000000   Code   RO          590    .ARM.Collect$$rtentry$$00000002  c_w.l(__rtentry2.o)
    0x08000206   0x00000006   Code   RO          602    .ARM.Collect$$rtentry$$00000004  c_w.l(__rtentry4.o)
    0x0800020c   0x00000000   Code   RO          592    .ARM.Collect$$rtentry$$00000009  c_w.l(__rtentry2.o)
    0x0800020c   0x00000004   Code   RO          593    .ARM.Collect$$rtentry$$0000000A  c_w.l(__rtentry2.o)
    0x08000210   0x00000000   Code   RO          595    .ARM.Collect$$rtentry$$0000000C  c_w.l(__rtentry2.o)
    0x08000210   0x00000008   Code   RO          596    .ARM.Collect$$rtentry$$0000000D  c_w.l(__rtentry2.o)
    0x08000218   0x00000002   Code   RO          713    .ARM.Collect$$rtexit$$00000000  c_w.l(rtexit.o)
    0x0800021a   0x00000000   Code   RO          720    .ARM.Collect$$rtexit$$00000002  c_w.l(rtexit2.o)
    0x0800021a   0x00000004   Code   RO          721    .ARM.Collect$$rtexit$$00000003  c_w.l(rtexit2.o)
    0x0800021e   0x00000006   Code   RO          722    .ARM.Collect$$rtexit$$00000004  c_w.l(rtexit2.o)
    0x08000224   0x00000e78   Code   RO            1    .text               main.o
    0x0800109c   0x0000001a   Code   RO          142    .text               stm32f10x_it.o
    0x080010b6   0x00000002   PAD
    0x080010b8   0x000001e0   Code   RO          183    .text               system_stm32f10x.o
    0x08001298   0x0000004c   Code   RO          201    .text               led.o
    0x080012e4   0x00000120   Code   RO          213    .text               key.o
    0x08001404   0x00000340   Code   RO          261    .text               ads1256.o
    0x08001744   0x000006cc   Code   RO          283    .text               oled.o
    0x08001e10   0x000000d4   Code   RO          301    .text               delay.o
    0x08001ee4   0x00000140   Code   RO          332    .text               usart.o
    0x08002024   0x00000040   Code   RO          368    .text               startup_stm32f10x_hd.o
    0x08002064   0x000000dc   Code   RO          372    .text               misc.o
    0x08002140   0x0000035c   Code   RO          408    .text               stm32f10x_gpio.o
    0x0800249c   0x000003a4   Code   RO          420    .text               stm32f10x_rcc.o
    0x08002840   0x00000408   Code   RO          434    .text               stm32f10x_usart.o
    0x08002c48   0x0000030c   Code   RO          446    .text               stm32f10x_spi.o
    0x08002f54   0x00000002   Code   RO          460    .text               c_w.l(use_no_semi_2.o)
    0x08002f56   0x00000002   PAD
    0x08002f58   0x00000018   Code   RO          464    .text               c_w.l(noretval__2printf.o)
    0x08002f70   0x000000b8   Code   RO          492    .text               c_w.l(__printf_ss.o)
    0x08003028   0x00000006   Code   RO          512    .text               c_w.l(heapauxi.o)
    0x0800302e   0x00000002   Code   RO          566    .text               c_w.l(use_no_semi.o)
    0x08003030   0x0000041a   Code   RO          571    .text               c_w.l(_printf_fp_dec.o)
    0x0800344a   0x00000002   PAD
    0x0800344c   0x00000024   Code   RO          573    .text               c_w.l(_printf_char_file.o)
    0x08003470   0x00000008   Code   RO          607    .text               c_w.l(rt_locale_intlibspace.o)
    0x08003478   0x0000008a   Code   RO          609    .text               c_w.l(lludiv10.o)
    0x08003502   0x00000002   PAD
    0x08003504   0x00000030   Code   RO          611    .text               c_w.l(_printf_char_common.o)
    0x08003534   0x00000080   Code   RO          613    .text               c_w.l(_printf_fp_infnan.o)
    0x080035b4   0x000000dc   Code   RO          615    .text               c_w.l(bigflt0.o)
    0x08003690   0x00000008   Code   RO          640    .text               c_w.l(ferror.o)
    0x08003698   0x00000008   Code   RO          651    .text               c_w.l(libspace.o)
    0x080036a0   0x0000004a   Code   RO          654    .text               c_w.l(sys_stackheap_outer.o)
    0x080036ea   0x0000000c   Code   RO          658    .text               c_w.l(exit.o)
    0x080036f6   0x00000002   PAD
    0x080036f8   0x00000080   Code   RO          660    .text               c_w.l(strcmpv7m.o)
    0x08003778   0x0000003e   Code   RO          618    CL$$btod_d2e        c_w.l(btod.o)
    0x080037b6   0x00000046   Code   RO          620    CL$$btod_d2e_denorm_low  c_w.l(btod.o)
    0x080037fc   0x00000060   Code   RO          619    CL$$btod_d2e_norm_op1  c_w.l(btod.o)
    0x0800385c   0x00000338   Code   RO          628    CL$$btod_div_common  c_w.l(btod.o)
    0x08003b94   0x000000c6   Code   RO          625    CL$$btod_e2e        c_w.l(btod.o)
    0x08003c5a   0x00000028   Code   RO          622    CL$$btod_ediv       c_w.l(btod.o)
    0x08003c82   0x00000028   Code   RO          621    CL$$btod_emul       c_w.l(btod.o)
    0x08003caa   0x00000244   Code   RO          627    CL$$btod_mult_common  c_w.l(btod.o)
    0x08003eee   0x00000028   Code   RO          649    i.__ARM_fpclassify  m_ws.l(fpclassify.o)
    0x08003f16   0x00000002   PAD
    0x08003f18   0x0000002c   Code   RO          645    locale$$code        c_w.l(lc_numeric_c.o)
    0x08003f44   0x00000150   Code   RO          516    x$fpl$dadd          fz_ws.l(daddsub_clz.o)
    0x08004094   0x00000018   Code   RO          576    x$fpl$dcmpinf       fz_ws.l(dcmpi.o)
    0x080040ac   0x000002b0   Code   RO          523    x$fpl$ddiv          fz_ws.l(ddiv.o)
    0x0800435c   0x00000078   Code   RO          526    x$fpl$deqf          fz_ws.l(deqf.o)
    0x080043d4   0x0000005a   Code   RO          528    x$fpl$dfixu         fz_ws.l(dfixu.o)
    0x0800442e   0x00000026   Code   RO          532    x$fpl$dfltu         fz_ws.l(dflt_clz.o)
    0x08004454   0x00000078   Code   RO          538    x$fpl$dleqf         fz_ws.l(dleqf.o)
    0x080044cc   0x00000154   Code   RO          540    x$fpl$dmul          fz_ws.l(dmul.o)
    0x08004620   0x0000009c   Code   RO          578    x$fpl$dnaninf       fz_ws.l(dnaninf.o)
    0x080046bc   0x0000000c   Code   RO          580    x$fpl$dretinf       fz_ws.l(dretinf.o)
    0x080046c8   0x0000006c   Code   RO          542    x$fpl$drleqf        fz_ws.l(drleqf.o)
    0x08004734   0x000001d4   Code   RO          518    x$fpl$dsub          fz_ws.l(daddsub_clz.o)
    0x08004908   0x000000c4   Code   RO          544    x$fpl$fadd          fz_ws.l(faddsub_clz.o)
    0x080049cc   0x00000018   Code   RO          582    x$fpl$fcmpinf       fz_ws.l(fcmpi.o)
    0x080049e4   0x0000003e   Code   RO          550    x$fpl$ffixu         fz_ws.l(ffixu.o)
    0x08004a22   0x00000002   PAD
    0x08004a24   0x00000026   Code   RO          554    x$fpl$ffltu         fz_ws.l(fflt_clz.o)
    0x08004a4a   0x00000002   PAD
    0x08004a4c   0x00000068   Code   RO          560    x$fpl$fleqf         fz_ws.l(fleqf.o)
    0x08004ab4   0x00000102   Code   RO          562    x$fpl$fmul          fz_ws.l(fmul.o)
    0x08004bb6   0x0000008c   Code   RO          584    x$fpl$fnaninf       fz_ws.l(fnaninf.o)
    0x08004c42   0x0000000a   Code   RO          586    x$fpl$fretinf       fz_ws.l(fretinf.o)
    0x08004c4c   0x000000ea   Code   RO          546    x$fpl$fsub          fz_ws.l(faddsub_clz.o)
    0x08004d36   0x00000004   Code   RO          564    x$fpl$printf1       fz_ws.l(printf1.o)
    0x08004d3a   0x00000000   Code   RO          588    x$fpl$usenofp       fz_ws.l(usenofp.o)
    0x08004d3a   0x00000818   Data   RO          285    .constdata          oled.o
    0x08005552   0x00000002   PAD
    0x08005554   0x00000094   Data   RO          616    .constdata          c_w.l(bigflt0.o)
    0x080055e8   0x00000020   Data   RO          787    Region$$Table       anon$$obj.o
    0x08005608   0x0000001c   Data   RO          644    locale$$data        c_w.l(lc_numeric_c.o)


    Execution Region RW_IRAM1 (Base: 0x20000000, Size: 0x00001a48, Max: 0x00010000, ABSOLUTE, COMPRESSED[0x000003fc])

    Base Addr    Size         Type   Attr      Idx    E Section Name        Object

    0x20000000   0x00000060   Data   RW            3    .data               main.o
    0x20000060   0x00000014   Data   RW          184    .data               system_stm32f10x.o
    0x20000074   0x00000001   Data   RW          214    .data               key.o
    0x20000075   0x00000003   PAD
    0x20000078   0x00000010   Data   RW          262    .data               ads1256.o
    0x20000088   0x00000526   Data   RW          286    .data               oled.o
    0x200005ae   0x00000004   Data   RW          302    .data               delay.o
    0x200005b2   0x00000002   PAD
    0x200005b4   0x00000006   Data   RW          334    .data               usart.o
    0x200005ba   0x00000014   Data   RW          421    .data               stm32f10x_rcc.o
    0x200005ce   0x00000002   PAD
    0x200005d0   0x00000d40   Zero   RW            2    .bss                main.o
    0x20001310   0x00000010   Zero   RW          284    .bss                oled.o
    0x20001320   0x000000c8   Zero   RW          333    .bss                usart.o
    0x200013e8   0x00000060   Zero   RW          652    .bss                c_w.l(libspace.o)
    0x20001448   0x00000200   Zero   RW          366    HEAP                startup_stm32f10x_hd.o
    0x20001648   0x00000400   Zero   RW          365    STACK               startup_stm32f10x_hd.o


==============================================================================

Image component sizes


      Code (inc. data)   RO Data    RW Data    ZI Data      Debug   Object Name

       832         24          0         16          0       2947   ads1256.o
       212         18          0          4          0       1031   delay.o
       288         12          0          1          0        856   key.o
        76          8          0          0          0        499   led.o
      3704        740          0         96       3392     244327   main.o
       220         22          0          0          0       1809   misc.o
      1740         38       2072       1318         16       5936   oled.o
        64         26        304          0       1536        796   startup_stm32f10x_hd.o
       860         38          0          0          0       5653   stm32f10x_gpio.o
        26          0          0          0          0       1182   stm32f10x_it.o
       932         36          0         20          0       8824   stm32f10x_rcc.o
       780         14          0          0          0       6534   stm32f10x_spi.o
      1032         22          0          0          0       8376   stm32f10x_usart.o
         0          0          0          0          0         32   sys.o
       480         38          0         20          0       1751   system_stm32f10x.o
       320         16          0          6        200       3162   usart.o

    ----------------------------------------------------------------------
     11568       1052       2410       1488       5144     293715   Object Totals
         0          0         32          0          0          0   (incl. Generated)
         2          0          2          7          0          0   (incl. Padding)

    ----------------------------------------------------------------------

      Code (inc. data)   RO Data    RW Data    ZI Data      Debug   Library Member Name

        90          0          0          0          0          0   __dczerorl2.o
         8          0          0          0          0         68   __main.o
       184          0          0          0          0         84   __printf_ss.o
         0          0          0          0          0          0   __rtentry.o
        12          0          0          0          0          0   __rtentry2.o
         6          0          0          0          0          0   __rtentry4.o
        52          8          0          0          0          0   __scatter.o
        28          0          0          0          0          0   __scatter_zi.o
        48          6          0          0          0         96   _printf_char_common.o
        36          4          0          0          0         80   _printf_char_file.o
         6          0          0          0          0          0   _printf_f.o
      1050          0          0          0          0        216   _printf_fp_dec.o
       128         16          0          0          0         84   _printf_fp_infnan.o
         0          0          0          0          0          0   _printf_percent.o
         4          0          0          0          0          0   _printf_percent_end.o
       220          4        148          0          0         96   bigflt0.o
      1910        128          0          0          0        672   btod.o
        12          0          0          0          0         72   exit.o
         8          0          0          0          0         68   ferror.o
         6          0          0          0          0        152   heapauxi.o
        44         10         28          0          0         76   lc_numeric_c.o
         2          0          0          0          0          0   libinit.o
        18          0          0          0          0          0   libinit2.o
         2          0          0          0          0          0   libshutdown.o
         2          0          0          0          0          0   libshutdown2.o
         8          4          0          0         96         68   libspace.o
       138          0          0          0          0         80   lludiv10.o
        24          4          0          0          0         84   noretval__2printf.o
         8          4          0          0          0         68   rt_locale_intlibspace.o
         2          0          0          0          0          0   rtexit.o
        10          0          0          0          0          0   rtexit2.o
       128          0          0          0          0         68   strcmpv7m.o
        74          0          0          0          0         80   sys_stackheap_outer.o
         2          0          0          0          0         68   use_no_semi.o
         2          0          0          0          0         68   use_no_semi_2.o
       804         16          0          0          0        272   daddsub_clz.o
        24          0          0          0          0         68   dcmpi.o
       688        140          0          0          0        208   ddiv.o
       120          4          0          0          0         92   deqf.o
        90          4          0          0          0         92   dfixu.o
        38          0          0          0          0         68   dflt_clz.o
       120          4          0          0          0         92   dleqf.o
       340         12          0          0          0        104   dmul.o
       156          4          0          0          0         92   dnaninf.o
        12          0          0          0          0         68   dretinf.o
       108          0          0          0          0         80   drleqf.o
       430          8          0          0          0        168   faddsub_clz.o
        24          0          0          0          0         68   fcmpi.o
        62          4          0          0          0         84   ffixu.o
        38          0          0          0          0         68   fflt_clz.o
       104          4          0          0          0         84   fleqf.o
       258          4          0          0          0         84   fmul.o
       140          4          0          0          0         84   fnaninf.o
        10          0          0          0          0         68   fretinf.o
         4          0          0          0          0         68   printf1.o
         0          0          0          0          0          0   usenofp.o
        40          0          0          0          0         68   fpclassify.o

    ----------------------------------------------------------------------
      7898        396        176          0         96       4428   Library Totals
        16          0          0          0          0          0   (incl. Padding)

    ----------------------------------------------------------------------

      Code (inc. data)   RO Data    RW Data    ZI Data      Debug   Library Name

      4272        188        176          0         96       2348   c_w.l
      3570        208          0          0          0       2012   fz_ws.l
        40          0          0          0          0         68   m_ws.l

    ----------------------------------------------------------------------
      7898        396        176          0         96       4428   Library Totals

    ----------------------------------------------------------------------

==============================================================================


      Code (inc. data)   RO Data    RW Data    ZI Data      Debug   

     19466       1448       2586       1488       5240     294655   Grand Totals
     19466       1448       2586       1020       5240     294655   ELF Image Totals (compressed)
     19466       1448       2586       1020          0          0   ROM Totals

==============================================================================

    Total RO  Size (Code + RO Data)                22052 (  21.54kB)
    Total RW  Size (RW Data + ZI Data)              6728 (   6.57kB)
    Total ROM Size (Code + RO Data + RW Data)      23072 (  22.53kB)

==============================================================================

